
######################oOOOo###########oOOOo##########################
#  HqFpga(TM) Release V2.14.4 (Winter 2023) Build 021824
#  [网表报告]
#####################################################################
日期 : Fri Aug 23 23:56:25 2024

Library U_ARCH
+-----------+------+
| Cell 名称 | 数量 |
+-----------+------+
| PIO       |   98 |
| IOLOGIC   |   68 |
| PLL_25K   |    1 |
| CM3       |    1 |
| SLICEL    |  453 |
| TIEOFF    |  107 |
+-----------+------+
| Sum       |  728 |
+-----------+------+

Library work
+-----------+------+
| Cell 名称 | 数量 |
+-----------+------+
| top       |    1 |
+-----------+------+
| Sum       |    1 |
+-----------+------+

** Routing resource usage summary **
===========================================
Wire Type      Number    Total       Ratio     
-------------------------------------------
X1V            1923      44212        4.3%
X2V            925       25264        3.7%
X6V            501       25264        2.0%
X1H            1838      50528        3.6%
X2H            2264      75792        3.0%
X6H            734       50528        1.5%
LH             78        6316         1.2%
LV             294       6316         4.7%
LB             446       6316         7.1%
===========================================
