
######################oOOOo###########oOOOo##########################
#  HqFpga(TM) Release V2.14.4 (Winter 2023) Build 021824
#  [网表报告]
#####################################################################
日期 : Fri Aug  2 16:25:23 2024

Library U_ARCH
+-----------+------+
| Cell 名称 | 数量 |
+-----------+------+
| PIO       |   98 |
| IOLOGIC   |   66 |
| PLL_25K   |    1 |
| CM3       |    1 |
| SLICEL    |  352 |
+-----------+------+
| Sum       |  518 |
+-----------+------+

Library work
+-----------+------+
| Cell 名称 | 数量 |
+-----------+------+
| top       |    1 |
+-----------+------+
| Sum       |    1 |
+-----------+------+

##########oOOOo###########oOOOo##############
#  HqFpga(TM) Release V2.14.4 (Winter 2023) Build 021824
#  [资源利用率报告]
#############################################
日期 : Fri Aug  2 16:25:23 2024
器件 : SA5Z-30-D1-8U213C

** 资源利用情况  ** 
+----------+--------------+----------+---------------+
| 资源类型 | 资源使用数目 | 资源总数 | 资源占用率(%) |
+----------+--------------+----------+---------------+
| PIO      |           98 |      175 |          56 % |
| SLICE    |          352 |     5104 |           6 % |
| IOLOGIC  |           66 |      175 |          37 % |
| PLL      |            1 |        2 |          50 % |
+----------+--------------+----------+---------------+
