
######################oOOOo###########oOOOo##########################
#  HqFpga(TM) Release V2.14.4 (Winter 2023) Build 021824
#  [网表报告]
#####################################################################
日期 : Fri Aug  2 16:25:33 2024

Library U_ARCH
+-----------+------+
| Cell 名称 | 数量 |
+-----------+------+
| PIO       |   98 |
| IOLOGIC   |   66 |
| PLL_25K   |    1 |
| CM3       |    1 |
| SLICEL    |  352 |
| TIEOFF    |  107 |
+-----------+------+
| Sum       |  625 |
+-----------+------+

Library work
+-----------+------+
| Cell 名称 | 数量 |
+-----------+------+
| top       |    1 |
+-----------+------+
| Sum       |    1 |
+-----------+------+

** Routing resource usage summary **
===========================================
Wire Type      Number    Total       Ratio     
-------------------------------------------
X1V            1507      44212        3.4%
X2V            960       25264        3.8%
X6V            736       25264        2.9%
X1H            1491      50528        3.0%
X2H            2027      75792        2.7%
X6H            989       50528        2.0%
LH             161       6316         2.5%
LV             420       6316         6.6%
LB             611       6316         9.7%
===========================================
