
######################oOOOo###########oOOOo##########################
#  HqFpga(TM) Release V2.14.4 (Winter 2023) Build 021824
#  [网表报告]
#####################################################################
日期 : Fri Aug 23 22:43:56 2024

Library U_SYN
+----------------+------+
| Cell 名称      | 数量 |
+----------------+------+
| xsIOBB         |   53 |
| xsCM3          |    1 |
| xsPLLSA        |    1 |
| xsXORCY        |  117 |
| xsMUXCY        |  173 |
| xsMUXF7        |   71 |
| xsLROM32X1     |    8 |
| xsMUXF8        |   16 |
| xsLUTSA4       |  150 |
| xsLUTSA3       |  167 |
| xsIOBI         |    4 |
| xsIOBO         |   41 |
| xsDFFSA_K1     |    3 |
| xsDFFSA_K1C1E1 |  640 |
| xsDFFSA_K1P1E1 |   50 |
| xsDFFSA_K1C1   |  149 |
| xsDFFSA_K1P1   |   11 |
| xsDFFSA_K1R1E1 |   64 |
| xsDFFSA_K1R1   |    2 |
| xsLUTSA6       |  292 |
| xsLUTSA2       |   65 |
| xsLUTSA5       |  108 |
| xsINVSA        |   43 |
+----------------+------+
| Sum            | 2229 |
+----------------+------+

Library work
+-----------+------+
| Cell 名称 | 数量 |
+-----------+------+
| top       |    1 |
+-----------+------+
| Sum       |    1 |
+-----------+------+

##########oOOOo###########oOOOo##############
#  HqFpga(TM) Release V2.14.4 (Winter 2023) Build 021824
#  [资源利用率报告]
#############################################
日期 : Fri Aug 23 22:43:56 2024
器件 : SA5Z-30-D1-8U213C

** 资源利用情况  ** 
+---------------+--------------+----------+---------------+
| 资源类型      | 资源使用数目 | 资源总数 | 资源占用率(%) |
+---------------+--------------+----------+---------------+
| 输入输出块    |           98 |      175 |          56 % |
| 查找表        |          790 |    20416 |           3 % |
| 触发器/锁存器 |          919 |    40832 |           2 % |
| PLL           |            1 |        2 |          50 % |
+---------------+--------------+----------+---------------+
