
######################oOOOo###########oOOOo##########################
#  HqFpga(TM) Release V2.14.4 (Winter 2023) Build 021824
#  [网表报告]
#####################################################################
日期 : Fri Aug 23 22:44:07 2024

Library U_ARCH
+-----------+------+
| Cell 名称 | 数量 |
+-----------+------+
| PIO       |   98 |
| IOLOGIC   |   68 |
| PLL_25K   |    1 |
| CM3       |    1 |
| SLICEL    |  447 |
+-----------+------+
| Sum       |  615 |
+-----------+------+

Library work
+-----------+------+
| Cell 名称 | 数量 |
+-----------+------+
| top       |    1 |
+-----------+------+
| Sum       |    1 |
+-----------+------+

######################oOOOo###########oOOOo##########################
#  HqFpga(TM) Release V2.14.4 (Winter 2023) Build 021824
#  [资源位置分配报告]
#####################################################################
日期 : Fri Aug 23 22:44:07 2024
器件 : SA5Z-30-D1-8U213C

** Bank Voltage Available **
+------+-------+
| Bank | VCCIO |
+------+-------+
| 0    |  2.5  |
| 1    |  3.3  |
| 2    |  3.3  |
| 3    |  3.3  |
| 5    |  2.5  |
+------+-------+
** IO端口位置 **
+---------------+--------+------------+------------+------+-------+-------+----------+----------+
| 端口名        |  方向  |    位置    |   IO标准   | Bank | VCCIO | DRIVE | SLEWRATE | PULLMODE |
+---------------+--------+------------+------------+------+-------+-------+----------+----------+
| clk_27M       | INPUT  | -NOT USED- | -NOT USED- |      |       |       |          |          |
| clk_25M       | INPUT  |    H13     |  LVCMOS33  |  2   |  3.3  |       |          |   DOWN   |
| clk_p3        | INPUT  | -NOT USED- | -NOT USED- |      |       |       |          |          |
| clk_p4        | INPUT  | -NOT USED- | -NOT USED- |      |       |       |          |          |
| clk_p5        | INPUT  | -NOT USED- | -NOT USED- |      |       |       |          |          |
| SWCLK         | INPUT  |     H1     |  LVCMOS33  |  1   |  3.3  |       |          |   DOWN   |
| key_pin[2]    | INPUT  |     F5     |  LVCMOS33  |  1   |  3.3  |   8   |   SLOW   |   DOWN   |
| key_pin[1]    | INPUT  |     E5     |  LVCMOS33  |  1   |  3.3  |   8   |   SLOW   |   DOWN   |
| key_pin[0]    | INPUT  |     D5     |  LVCMOS33  |  1   |  3.3  |       |          |   DOWN   |
| uart_ch340_rx | INPUT  |    C15     |  LVCMOS33  |  2   |  3.3  |       |   FAST   |          |
| w5500_rstn    | INPUT  | -NOT USED- | -NOT USED- |      |       |       |          |          |
| w5500_intn    | INPUT  | -NOT USED- | -NOT USED- |      |       |       |          |          |
| w5500_miso    | INPUT  | -NOT USED- | -NOT USED- |      |       |       |          |          |
| led_core      | OUTPUT |     B6     |  LVCMOS33  |  1   |  3.3  |   8   |   SLOW   |          |
| SRAM_ADDR[18] | OUTPUT |     R5     |  LVCMOS33  |  3   |  3.3  |   8   |   FAST   |          |
| SRAM_ADDR[17] | OUTPUT |    P15     |  LVCMOS33  |  3   |  3.3  |   8   |   FAST   |          |
| SRAM_ADDR[16] | OUTPUT |    R15     |  LVCMOS33  |  3   |  3.3  |   8   |   FAST   |          |
| SRAM_ADDR[15] | OUTPUT |    P14     |  LVCMOS33  |  3   |  3.3  |   8   |   FAST   |          |
| SRAM_ADDR[14] | OUTPUT |     P4     |  LVCMOS33  |  3   |  3.3  |   8   |   FAST   |          |
| SRAM_ADDR[13] | OUTPUT |     R4     |  LVCMOS33  |  3   |  3.3  |   8   |   FAST   |          |
| SRAM_ADDR[12] | OUTPUT |     P3     |  LVCMOS33  |  3   |  3.3  |   8   |   FAST   |          |
| SRAM_ADDR[11] | OUTPUT |     R3     |  LVCMOS33  |  3   |  3.3  |   8   |   FAST   |          |
| SRAM_ADDR[10] | OUTPUT |     R2     |  LVCMOS33  |  3   |  3.3  |   8   |   FAST   |          |
| SRAM_ADDR[9]  | OUTPUT |     M3     |  LVCMOS33  |  3   |  3.3  |   8   |   FAST   |          |
| SRAM_ADDR[8]  | OUTPUT |     N3     |  LVCMOS33  |  3   |  3.3  |   8   |   FAST   |          |
| SRAM_ADDR[7]  | OUTPUT |     L5     |  LVCMOS33  |  3   |  3.3  |   8   |   FAST   |          |
| SRAM_ADDR[6]  | OUTPUT |     M4     |  LVCMOS33  |  3   |  3.3  |   8   |   FAST   |          |
| SRAM_ADDR[5]  | OUTPUT |     N5     |  LVCMOS33  |  3   |  3.3  |   8   |   FAST   |          |
| SRAM_ADDR[4]  | OUTPUT |    M12     |  LVCMOS33  |  3   |  3.3  |   8   |   FAST   |          |
| SRAM_ADDR[3]  | OUTPUT |    N14     |  LVCMOS33  |  3   |  3.3  |   8   |   FAST   |          |
| SRAM_ADDR[2]  | OUTPUT |    N15     |  LVCMOS33  |  3   |  3.3  |   8   |   FAST   |          |
| SRAM_ADDR[1]  | OUTPUT |    M13     |  LVCMOS33  |  3   |  3.3  |   8   |   FAST   |          |
| SRAM_ADDR[0]  | OUTPUT |    L11     |  LVCMOS33  |  3   |  3.3  |   8   |   FAST   |          |
| SRAM_nWE      | OUTPUT |     L6     |  LVCMOS33  |  3   |  3.3  |   8   |   FAST   |          |
| SRAM_nOE      | OUTPUT |    R14     |  LVCMOS33  |  3   |  3.3  |   8   |   FAST   |          |
| SRAM_nCE      | OUTPUT |    N12     |  LVCMOS33  |  3   |  3.3  |   8   |   FAST   |          |
| SRAM_nLB      | OUTPUT |    R13     |  LVCMOS33  |  3   |  3.3  |   8   |   FAST   |          |
| SRAM_nUB      | OUTPUT |    P13     |  LVCMOS33  |  3   |  3.3  |   8   |   FAST   |          |
| led_pin[3]    | OUTPUT |    E14     |  LVCMOS33  |  2   |  3.3  |   8   |   SLOW   |          |
| led_pin[2]    | OUTPUT |    F14     |  LVCMOS33  |  2   |  3.3  |   8   |   SLOW   |          |
| led_pin[1]    | OUTPUT |    G15     |  LVCMOS33  |  2   |  3.3  |   8   |   SLOW   |          |
| led_pin[0]    | OUTPUT |    D15     |  LVCMOS33  |  2   |  3.3  |   8   |   SLOW   |          |
| beep_pin      | OUTPUT |    E13     |  LVCMOS33  |  2   |  3.3  |   8   |   SLOW   |          |
| uart_ch340_tx | OUTPUT |    E12     |  LVCMOS33  |  2   |  3.3  |   8   |   FAST   |          |
| w5500_sclk    | OUTPUT |    L15     |  LVCMOS33  |  3   |  3.3  |   8   |   SLOW   |          |
| w5500_cs      | OUTPUT |     K9     |  LVCMOS33  |  3   |  3.3  |   8   |   SLOW   |          |
| w5500_mosi    | OUTPUT |    M15     |  LVCMOS33  |  3   |  3.3  |   8   |   SLOW   |          |
| seg7_SH_CP    | OUTPUT |     E4     |  LVCMOS33  |  1   |  3.3  |   8   |   SLOW   |          |
| seg7_ST_CP    | OUTPUT |     G6     |  LVCMOS33  |  1   |  3.3  |   8   |   SLOW   |          |
| seg7_DS       | OUTPUT |     H2     |  LVCMOS33  |  1   |  3.3  |   8   |   SLOW   |          |
| CS_8080       | OUTPUT |    L12     |  LVCMOS33  |  3   |  3.3  |   8   |   FAST   |          |
| RS_8080       | OUTPUT |    L13     |  LVCMOS33  |  3   |  3.3  |   8   |   FAST   |          |
| WR_8080       | OUTPUT |    P12     |  LVCMOS33  |  3   |  3.3  |   8   |   FAST   |          |
| RD_8080       | OUTPUT |    K11     |  LVCMOS33  |  3   |  3.3  |   8   |   FAST   |          |
| pll_i2c_scl   | INOUT  | -NOT USED- | -NOT USED- |      |       |       |          |          |
| pll_i2c_sda   | INOUT  | -NOT USED- | -NOT USED- |      |       |       |          |          |
| SRAM_DQ[15]   | INOUT  |     P9     |  LVCMOS33  |  3   |  3.3  |   8   |   FAST   |          |
| SRAM_DQ[14]   | INOUT  |     R9     |  LVCMOS33  |  3   |  3.3  |   8   |   FAST   |          |
| SRAM_DQ[13]   | INOUT  |     P8     |  LVCMOS33  |  3   |  3.3  |   8   |   FAST   |          |
| SRAM_DQ[12]   | INOUT  |     R8     |  LVCMOS33  |  3   |  3.3  |   8   |   FAST   |          |
| SRAM_DQ[11]   | INOUT  |     P7     |  LVCMOS33  |  3   |  3.3  |   8   |   FAST   |          |
| SRAM_DQ[10]   | INOUT  |     R7     |  LVCMOS33  |  3   |  3.3  |   8   |   FAST   |          |
| SRAM_DQ[9]    | INOUT  |     P6     |  LVCMOS33  |  3   |  3.3  |   8   |   FAST   |          |
| SRAM_DQ[8]    | INOUT  |     P5     |  LVCMOS33  |  3   |  3.3  |   8   |   FAST   |          |
| SRAM_DQ[7]    | INOUT  |     N6     |  LVCMOS33  |  3   |  3.3  |   8   |   FAST   |          |
| SRAM_DQ[6]    | INOUT  |     L7     |  LVCMOS33  |  3   |  3.3  |   8   |   FAST   |          |
| SRAM_DQ[5]    | INOUT  |     N7     |  LVCMOS33  |  3   |  3.3  |   8   |   FAST   |          |
| SRAM_DQ[4]    | INOUT  |     N8     |  LVCMOS33  |  3   |  3.3  |   8   |   FAST   |          |
| SRAM_DQ[3]    | INOUT  |     L9     |  LVCMOS33  |  3   |  3.3  |   8   |   FAST   |          |
| SRAM_DQ[2]    | INOUT  |    L10     |  LVCMOS33  |  3   |  3.3  |   8   |   FAST   |          |
| SRAM_DQ[1]    | INOUT  |    M10     |  LVCMOS33  |  3   |  3.3  |   8   |   FAST   |          |
| SRAM_DQ[0]    | INOUT  |    M11     |  LVCMOS33  |  3   |  3.3  |   8   |   FAST   |          |
| flash_sclk    | INOUT  |     A1     |  LVCMOS33  |  1   |  3.3  |   8   |   SLOW   |   DOWN   |
| flash_cs      | INOUT  |     A8     |  LVCMOS33  |  1   |  3.3  |   8   |   SLOW   |   DOWN   |
| flash_mosi    | INOUT  |     G2     |  LVCMOS33  |  1   |  3.3  |   8   |   SLOW   |   DOWN   |
| flash_miso    | INOUT  |     G1     |  LVCMOS33  |  1   |  3.3  |   8   |   SLOW   |   DOWN   |
| SWDIO         | INOUT  |     C1     |  LVCMOS33  |  1   |  3.3  |   8   |   SLOW   |   DOWN   |
| uart_DAP_rx   | INOUT  |     K2     |  LVCMOS33  |  1   |  3.3  |   8   |   FAST   |          |
| uart_DAP_tx   | INOUT  |     L2     |  LVCMOS33  |  1   |  3.3  |   8   |   FAST   |          |
| sd_sclk       | INOUT  |    E11     |  LVCMOS33  |  2   |  3.3  |   8   |   SLOW   |   DOWN   |
| sd_cs         | INOUT  |    D11     |  LVCMOS33  |  2   |  3.3  |   8   |   SLOW   |   DOWN   |
| sd_mosi       | INOUT  |    D12     |  LVCMOS33  |  2   |  3.3  |   8   |   SLOW   |   DOWN   |
| sd_miso       | INOUT  |    F11     |  LVCMOS33  |  2   |  3.3  |   8   |   SLOW   |   DOWN   |
| DATA_8080[15] | INOUT  |     G3     |  LVCMOS33  |  1   |  3.3  |   8   |   FAST   |          |
| DATA_8080[14] | INOUT  |     H3     |  LVCMOS33  |  1   |  3.3  |   8   |   FAST   |          |
| DATA_8080[13] | INOUT  |    G10     |  LVCMOS33  |  1   |  3.3  |   8   |   FAST   |          |
| DATA_8080[12] | INOUT  |     E6     |  LVCMOS33  |  1   |  3.3  |   8   |   FAST   |          |
| DATA_8080[11] | INOUT  |     E7     |  LVCMOS33  |  1   |  3.3  |   8   |   FAST   |          |
| DATA_8080[10] | INOUT  |     J4     |  LVCMOS33  |  1   |  3.3  |   8   |   FAST   |          |
| DATA_8080[9]  | INOUT  |     F6     |  LVCMOS33  |  1   |  3.3  |   8   |   FAST   |          |
| DATA_8080[8]  | INOUT  |     K3     |  LVCMOS33  |  1   |  3.3  |   8   |   FAST   |          |
| DATA_8080[7]  | INOUT  |     J5     |  LVCMOS33  |  1   |  3.3  |   8   |   FAST   |          |
| DATA_8080[6]  | INOUT  |     K5     |  LVCMOS33  |  3   |  3.3  |   8   |   FAST   |          |
| DATA_8080[5]  | INOUT  |     J6     |  LVCMOS33  |  1   |  3.3  |   8   |   FAST   |          |
| DATA_8080[4]  | INOUT  |    R11     |  LVCMOS33  |  3   |  3.3  |   8   |   FAST   |          |
| DATA_8080[3]  | INOUT  |    N10     |  LVCMOS33  |  3   |  3.3  |   8   |   FAST   |          |
| DATA_8080[2]  | INOUT  |    P11     |  LVCMOS33  |  3   |  3.3  |   8   |   FAST   |          |
| DATA_8080[1]  | INOUT  |     K6     |  LVCMOS33  |  3   |  3.3  |   8   |   FAST   |          |
| DATA_8080[0]  | INOUT  |    R12     |  LVCMOS33  |  3   |  3.3  |   8   |   FAST   |          |
| LCD_BL        | INOUT  |     G5     |  LVCMOS33  |  1   |  3.3  |   8   |   FAST   |          |
| LCD_RST       | INOUT  |    K10     |  LVCMOS33  |  3   |  3.3  |   8   |   FAST   |          |
| LCDT_RST      | INOUT  |     J2     |  LVCMOS33  |  1   |  3.3  |   8   |   FAST   |          |
| LCDT_PEN      | INOUT  |     J3     |  LVCMOS33  |  1   |  3.3  |   8   |   FAST   |          |
| LCDT_SCL      | INOUT  |     J1     |  LVCMOS33  |  1   |  3.3  |   8   |   FAST   |          |
| LCDT_SDA      | INOUT  |     N1     |  LVCMOS33  |  1   |  3.3  |   8   |   FAST   |          |
| bme_scl       | INOUT  |     B4     |  LVCMOS33  |  1   |  3.3  |   8   |   SLOW   |   DOWN   |
| bme_sda       | INOUT  |     C5     |  LVCMOS33  |  1   |  3.3  |   8   |   SLOW   |   DOWN   |
| i2c_scl       | INOUT  | -NOT USED- | -NOT USED- |      |       |       |          |          |
| i2c_sda       | INOUT  | -NOT USED- | -NOT USED- |      |       |       |          |          |
+---------------+--------+------------+------------+------+-------+-------+----------+----------+
** 单元位置 **
+---------------------------------------------+----------+----------+
| 元件                                        | 元件类型 |   位置   |
+---------------------------------------------+----------+----------+
| SRAM_DQ[15]_MGIOL                           | IOLOGIC  | IOL_B70C |
| SRAM_DQ[14]_MGIOL                           | IOLOGIC  | IOL_B70D |
| SRAM_DQ[13]_MGIOL                           | IOLOGIC  | IOL_B67C |
| SRAM_DQ[12]_MGIOL                           | IOLOGIC  | IOL_B67D |
| SRAM_DQ[11]_MGIOL                           | IOLOGIC  | IOL_B64C |
| SRAM_DQ[10]_MGIOL                           | IOLOGIC  | IOL_B64D |
| SRAM_DQ[9]_MGIOL                            | IOLOGIC  | IOL_B61C |
| SRAM_DQ[8]_MGIOL                            | IOLOGIC  | IOL_B58C |
| SRAM_DQ[7]_MGIOL                            | IOLOGIC  | IOL_B64A |
| SRAM_DQ[6]_MGIOL                            | IOLOGIC  | IOL_B54A |
| SRAM_DQ[5]_MGIOL                            | IOLOGIC  | IOL_B67A |
| SRAM_DQ[4]_MGIOL                            | IOLOGIC  | IOL_B67B |
| SRAM_DQ[3]_MGIOL                            | IOLOGIC  | IOL_B70A |
| SRAM_DQ[2]_MGIOL                            | IOLOGIC  | IOL_B70B |
| SRAM_DQ[1]_MGIOL                            | IOLOGIC  | IOL_B79A |
| SRAM_DQ[0]_MGIOL                            | IOLOGIC  | IOL_B79B |
| DATA_8080[15]_MGIOL                         | IOLOGIC  | IOL_T13A |
| DATA_8080[14]_MGIOL                         | IOLOGIC  | IOL_T19B |
| DATA_8080[13]_MGIOL                         | IOLOGIC  | IOL_T52B |
| DATA_8080[12]_MGIOL                         | IOLOGIC  | IOL_T40D |
| DATA_8080[11]_MGIOL                         | IOLOGIC  | IOL_T43B |
| DATA_8080[10]_MGIOL                         | IOLOGIC  | IOL_T37B |
| DATA_8080[9]_MGIOL                          | IOLOGIC  | IOL_T40A |
| DATA_8080[8]_MGIOL                          | IOLOGIC  | IOL_T34B |
| DATA_8080[7]_MGIOL                          | IOLOGIC  | IOL_T49A |
| DATA_8080[6]_MGIOL                          | IOLOGIC  | IOL_B51A |
| DATA_8080[5]_MGIOL                          | IOLOGIC  | IOL_T49B |
| DATA_8080[4]_MGIOL                          | IOLOGIC  | IOL_B73D |
| DATA_8080[3]_MGIOL                          | IOLOGIC  | IOL_B73B |
| DATA_8080[2]_MGIOL                          | IOLOGIC  | IOL_B76C |
| DATA_8080[1]_MGIOL                          | IOLOGIC  | IOL_B51B |
| DATA_8080[0]_MGIOL                          | IOLOGIC  | IOL_B76D |
| uart_ch340_rx_MGIOL                         | IOLOGIC  | IOL_T89C |
| led_core_MGIOL                              | IOLOGIC  | IOL_T43D |
| SRAM_ADDR[18]_MGIOL                         | IOLOGIC  | IOL_B61D |
| SRAM_ADDR[17]_MGIOL                         | IOLOGIC  | IOL_B92D |
| SRAM_ADDR[16]_MGIOL                         | IOLOGIC  | IOL_B89D |
| SRAM_ADDR[15]_MGIOL                         | IOLOGIC  | IOL_B82D |
| SRAM_ADDR[14]_MGIOL                         | IOLOGIC  | IOL_B54C |
| SRAM_ADDR[13]_MGIOL                         | IOLOGIC  | IOL_B58D |
| SRAM_ADDR[12]_MGIOL                         | IOLOGIC  | IOL_B51C |
| SRAM_ADDR[11]_MGIOL                         | IOLOGIC  | IOL_B54D |
| SRAM_ADDR[10]_MGIOL                         | IOLOGIC  | IOL_B51D |
| SRAM_ADDR[9]_MGIOL                          | IOLOGIC  | IOL_B58A |
| SRAM_ADDR[8]_MGIOL                          | IOLOGIC  | IOL_B61B |
| SRAM_ADDR[7]_MGIOL                          | IOLOGIC  | IOL_B61A |
| SRAM_ADDR[6]_MGIOL                          | IOLOGIC  | IOL_B58B |
| SRAM_ADDR[5]_MGIOL                          | IOLOGIC  | IOL_B64B |
| SRAM_ADDR[4]_MGIOL                          | IOLOGIC  | IOL_B92A |
| SRAM_ADDR[3]_MGIOL                          | IOLOGIC  | IOL_B92C |
| SRAM_ADDR[2]_MGIOL                          | IOLOGIC  | IOL_B95D |
| SRAM_ADDR[1]_MGIOL                          | IOLOGIC  | IOL_B92B |
| SRAM_ADDR[0]_MGIOL                          | IOLOGIC  | IOL_B85C |
| SRAM_nWE_MGIOL                              | IOLOGIC  | IOL_B54B |
| SRAM_nOE_MGIOL                              | IOLOGIC  | IOL_B89C |
| SRAM_nCE_MGIOL                              | IOLOGIC  | IOL_B79C |
| SRAM_nLB_MGIOL                              | IOLOGIC  | IOL_B82C |
| SRAM_nUB_MGIOL                              | IOLOGIC  | IOL_B79D |
| led_pin[3]_MGIOL                            | IOLOGIC  | IOL_T92D |
| led_pin[2]_MGIOL                            | IOLOGIC  | IOL_T92A |
| led_pin[1]_MGIOL                            | IOLOGIC  | IOL_T92B |
| led_pin[0]_MGIOL                            | IOLOGIC  | IOL_T95D |
| beep_pin_MGIOL                              | IOLOGIC  | IOL_T92C |
| uart_ch340_tx_MGIOL                         | IOLOGIC  | IOL_T70A |
| seg7_SH_CP_MGIOL                            | IOLOGIC  | IOL_T37C |
| seg7_ST_CP_MGIOL                            | IOLOGIC  | IOL_T40B |
| seg7_DS_MGIOL                               | IOLOGIC  | IOL_T16A |
| RS_8080_MGIOL                               | IOLOGIC  | IOL_B95A |
| PLL_inst1/PLLInst_0                         | PLL_25K  |  LPLL1   |
| inst                                        |   CM3    |   CM3    |
| led_wf_inst1/n_36[1]                        |  SLICEL  | R12C54M  |
| led_wf_inst1/n_36[5]                        |  SLICEL  | R12C55M  |
| led_wf_inst1/n_36[9]                        |  SLICEL  | R12C56M  |
| led_wf_inst1/n_36[13]                       |  SLICEL  | R12C57M  |
| led_wf_inst1/n_36[17]                       |  SLICEL  | R12C58M  |
| led_wf_inst1/n_36[21]                       |  SLICEL  | R12C59M  |
| ahb_lcd8080_inst1/n_505[1]                  |  SLICEL  | R19C39L  |
| ahb_lcd8080_inst1/n_505[5]                  |  SLICEL  | R19C40L  |
| ahb_lcd8080_inst1/n_508[1]                  |  SLICEL  | R23C34L  |
| ahb_lcd8080_inst1/n_508[5]                  |  SLICEL  | R23C35L  |
| ahb_lcd8080_inst1/n_510[1]                  |  SLICEL  | R21C32L  |
| ahb_lcd8080_inst1/n_510[5]                  |  SLICEL  | R21C33L  |
| ahb_lcd8080_inst1/n_512[1]                  |  SLICEL  | R21C33M  |
| ahb_lcd8080_inst1/n_512[5]                  |  SLICEL  | R21C34M  |
| ahb_lcd8080_inst1/n_514[1]                  |  SLICEL  | R20C38L  |
| ahb_lcd8080_inst1/n_514[5]                  |  SLICEL  | R20C39L  |
| seg_inst/n_760[1]                           |  SLICEL  | R15C59M  |
| seg_inst/n_760[5]                           |  SLICEL  | R15C60M  |
| seg_inst/n_766[1]                           |  SLICEL  | R14C30L  |
| seg_inst/n_766[5]                           |  SLICEL  | R14C31L  |
| ahb_uart1/n_1639[1]                         |  SLICEL  | R14C50M  |
| ahb_uart1/n_1639[5]                         |  SLICEL  | R14C51M  |
| ahb_uart1/n_1639[9]                         |  SLICEL  | R14C52M  |
| ahb_uart1/n_1639[13]                        |  SLICEL  | R14C53M  |
| ahb_uart1/n_1646[1]                         |  SLICEL  | R18C47L  |
| ahb_uart1/n_1646[5]                         |  SLICEL  | R18C48L  |
| ahb_uart1/n_1646[9]                         |  SLICEL  | R18C49L  |
| ahb_uart1/n_1646[13]                        |  SLICEL  | R18C50L  |
| ahb_epwm1/_i_16/_n_19                       |  SLICEL  | R19C46M  |
| ahb_epwm1/n_1763                            |  SLICEL  | R19C47M  |
| ahb_epwm1/TBCNT_a1[1]                       |  SLICEL  | R20C46L  |
| ahb_epwm1/TBCNT_a1[5]                       |  SLICEL  | R20C47L  |
| ahb_epwm1/TBCNT_a1[9]                       |  SLICEL  | R20C48L  |
| ahb_epwm1/TBCNT_a1[13]                      |  SLICEL  | R20C49L  |
| ahb_epwm1/n_1779                            |  SLICEL  | R19C46L  |
| net_extracted_nHQX1                         |  SLICEL  | R22C37L  |
| net_extracted_nHQX23                        |  SLICEL  | R23C41L  |
| ahb_lcd8080_inst1/n_403                     |  SLICEL  | R20C33M  |
| ahb_lcd8080_inst1/n_405                     |  SLICEL  | R20C34M  |
| ahb_lcd8080_inst1/n_401                     |  SLICEL  | R22C34L  |
| ahb_lcd8080_inst1/n_399                     |  SLICEL  | R19C37M  |
| ahb_lcd8080_inst1/n_407                     |  SLICEL  | R20C37M  |
| _n_11345                                    |  SLICEL  | R18C49M  |
| ahb_uart1/n_911                             |  SLICEL  | R18C50M  |
| _n_11356                                    |  SLICEL  | R18C44M  |
| ahb_uart1/n_932                             |  SLICEL  | R18C45M  |
| _n_11367                                    |  SLICEL  | R21C44L  |
| ahb_epwm1/n_1766                            |  SLICEL  | R21C45L  |
| _n_11378                                    |  SLICEL  | R21C44M  |
| ahb_epwm1/n_1770                            |  SLICEL  | R21C45M  |
| _n_11389                                    |  SLICEL  | R19C47L  |
| ahb_epwm1/n_1782                            |  SLICEL  | R19C48L  |
| seg_inst/n_769                              |  SLICEL  | R22C33L  |
| net_extracted_nHQX38                        |  SLICEL  | R25C36L  |
| HRDATA_P2[8]                                |  SLICEL  | R23C64M  |
| HRDATA_P2[9]                                |  SLICEL  | R22C63M  |
| HRDATA_P2[10]                               |  SLICEL  | R21C64M  |
| HRDATA_P2[11]                               |  SLICEL  | R22C63L  |
| HRDATA_P2[12]                               |  SLICEL  | R21C61L  |
| HRDATA_P2[13]                               |  SLICEL  | R21C61M  |
| HRDATA_P2[14]                               |  SLICEL  | R19C62M  |
| HRDATA_P2[15]                               |  SLICEL  | R20C62L  |
| ahb_uart1/n_1085[0]                         |  SLICEL  | R22C52L  |
| ahb_uart1/n_1085[1]                         |  SLICEL  | R21C52L  |
| ahb_uart1/n_1085[2]                         |  SLICEL  | R23C52L  |
| ahb_uart1/n_1085[3]                         |  SLICEL  | R21C52M  |
| ahb_uart1/n_1085[4]                         |  SLICEL  | R21C53M  |
| ahb_uart1/n_1085[5]                         |  SLICEL  | R20C53M  |
| ahb_uart1/n_1085[6]                         |  SLICEL  | R20C52L  |
| ahb_uart1/_i_315/_i_2_andor_decomp_2        |  SLICEL  | R20C53L  |
| ahb_lcd8080_inst1/n_542                     |  SLICEL  | R20C36M  |
| seg_inst/seg_2_dec[0]                       |  SLICEL  | R21C34L  |
| seg_inst/seg_2_dec[1]                       |  SLICEL  | R20C39M  |
| seg_inst/seg_2_dec[2]                       |  SLICEL  | R23C36M  |
| seg_inst/seg_2_dec[3]                       |  SLICEL  | R22C30L  |
| seg_inst/seg_2_dec[4]                       |  SLICEL  | R21C30M  |
| seg_inst/seg_2_dec[7]                       |  SLICEL  | R22C33M  |
| TARGEXP0HRDATA[0]                           |  SLICEL  | R30C45L  |
| TARGEXP0HRDATA[1]                           |  SLICEL  | R26C55M  |
| TARGEXP0HRDATA[2]                           |  SLICEL  | R33C45M  |
| TARGEXP0HRDATA[3]                           |  SLICEL  | R30C32L  |
| TARGEXP0HRDATA[4]                           |  SLICEL  | R27C35M  |
| TARGEXP0HRDATA[5]                           |  SLICEL  | R29C47L  |
| TARGEXP0HRDATA[6]                           |  SLICEL  | R30C50M  |
| TARGEXP0HRDATA[7]                           |  SLICEL  | R29C44M  |
| TARGEXP0HRDATA[8]                           |  SLICEL  | R27C43L  |
| TARGEXP0HRDATA[9]                           |  SLICEL  | R27C43M  |
| TARGEXP0HRDATA[10]                          |  SLICEL  | R27C33L  |
| TARGEXP0HRDATA[11]                          |  SLICEL  | R27C31L  |
| TARGEXP0HRDATA[12]                          |  SLICEL  | R27C31M  |
| TARGEXP0HRDATA[13]                          |  SLICEL  | R27C28L  |
| TARGEXP0HRDATA[14]                          |  SLICEL  | R27C27M  |
| TARGEXP0HRDATA[15]                          |  SLICEL  | R24C27M  |
| TARGEXP0HRDATA[16]                          |  SLICEL  | R27C42M  |
| TARGEXP0HRDATA[17]                          |  SLICEL  | R25C21M  |
| TARGEXP0HRDATA[18]                          |  SLICEL  | R25C31L  |
| TARGEXP0HRDATA[19]                          |  SLICEL  | R23C15M  |
| TARGEXP0HRDATA[20]                          |  SLICEL  | R23C14L  |
| TARGEXP0HRDATA[21]                          |  SLICEL  | R27C15L  |
| TARGEXP0HRDATA[22]                          |  SLICEL  | R23C15L  |
| TARGEXP0HRDATA[23]                          |  SLICEL  | R22C20M  |
| TARGEXP0HRDATA[24]                          |  SLICEL  | R22C15M  |
| TARGEXP0HRDATA[25]                          |  SLICEL  | R22C19M  |
| TARGEXP0HRDATA[26]                          |  SLICEL  | R22C16L  |
| TARGEXP0HRDATA[27]                          |  SLICEL  | R22C15L  |
| TARGEXP0HRDATA[28]                          |  SLICEL  | R22C19L  |
| TARGEXP0HRDATA[29]                          |  SLICEL  | R26C15M  |
| TARGEXP0HRDATA[30]                          |  SLICEL  | R22C14M  |
| TARGEXP0HRDATA[31]                          |  SLICEL  | R22C14L  |
| CM3SYS_RSTN_buff                            |  SLICEL  | R29C37M  |
| ahb_sram1/DATAOEn                           |  SLICEL  | R26C44M  |
| ahb_sram1/n_2074                            |  SLICEL  | R26C43L  |
| ahb_sram1/reg_byte_mask[0]                  |  SLICEL  | R27C45M  |
| ahb_sram1/n_1968                            |  SLICEL  | R26C44L  |
| ahb_sram1/reg_active                        |  SLICEL  | R26C45M  |
| ahb_sram1/n_2003                            |  SLICEL  | R26C43M  |
| ahb_sram1/n_1952                            |  SLICEL  | R27C45L  |
| ahb_sram1/i_dataout[10]                     |  SLICEL  | R27C33M  |
| ahb_sram1/i_dataout[8]                      |  SLICEL  | R27C42L  |
| ahb_sram1/DATAOUT[0]                        |  SLICEL  | R23C14M  |
| ahb_epwm1/TBCNT[3]                          |  SLICEL  | R21C46L  |
| ahb_epwm1/_i_54/_n_19                       |  SLICEL  | R20C45L  |
| ahb_epwm1/_i_54/_n_15                       |  SLICEL  | R19C45L  |
| ahb_epwm1/_i_54/bitAdd_8_out0_decomp        |  SLICEL  | R21C46M  |
| ahb_epwm1/n_1820                            |  SLICEL  | R20C44M  |
| ahb_epwm1/n_1777                            |  SLICEL  | R15C45M  |
| ahb_epwm1/n_1796                            |  SLICEL  | R20C46M  |
| ahb_epwm1/_i_14/_i_0_rkd_9                  |  SLICEL  | R19C45M  |
| inst_extracted_iHQX26_rkd_8                 |  SLICEL  | R25C36M  |
| ahb_uart1/CLK_RX_pulse                      |  SLICEL  | R12C65L  |
| ahb_uart1/n_1493                            |  SLICEL  | R22C62M  |
| ahb_uart1/n_1467                            |  SLICEL  | R21C63L  |
| ahb_uart1/n_1441                            |  SLICEL  | R23C62L  |
| ahb_uart1/n_1415                            |  SLICEL  | R23C63L  |
| ahb_uart1/n_1264                            |  SLICEL  | R22C55L  |
| ahb_uart1/n_1231                            |  SLICEL  | R23C53L  |
| net_extracted_nHQX64                        |  SLICEL  | R22C55M  |
| ahb_uart1/TX_fifo_buff[0][6]                |  SLICEL  | R21C51L  |
| ahb_uart1/TX_fifo_buff[0][4]                |  SLICEL  | R21C53L  |
| ahb_uart1/n_1132                            |  SLICEL  | R22C54M  |
| ahb_uart1/_i_403_rkd_5                      |  SLICEL  | R11C66M  |
| ahb_uart1/RX_shift_reg[7]                   |  SLICEL  | R15C65L  |
| ahb_uart1/RX_fifo_buff[0][6]                |  SLICEL  | R18C64M  |
| ahb_uart1/RX_fifo_buff[0][4]                |  SLICEL  | R20C63L  |
| net_extracted_nHQX35                        |  SLICEL  | R11C66L  |
| ahb_uart1/RX_fifo_wr_ptr[1]                 |  SLICEL  | R22C62L  |
| ahb_uart1/n_927                             |  SLICEL  | R19C54M  |
| ahb_uart1/TX_fifo_rd_ptr[1]                 |  SLICEL  | R23C53M  |
| ahb_uart1/TX_fifo_rd_ptr[0]                 |  SLICEL  | R22C53M  |
| ahb_uart1/n_1524                            |  SLICEL  | R23C61M  |
| ahb_uart1/n_1523                            |  SLICEL  | R22C42L  |
| net_extracted_nHQX59                        |  SLICEL  | R23C54L  |
| ahb_uart1/TX_fifo_wr_ptr[1]                 |  SLICEL  | R22C53L  |
| seg_inst/size_reg[1]                        |  SLICEL  | R25C32L  |
| seg7_DS_c                                   |  SLICEL  | R14C29M  |
| seg_inst/seg_data_shifer_reg[7]             |  SLICEL  | R19C30L  |
| seg_inst/seg_data_shifer_reg[4]             |  SLICEL  | R18C30L  |
| seg_inst/n_811                              |  SLICEL  | R18C30M  |
| RS_8080_c                                   |  SLICEL  | R20C37L  |
| ahb_lcd8080_inst1/sta8080[2]                |  SLICEL  | R21C36L  |
| ahb_lcd8080_inst1/byte_strobe[2]            |  SLICEL  | R25C34M  |
| Interconncet/SlaveMUX/hsel_reg[3]           |  SLICEL  | R24C35M  |
| inst_extracted_rkd_9                        |  SLICEL  | R26C15L  |
| led_wf_inst1/cnt[6]                         |  SLICEL  | R12C55L  |
| led_wf_inst1/cnt[10]                        |  SLICEL  | R12C56L  |
| led_wf_inst1/cnt[15]                        |  SLICEL  | R12C57L  |
| led_wf_inst1/cnt[24]                        |  SLICEL  | R12C58L  |
| led_wf_inst1/_i_2/_i_0_rkd_13               |  SLICEL  | R11C57M  |
| HREADY_P3                                   |  SLICEL  | R22C36L  |
| ahb_lcd8080_inst1/_i_189/_i_0_decomp_nHQX18 |  SLICEL  | R21C36M  |
| ahb_lcd8080_inst1/n_420                     |  SLICEL  | R19C36M  |
| Interconncet/SlaveMUX/_i_30_rkd_10          |  SLICEL  | R23C39L  |
| TARGEXP1HRDATA[1]                           |  SLICEL  | R22C38L  |
| HRDATA_P2[1]                                |  SLICEL  | R22C54L  |
| Interconncet/SlaveMUX/_i_40_rkd_13          |  SLICEL  | R22C40L  |
| Interconncet/SlaveMUX/_i_45_andor_decomp_2  |  SLICEL  | R23C38L  |
| Interconncet/SlaveMUX/_i_50_andor_decomp_2  |  SLICEL  | R23C39M  |
| _n_11044                                    |  SLICEL  | R23C62M  |
| Interconncet/SlaveMUX/_i_55_rkd_10          |  SLICEL  | R24C38M  |
| Interconncet/SlaveMUX/_i_60_rkd_9           |  SLICEL  | R24C39M  |
| Interconncet/SlaveMUX/_i_65_rkd_9           |  SLICEL  | R21C39L  |
| Interconncet/SlaveMUX/_i_65_rkd_2           |  SLICEL  | R24C38L  |
| _n_11064                                    |  SLICEL  | R21C38L  |
| Interconncet/SlaveMUX/_i_85_rkd_8           |  SLICEL  | R22C39M  |
| Interconncet/SlaveMUX/_i_90_rkd_8           |  SLICEL  | R21C39M  |
| Interconncet/SlaveMUX/_i_95_rkd_8           |  SLICEL  | R21C38M  |
| Interconncet/SlaveMUX/_i_100_rkd_8          |  SLICEL  | R22C38M  |
| Interconncet/SlaveMUX/_i_105_rkd_8          |  SLICEL  | R19C35L  |
| TARGEXP1HRDATA[16]                          |  SLICEL  | R23C34M  |
| TARGEXP1HRDATA[17]                          |  SLICEL  | R23C32L  |
| TARGEXP1HRDATA[18]                          |  SLICEL  | R24C33L  |
| TARGEXP1HRDATA[19]                          |  SLICEL  | R23C35M  |
| TARGEXP1HRDATA[20]                          |  SLICEL  | R23C36L  |
| TARGEXP1HRDATA[21]                          |  SLICEL  | R23C31M  |
| TARGEXP1HRDATA[22]                          |  SLICEL  | R23C31L  |
| TARGEXP1HRDATA[23]                          |  SLICEL  | R23C38M  |
| TARGEXP1HRDATA[24]                          |  SLICEL  | R19C34M  |
| TARGEXP1HRDATA[25]                          |  SLICEL  | R21C31M  |
| TARGEXP1HRDATA[26]                          |  SLICEL  | R19C35M  |
| TARGEXP1HRDATA[27]                          |  SLICEL  | R22C31M  |
| TARGEXP1HRDATA[28]                          |  SLICEL  | R23C32M  |
| TARGEXP1HRDATA[29]                          |  SLICEL  | R19C33M  |
| TARGEXP1HRDATA[30]                          |  SLICEL  | R20C31L  |
| net_extracted_nHQX31                        |  SLICEL  | R22C39L  |
| Interconncet/SlaveMUX/_i_219_rkd_6          |  SLICEL  | R22C31L  |
| net_extracted_nHQX33                        |  SLICEL  | R23C37M  |
| net_extracted_nHQX16                        |  SLICEL  | R22C35L  |
| ahb_sram1/n_1987                            |  SLICEL  | R26C45L  |
| _n_10881                                    |  SLICEL  | R19C37L  |
| ahb_uart1/RX_DIV_cnt[2]                     |  SLICEL  | R18C47M  |
| ahb_uart1/RX_DIV_cnt[15]                    |  SLICEL  | R18C48M  |
| ahb_uart1/TX_DIV_cnt[0]                     |  SLICEL  | R14C51L  |
| ahb_uart1/TX_DIV_cnt[11]                    |  SLICEL  | R14C50L  |
| ahb_uart1/TX_DIV_cnt[15]                    |  SLICEL  | R14C53L  |
| ahb_uart1/TX_shift_reg[4]                   |  SLICEL  | R21C54L  |
| ahb_uart1/n_1547                            |  SLICEL  | R18C54L  |
| ahb_uart1/write_en                          |  SLICEL  | R24C35L  |
| ahb_uart1/RX_shiftIN_cnt[3]                 |  SLICEL  | R11C65M  |
| ahb_uart1/RX_shiftIN_cnt[2]                 |  SLICEL  | R11C65L  |
| seg_inst/clk_1M_cnt[6]                      |  SLICEL  | R15C59L  |
| seg_inst/clk_1M_cnt[7]                      |  SLICEL  | R15C58L  |
| seg_inst/seg_data_shifer_reg[15]            |  SLICEL  | R21C29M  |
| seg_inst/seg_data_shifer_reg[11]            |  SLICEL  | R21C29L  |
| seg_inst/n_703                              |  SLICEL  | R24C32L  |
| ahb_lcd8080_inst1/read_h_cnt[4]             |  SLICEL  | R20C35L  |
| ahb_lcd8080_inst1/read_l_cnt[0]             |  SLICEL  | R20C35M  |
| ahb_lcd8080_inst1/write_h_cnt[1]            |  SLICEL  | R20C34L  |
| ahb_lcd8080_inst1/write_l_cnt[7]            |  SLICEL  | R22C34M  |
| ahb_lcd8080_inst1/write_en                  |  SLICEL  | R21C35M  |
| ahb_lcd8080_inst1/n_426                     |  SLICEL  | R20C36L  |
| ahb_lcd8080_inst1/n_446                     |  SLICEL  | R21C37L  |
| seg_inst/n_698[6]                           |  SLICEL  | R22C29M  |
| ahb_uart1/TX_shiftOUT_cnt[1]                |  SLICEL  | R19C54L  |
| seg_inst/HC595_CLK_CNT[3]                   |  SLICEL  | R15C30M  |
| seg_inst/wr_en_reg                          |  SLICEL  | R25C33L  |
| ahb_uart1/TX_shift_reg[8]                   |  SLICEL  | R20C54L  |
| ahb_lcd8080_inst1/cmd_data_chg_cnt[3]       |  SLICEL  | R19C38L  |
| ahb_lcd8080_inst1/cmd_data_chg_cnt[7]       |  SLICEL  | R19C38M  |
| led_wf_inst1/n_3                            |  SLICEL  |  R3C66L  |
| ahb_epwm1/TBCNT[0]                          |  SLICEL  | R20C45M  |
| seg_inst/clk_1M_cnt[0]                      |  SLICEL  | R15C58M  |
| seg_inst/HC595_CLK_CNT[0]                   |  SLICEL  | R14C30M  |
| CS_8080_c                                   |  SLICEL  | R21C37M  |
| led_pin[3]_c                                |  SLICEL  |  R2C91L  |
| ahb_lcd8080_inst1/addr[8]                   |  SLICEL  | R22C36M  |
| ahb_lcd8080_inst1/addr[10]                  |  SLICEL  | R24C37L  |
| ahb_lcd8080_inst1/addr[12]                  |  SLICEL  | R22C35M  |
| ahb_lcd8080_inst1/addr[14]                  |  SLICEL  | R22C37M  |
| ahb_lcd8080_inst1/cmd_data_w_reg[2]         |  SLICEL  | R25C43M  |
| ahb_lcd8080_inst1/cmd_data_w_reg[4]         |  SLICEL  | R25C41L  |
| ahb_lcd8080_inst1/cmd_data_w_reg[6]         |  SLICEL  | R25C41M  |
| ahb_lcd8080_inst1/cmd_data_w_reg[10]        |  SLICEL  | R18C35M  |
| ahb_lcd8080_inst1/cmd_data_w_reg[11]        |  SLICEL  | R18C43M  |
| ahb_lcd8080_inst1/cmd_data_w_reg[13]        |  SLICEL  | R20C42M  |
| ahb_lcd8080_inst1/cmd_data_w_reg[15]        |  SLICEL  | R18C19M  |
| ahb_lcd8080_inst1/tick_cmd_data_chg[5]      |  SLICEL  | R19C39M  |
| ahb_lcd8080_inst1/tick_cmd_data_chg[6]      |  SLICEL  | R18C37L  |
| ahb_lcd8080_inst1/tick_cmd_data_chg[7]      |  SLICEL  | R19C36L  |
| ahb_lcd8080_inst1/tick_read_h[5]            |  SLICEL  | R20C40L  |
| ahb_lcd8080_inst1/tick_read_h[6]            |  SLICEL  | R20C38M  |
| ahb_lcd8080_inst1/tick_read_h[7]            |  SLICEL  | R18C37M  |
| ahb_lcd8080_inst1/tick_read_l[5]            |  SLICEL  | R22C32M  |
| ahb_lcd8080_inst1/tick_read_l[6]            |  SLICEL  | R20C32L  |
| ahb_lcd8080_inst1/tick_read_l[7]            |  SLICEL  | R19C34L  |
| ahb_lcd8080_inst1/tick_write_h[5]           |  SLICEL  | R20C33L  |
| ahb_lcd8080_inst1/tick_write_h[6]           |  SLICEL  | R20C31M  |
| ahb_lcd8080_inst1/tick_write_h[7]           |  SLICEL  | R20C32M  |
| ahb_lcd8080_inst1/tick_write_l[5]           |  SLICEL  | R24C34M  |
| ahb_lcd8080_inst1/tick_write_l[6]           |  SLICEL  | R22C32L  |
| ahb_lcd8080_inst1/tick_write_l[7]           |  SLICEL  | R24C34L  |
| seg_inst/segx_reg_0[2]                      |  SLICEL  | R18C38M  |
| seg_inst/segx_reg_0[4]                      |  SLICEL  | R23C30M  |
| seg_inst/segx_reg_0[6]                      |  SLICEL  | R25C38M  |
| seg_inst/segx_reg_1[2]                      |  SLICEL  | R18C34M  |
| seg_inst/segx_reg_1[3]                      |  SLICEL  | R18C39M  |
| seg_inst/segx_reg_1[5]                      |  SLICEL  | R21C40L  |
| seg_inst/segx_reg_1[7]                      |  SLICEL  | R18C35L  |
| seg_inst/segx_reg_2[2]                      |  SLICEL  | R24C31L  |
| seg_inst/segx_reg_2[3]                      |  SLICEL  | R23C30L  |
| seg_inst/segx_reg_2[5]                      |  SLICEL  | R23C28M  |
| seg_inst/segx_reg_2[7]                      |  SLICEL  | R21C32M  |
| seg_inst/segx_reg_3[2]                      |  SLICEL  | R19C33L  |
| seg_inst/segx_reg_3[3]                      |  SLICEL  | R22C30M  |
| seg_inst/segx_reg_3[5]                      |  SLICEL  | R19C31M  |
| seg_inst/segx_reg_3[7]                      |  SLICEL  | R20C30L  |
| seg_inst/segx_reg_6[3]                      |  SLICEL  | R23C29L  |
| seg_inst/segx_reg_6[4]                      |  SLICEL  | R25C34L  |
| seg_inst/segx_reg_6[7]                      |  SLICEL  | R24C32M  |
| seg_inst/segx_reg_7[6]                      |  SLICEL  | R19C29L  |
| seg_inst/segx_reg_7[7]                      |  SLICEL  | R21C31L  |
| seg_inst/addr_reg[7]                        |  SLICEL  | R23C33M  |
| seg_inst/addr_reg[8]                        |  SLICEL  | R23C33L  |
| seg_inst/addr_reg[10]                       |  SLICEL  | R24C31M  |
| seg_inst/addr_reg[12]                       |  SLICEL  | R26C33L  |
| seg_inst/addr_reg[14]                       |  SLICEL  | R24C33M  |
| ahb_uart1/byte_strobe[2]                    |  SLICEL  | R25C35M  |
| ahb_uart1/byte_strobe[3]                    |  SLICEL  | R24C36L  |
| ahb_uart1/addr[4]                           |  SLICEL  | R23C41M  |
| ahb_uart1/addr[6]                           |  SLICEL  | R24C41L  |
| ahb_uart1/addr[8]                           |  SLICEL  | R24C39L  |
| ahb_uart1/addr[10]                          |  SLICEL  | R24C40M  |
| ahb_uart1/addr[12]                          |  SLICEL  | R23C37L  |
| ahb_uart1/addr[14]                          |  SLICEL  | R24C41M  |
| HRDATA_P2[21]                               |  SLICEL  | R23C43M  |
| HRDATA_P2[28]                               |  SLICEL  | R18C32L  |
| HRDATA_P2[29]                               |  SLICEL  | R19C40M  |
| HRDATA_P2[30]                               |  SLICEL  | R19C32L  |
| HRDATA_P2[31]                               |  SLICEL  | R19C31L  |
| ahb_uart1/TX_fifo_buff[2][2]                |  SLICEL  | R22C52M  |
| ahb_uart1/TX_fifo_buff[2][3]                |  SLICEL  | R21C55M  |
| ahb_uart1/TX_fifo_buff[2][5]                |  SLICEL  | R21C55L  |
| ahb_uart1/TX_fifo_buff[2][7]                |  SLICEL  | R20C54M  |
| ahb_uart1/TX_fifo_buff[3][2]                |  SLICEL  | R23C50M  |
| ahb_uart1/TX_fifo_buff[3][3]                |  SLICEL  | R21C50M  |
| ahb_uart1/TX_fifo_buff[3][5]                |  SLICEL  | R23C55L  |
| ahb_uart1/TX_fifo_buff[3][7]                |  SLICEL  | R22C50L  |
| ahb_uart1/TX_fifo_buff[4][4]                |  SLICEL  | R23C55M  |
| ahb_uart1/TX_fifo_buff[4][5]                |  SLICEL  | R22C56M  |
| ahb_uart1/TX_fifo_buff[4][7]                |  SLICEL  | R23C54M  |
| ahb_uart1/TX_fifo_buff[5][2]                |  SLICEL  | R23C52M  |
| ahb_uart1/TX_fifo_buff[5][3]                |  SLICEL  | R22C56L  |
| ahb_uart1/TX_fifo_buff[5][5]                |  SLICEL  | R24C53M  |
| ahb_uart1/TX_fifo_buff[5][7]                |  SLICEL  | R24C52M  |
| ahb_uart1/TX_fifo_buff[6][2]                |  SLICEL  | R23C51M  |
| ahb_uart1/TX_fifo_buff[6][3]                |  SLICEL  | R21C57M  |
| ahb_uart1/TX_fifo_buff[6][5]                |  SLICEL  | R25C53L  |
| ahb_uart1/TX_fifo_buff[6][7]                |  SLICEL  | R20C50M  |
| ahb_uart1/TX_fifo_buff[7][3]                |  SLICEL  | R21C56M  |
| ahb_uart1/TX_fifo_buff[7][4]                |  SLICEL  | R24C54M  |
| ahb_uart1/TX_fifo_buff[7][7]                |  SLICEL  | R20C55M  |
| ahb_uart1/TX_fifo_buff[8][2]                |  SLICEL  | R24C52L  |
| ahb_uart1/TX_fifo_buff[8][3]                |  SLICEL  | R21C51M  |
| ahb_uart1/TX_fifo_buff[8][5]                |  SLICEL  | R18C52M  |
| ahb_uart1/TX_fifo_buff[8][7]                |  SLICEL  | R18C51L  |
| ahb_uart1/TX_fifo_buff[9][2]                |  SLICEL  | R18C53M  |
| ahb_uart1/TX_fifo_buff[9][3]                |  SLICEL  | R20C56M  |
| ahb_uart1/TX_fifo_buff[9][5]                |  SLICEL  | R21C56L  |
| ahb_uart1/TX_fifo_buff[9][7]                |  SLICEL  | R24C53L  |
| ahb_uart1/TX_fifo_buff[10][4]               |  SLICEL  | R21C54M  |
| ahb_uart1/TX_fifo_buff[10][5]               |  SLICEL  | R20C52M  |
| ahb_uart1/TX_fifo_buff[10][7]               |  SLICEL  | R20C51M  |
| ahb_uart1/TX_fifo_buff[11][3]               |  SLICEL  | R19C51M  |
| ahb_uart1/TX_fifo_buff[11][4]               |  SLICEL  | R23C51L  |
| ahb_uart1/TX_fifo_buff[11][6]               |  SLICEL  | R19C52M  |
| ahb_uart1/TX_fifo_buff[12][2]               |  SLICEL  | R24C51L  |
| ahb_uart1/TX_fifo_buff[12][3]               |  SLICEL  | R20C51L  |
| ahb_uart1/TX_fifo_buff[12][5]               |  SLICEL  | R19C53L  |
| ahb_uart1/TX_fifo_buff[12][7]               |  SLICEL  | R19C52L  |
| ahb_uart1/TX_fifo_buff[13][2]               |  SLICEL  | R22C51L  |
| ahb_uart1/TX_fifo_buff[13][3]               |  SLICEL  | R21C57L  |
| ahb_uart1/TX_fifo_buff[13][5]               |  SLICEL  | R19C53M  |
| ahb_uart1/TX_fifo_buff[13][7]               |  SLICEL  | R18C53L  |
| ahb_uart1/TX_fifo_buff[14][2]               |  SLICEL  | R22C51M  |
| ahb_uart1/TX_fifo_buff[14][3]               |  SLICEL  | R20C55L  |
| ahb_uart1/TX_fifo_buff[14][5]               |  SLICEL  | R18C54M  |
| ahb_uart1/TX_fifo_buff[14][7]               |  SLICEL  | R20C50L  |
| ahb_uart1/TX_fifo_buff[15][2]               |  SLICEL  | R23C50L  |
| ahb_uart1/TX_fifo_buff[15][3]               |  SLICEL  | R21C50L  |
| ahb_uart1/TX_fifo_buff[15][5]               |  SLICEL  | R25C53M  |
| ahb_uart1/TX_fifo_buff[15][7]               |  SLICEL  | R20C49M  |
| ahb_uart1/RX_fifo_buff[2][2]                |  SLICEL  | R20C64M  |
| ahb_uart1/RX_fifo_buff[2][3]                |  SLICEL  | R18C63L  |
| ahb_uart1/RX_fifo_buff[2][6]                |  SLICEL  | R18C61M  |
| ahb_uart1/RX_fifo_buff[3][2]                |  SLICEL  | R23C64L  |
| ahb_uart1/RX_fifo_buff[3][3]                |  SLICEL  | R20C65L  |
| ahb_uart1/RX_fifo_buff[3][5]                |  SLICEL  | R23C61L  |
| ahb_uart1/RX_fifo_buff[3][7]                |  SLICEL  | R20C64L  |
| ahb_uart1/RX_fifo_buff[4][3]                |  SLICEL  | R23C63M  |
| ahb_uart1/RX_fifo_buff[4][4]                |  SLICEL  | R21C62M  |
| ahb_uart1/RX_fifo_buff[4][7]                |  SLICEL  | R19C63L  |
| ahb_uart1/RX_fifo_buff[5][2]                |  SLICEL  | R24C64L  |
| ahb_uart1/RX_fifo_buff[5][3]                |  SLICEL  | R24C62M  |
| ahb_uart1/RX_fifo_buff[5][5]                |  SLICEL  | R21C60M  |
| ahb_uart1/RX_fifo_buff[5][7]                |  SLICEL  | R19C60L  |
| ahb_uart1/RX_fifo_buff[6][4]                |  SLICEL  | R22C61L  |
| ahb_uart1/RX_fifo_buff[6][5]                |  SLICEL  | R19C65M  |
| ahb_uart1/RX_fifo_buff[6][7]                |  SLICEL  | R18C62M  |
| ahb_uart1/RX_fifo_buff[7][2]                |  SLICEL  | R24C64M  |
| ahb_uart1/RX_fifo_buff[7][3]                |  SLICEL  | R24C63L  |
| ahb_uart1/RX_fifo_buff[7][5]                |  SLICEL  | R20C61M  |
| ahb_uart1/RX_fifo_buff[7][7]                |  SLICEL  | R19C60M  |
| ahb_uart1/RX_fifo_buff[8][2]                |  SLICEL  | R19C64M  |
| ahb_uart1/RX_fifo_buff[8][3]                |  SLICEL  | R20C63M  |
| ahb_uart1/RX_fifo_buff[8][5]                |  SLICEL  | R19C61M  |
| ahb_uart1/RX_fifo_buff[8][7]                |  SLICEL  | R19C65L  |
| ahb_uart1/RX_fifo_buff[9][2]                |  SLICEL  | R19C64L  |
| ahb_uart1/RX_fifo_buff[9][3]                |  SLICEL  | R22C64M  |
| ahb_uart1/RX_fifo_buff[9][5]                |  SLICEL  | R20C61L  |
| ahb_uart1/RX_fifo_buff[9][7]                |  SLICEL  | R19C62L  |
| ahb_uart1/RX_fifo_buff[10][2]               |  SLICEL  | R21C65L  |
| ahb_uart1/RX_fifo_buff[10][3]               |  SLICEL  | R22C65L  |
| ahb_uart1/RX_fifo_buff[10][5]               |  SLICEL  | R19C61L  |
| ahb_uart1/RX_fifo_buff[10][7]               |  SLICEL  | R20C60L  |
| ahb_uart1/RX_fifo_buff[11][2]               |  SLICEL  | R23C65L  |
| ahb_uart1/RX_fifo_buff[11][3]               |  SLICEL  | R22C64L  |
| ahb_uart1/RX_fifo_buff[11][5]               |  SLICEL  | R18C61L  |
| ahb_uart1/RX_fifo_buff[11][7]               |  SLICEL  | R18C62L  |
| ahb_uart1/RX_fifo_buff[12][2]               |  SLICEL  | R21C64L  |
| ahb_uart1/RX_fifo_buff[12][3]               |  SLICEL  | R21C63M  |
| ahb_uart1/RX_fifo_buff[12][5]               |  SLICEL  | R21C62L  |
| ahb_uart1/RX_fifo_buff[12][7]               |  SLICEL  | R18C63M  |
| ahb_uart1/RX_fifo_buff[13][3]               |  SLICEL  | R24C63M  |
| ahb_uart1/RX_fifo_buff[13][4]               |  SLICEL  | R21C65M  |
| ahb_uart1/RX_fifo_buff[13][6]               |  SLICEL  | R19C63M  |
| ahb_uart1/RX_fifo_buff[14][2]               |  SLICEL  | R25C64M  |
| ahb_uart1/RX_fifo_buff[14][3]               |  SLICEL  | R22C61M  |
| ahb_uart1/RX_fifo_buff[14][5]               |  SLICEL  | R21C60L  |
| ahb_uart1/RX_fifo_buff[14][7]               |  SLICEL  | R20C62M  |
| ahb_uart1/RX_fifo_buff[15][2]               |  SLICEL  | R21C66M  |
| ahb_uart1/RX_fifo_buff[15][3]               |  SLICEL  | R22C65M  |
| ahb_uart1/RX_fifo_buff[15][5]               |  SLICEL  | R20C60M  |
| ahb_uart1/RX_fifo_buff[15][7]               |  SLICEL  | R15C62L  |
| ahb_uart1/RX_samp_regs[4]                   |  SLICEL  | R11C67L  |
| ahb_epwm1/TBPRD_shadow[1]                   |  SLICEL  | R21C35L  |
| ahb_epwm1/TBPRD_shadow[3]                   |  SLICEL  | R24C40L  |
| ahb_epwm1/TBPRD_shadow[5]                   |  SLICEL  | R23C40M  |
| ahb_epwm1/TBPRD_shadow[7]                   |  SLICEL  | R18C39L  |
| ahb_epwm1/TBPRD_shadow[10]                  |  SLICEL  | R20C40M  |
| ahb_epwm1/TBPRD_shadow[12]                  |  SLICEL  | R20C41M  |
| ahb_epwm1/TBPRD_shadow[14]                  |  SLICEL  | R22C41M  |
| ahb_epwm1/CMPB_shadow[1]                    |  SLICEL  | R22C41L  |
| ahb_epwm1/CMPB_shadow[3]                    |  SLICEL  | R22C40M  |
| ahb_epwm1/CMPB_shadow[5]                    |  SLICEL  | R23C40L  |
| ahb_epwm1/CMPB_shadow[7]                    |  SLICEL  | R21C41L  |
| ahb_epwm1/CMPB_shadow[8]                    |  SLICEL  | R20C41L  |
| ahb_epwm1/CMPB_shadow[10]                   |  SLICEL  | R20C42L  |
| ahb_epwm1/CMPB_shadow[12]                   |  SLICEL  | R21C40M  |
| ahb_epwm1/CMPB_shadow[14]                   |  SLICEL  | R21C41M  |
| ahb_epwm1/CMPC_shadow[6]                    |  SLICEL  | R20C30M  |
| ahb_epwm1/size_reg[2]                       |  SLICEL  | R24C30M  |
| ahb_epwm1/size_reg[3]                       |  SLICEL  | R25C33M  |
| ahb_epwm1/addr_reg[5]                       |  SLICEL  | R25C37L  |
| ahb_epwm1/addr_reg[6]                       |  SLICEL  | R25C37M  |
| ahb_epwm1/addr_reg[8]                       |  SLICEL  | R24C36M  |
| ahb_epwm1/addr_reg[10]                      |  SLICEL  | R25C35L  |
| ahb_epwm1/addr_reg[12]                      |  SLICEL  | R26C36L  |
| ahb_epwm1/addr_reg[14]                      |  SLICEL  | R24C37M  |
| ahb_epwm1/CMPA[7]                           |  SLICEL  | R21C47L  |
| ahb_epwm1/CMPA[12]                          |  SLICEL  | R22C44M  |
| ahb_epwm1/CMPA[13]                          |  SLICEL  | R21C43L  |
| ahb_epwm1/CMPA[14]                          |  SLICEL  | R22C44L  |
| ahb_epwm1/CMPA[15]                          |  SLICEL  | R21C42L  |
| ahb_epwm1/CMPB[4]                           |  SLICEL  | R22C43L  |
| ahb_epwm1/CMPB[5]                           |  SLICEL  | R21C47M  |
| ahb_epwm1/CMPB[13]                          |  SLICEL  | R21C42M  |
| ahb_epwm1/CMPB[14]                          |  SLICEL  | R20C44L  |
| ahb_epwm1/CMPB[15]                          |  SLICEL  | R21C43M  |
+---------------------------------------------+----------+----------+
