Component: ARM Compiler 5.06 update 7 (build 960) Tool: armlink [4d3601]

==============================================================================

Section Cross References

    startup_cm3ds.o(STACK) refers (Special) to heapauxi.o(.text) for __use_two_region_memory
    startup_cm3ds.o(HEAP) refers (Special) to heapauxi.o(.text) for __use_two_region_memory
    startup_cm3ds.o(RESET) refers (Special) to heapauxi.o(.text) for __use_two_region_memory
    startup_cm3ds.o(RESET) refers to startup_cm3ds.o(STACK) for __initial_sp
    startup_cm3ds.o(RESET) refers to startup_cm3ds.o(.text) for Reset_Handler
    startup_cm3ds.o(RESET) refers to port.o(.emb_text) for SVC_Handler
    startup_cm3ds.o(RESET) refers to port.o(i.SysTick_Handler) for SysTick_Handler
    startup_cm3ds.o(RESET) refers to int_handlers.o(i.UART0_Handler) for UART0_Handler
    startup_cm3ds.o(.text) refers (Special) to heapauxi.o(.text) for __use_two_region_memory
    startup_cm3ds.o(.text) refers to system_cm3ds.o(i.SystemInit) for SystemInit
    startup_cm3ds.o(.text) refers to __main.o(!!!main) for __main
    startup_cm3ds.o(.text) refers to startup_cm3ds.o(HEAP) for Heap_Mem
    startup_cm3ds.o(.text) refers to startup_cm3ds.o(STACK) for Stack_Mem
    system_cm3ds.o(i.SystemCoreClockUpdate) refers to system_cm3ds.o(.data) for .data
    system_cm3ds.o(i.SystemInit) refers to system_cm3ds.o(.data) for .data
    cm3ds_adc.o(i.ADC_DeInit) refers to cm3ds_rcc.o(i.RCC_APB1PeriphResetCmd) for RCC_APB1PeriphResetCmd
    cm3ds_dualtimer.o(i.DTIM_DeInit) refers to cm3ds_rcc.o(i.RCC_APB1PeriphResetCmd) for RCC_APB1PeriphResetCmd
    cm3ds_i2c.o(i.I2C_DeInit) refers to cm3ds_rcc.o(i.RCC_APB1PeriphResetCmd) for RCC_APB1PeriphResetCmd
    cm3ds_spi.o(i.SSP_DeInit) refers to cm3ds_rcc.o(i.RCC_APB1PeriphResetCmd) for RCC_APB1PeriphResetCmd
    cm3ds_timer.o(i.TIM_DeInit) refers to cm3ds_rcc.o(i.RCC_APB1PeriphResetCmd) for RCC_APB1PeriphResetCmd
    cm3ds_uart.o(i.UART_DeInit) refers to cm3ds_rcc.o(i.RCC_APB1PeriphResetCmd) for RCC_APB1PeriphResetCmd
    cm3ds_uart.o(i.UART_Init) refers to system_cm3ds.o(.data) for SystemCoreClock
    cm3_retarget.o(i.fgetc) refers to cm3_retarget.o(i.UartGetc) for UartGetc
    cm3_retarget.o(i.fgetc) refers to cm3_retarget.o(i.UartPutc) for UartPutc
    cm3_retarget.o(i.fputc) refers to cm3_retarget.o(i.UartPutc) for UartPutc
    i2c_gpio.o(i.read_i2c) refers to i2c_gpio.o(i.hfUnitDelay) for hfUnitDelay
    i2c_gpio.o(i.read_i2c) refers to i2c_gpio.o(i.tyj_i2c_scl_read) for tyj_i2c_scl_read
    i2c_gpio.o(i.read_i2c) refers to i2c_gpio.o(i.tyj_i2c_sda_read) for tyj_i2c_sda_read
    i2c_gpio.o(i.start_i2c) refers to i2c_gpio.o(i.hfUnitDelay) for hfUnitDelay
    i2c_gpio.o(i.start_i2c) refers to i2c_gpio.o(i.tyj_i2c_scl_read) for tyj_i2c_scl_read
    i2c_gpio.o(i.start_i2c) refers to i2c_gpio.o(i.tyj_i2c_sda_read) for tyj_i2c_sda_read
    i2c_gpio.o(i.stop_i2c) refers to i2c_gpio.o(i.hfUnitDelay) for hfUnitDelay
    i2c_gpio.o(i.stop_i2c) refers to i2c_gpio.o(i.tyj_i2c_scl_read) for tyj_i2c_scl_read
    i2c_gpio.o(i.stop_i2c) refers to i2c_gpio.o(i.tyj_i2c_sda_read) for tyj_i2c_sda_read
    i2c_gpio.o(i.swi2c_init) refers to system_cm3ds.o(.data) for SystemCoreClock
    i2c_gpio.o(i.write_i2c) refers to i2c_gpio.o(i.hfUnitDelay) for hfUnitDelay
    i2c_gpio.o(i.write_i2c) refers to i2c_gpio.o(i.tyj_i2c_scl_read) for tyj_i2c_scl_read
    i2c_gpio.o(i.write_i2c) refers to i2c_gpio.o(i.tyj_i2c_sda_read) for tyj_i2c_sda_read
    lcd_9488_drv.o(i.LCD_Clear) refers to lcd_9488_drv.o(i.LCD_Set_Window) for LCD_Set_Window
    lcd_9488_drv.o(i.LCD_DrawLine) refers to lcd_9488_drv.o(i.LCD_DrawPoint_color) for LCD_DrawPoint_color
    lcd_9488_drv.o(i.LCD_DrawLine) refers to lcd_9488_drv.o(.data) for .data
    lcd_9488_drv.o(i.LCD_DrawPoint_color) refers to lcd_9488_drv.o(i.LCD_Set_Window) for LCD_Set_Window
    lcd_9488_drv.o(i.LCD_DrawRectangle) refers to lcd_9488_drv.o(i.LCD_DrawLine) for LCD_DrawLine
    lcd_9488_drv.o(i.LCD_Draw_Circle) refers to lcd_9488_drv.o(i.LCD_DrawPoint_color) for LCD_DrawPoint_color
    lcd_9488_drv.o(i.LCD_Draw_Circle) refers to lcd_9488_drv.o(.data) for .data
    lcd_9488_drv.o(i.LCD_Init) refers to _printf_percent.o(.ARM.Collect$$_printf_percent$$00000000) for _printf_percent
    lcd_9488_drv.o(i.LCD_Init) refers to _printf_x.o(.ARM.Collect$$_printf_percent$$0000000C) for _printf_x
    lcd_9488_drv.o(i.LCD_Init) refers to _printf_hex_int.o(.text) for _printf_longlong_hex
    lcd_9488_drv.o(i.LCD_Init) refers to cm3ds_gpio.o(i.GPIO_ResetBit) for GPIO_ResetBit
    lcd_9488_drv.o(i.LCD_Init) refers to delay.o(i.delay_ms) for delay_ms
    lcd_9488_drv.o(i.LCD_Init) refers to cm3ds_gpio.o(i.GPIO_SetBit) for GPIO_SetBit
    lcd_9488_drv.o(i.LCD_Init) refers to lcd_9488_drv.o(i.LCD_RD_DATA) for LCD_RD_DATA
    lcd_9488_drv.o(i.LCD_Init) refers to noretval__2printf.o(.text) for __2printf
    lcd_9488_drv.o(i.LCD_Init) refers to lcd_9488_drv.o(i.LCD_Scan_Dir) for LCD_Scan_Dir
[...]
    x$fpl$retnan                             0x00005a62   Section      100  retnan.o(x$fpl$retnan)
    x$fpl$scalbnf                            0x00005ac6   Section       76  scalbnf.o(x$fpl$scalbnf)
    x$fpl$trapveneer                         0x00005b12   Section       48  trapv.o(x$fpl$trapveneer)
    .constdata                               0x00005b42   Section     1520  lcd_9488_drv.o(.constdata)
    x$fpl$usenofp                            0x00005b42   Section        0  usenofp.o(x$fpl$usenofp)
    asc2_1608                                0x00005b42   Data        1520  lcd_9488_drv.o(.constdata)
    .constdata                               0x00006134   Section     1032  scd.o(.constdata)
    .constdata                               0x0000653c   Section       80  scd_reg.o(.constdata)
    .constdata                               0x0000658c   Section       40  _printf_hex_int.o(.constdata)
    uc_hextab                                0x0000658c   Data          20  _printf_hex_int.o(.constdata)
    lc_hextab                                0x000065a0   Data          20  _printf_hex_int.o(.constdata)
    .constdata                               0x000065b4   Section       17  __printf_flags_wp.o(.constdata)
    maptable                                 0x000065b4   Data          17  __printf_flags_wp.o(.constdata)
    .constdata                               0x000065c8   Section      148  bigflt0.o(.constdata)
    tenpwrs_x                                0x000065c8   Data          60  bigflt0.o(.constdata)
    tenpwrs_i                                0x00006604   Data          64  bigflt0.o(.constdata)
    .conststring                             0x0000665c   Section       32  scd.o(.conststring)
    locale$$data                             0x0000669c   Section       28  lc_numeric_c.o(locale$$data)
    __lcnum_c_name                           0x000066a0   Data           2  lc_numeric_c.o(locale$$data)
    __lcnum_c_start                          0x000066a8   Data           0  lc_numeric_c.o(locale$$data)
    __lcnum_c_point                          0x000066b4   Data           0  lc_numeric_c.o(locale$$data)
    __lcnum_c_thousands                      0x000066b6   Data           0  lc_numeric_c.o(locale$$data)
    __lcnum_c_grouping                       0x000066b7   Data           0  lc_numeric_c.o(locale$$data)
    __lcnum_c_end                            0x000066b8   Data           0  lc_numeric_c.o(locale$$data)
    .data                                    0x20000000   Section        4  system_cm3ds.o(.data)
    .data                                    0x20000004   Section        4  cm3_retarget.o(.data)
    .data                                    0x20000008   Section        8  lcd_9488_drv.o(.data)
    .data                                    0x20000010   Section       28  heap_4.o(.data)
    pxEnd                                    0x20000010   Data           4  heap_4.o(.data)
    xFreeBytesRemaining                      0x20000014   Data           4  heap_4.o(.data)
    xMinimumEverFreeBytesRemaining           0x20000018   Data           4  heap_4.o(.data)
    xNumberOfSuccessfulAllocations           0x2000001c   Data           4  heap_4.o(.data)
    xNumberOfSuccessfulFrees                 0x20000020   Data           4  heap_4.o(.data)
    xStart                                   0x20000024   Data           8  heap_4.o(.data)
    .data                                    0x2000002c   Section       12  port.o(.data)
    ucMaxSysCallPriority                     0x2000002c   Data           1  port.o(.data)
    uxCriticalNesting                        0x20000030   Data           4  port.o(.data)
    ulMaxPRIGROUPValue                       0x20000034   Data           4  port.o(.data)
    .data                                    0x20000038   Section       64  tasks.o(.data)
    uxDeletedTasksWaitingCleanUp             0x2000003c   Data           4  tasks.o(.data)
    uxCurrentNumberOfTasks                   0x20000040   Data           4  tasks.o(.data)
    xTickCount                               0x20000044   Data           4  tasks.o(.data)
    uxTopReadyPriority                       0x20000048   Data           4  tasks.o(.data)
    xSchedulerRunning                        0x2000004c   Data           4  tasks.o(.data)
    xPendedTicks                             0x20000050   Data           4  tasks.o(.data)
    xYieldPendings                           0x20000054   Data           4  tasks.o(.data)
    xNumOfOverflows                          0x20000058   Data           4  tasks.o(.data)
    uxTaskNumber                             0x2000005c   Data           4  tasks.o(.data)
    xNextTaskUnblockTime                     0x20000060   Data           4  tasks.o(.data)
    uxTopUsedPriority                        0x20000064   Data           4  tasks.o(.data)
    uxSchedulerSuspended                     0x20000068   Data           4  tasks.o(.data)
    pxDelayedTaskList                        0x2000006c   Data           4  tasks.o(.data)
    pxOverflowDelayedTaskList                0x20000070   Data           4  tasks.o(.data)
    xIdleTaskHandles                         0x20000074   Data           4  tasks.o(.data)
    .data                                    0x20000078   Section       20  timers.o(.data)
    xTimerQueue                              0x20000078   Data           4  timers.o(.data)
    xTimerTaskHandle                         0x2000007c   Data           4  timers.o(.data)
    xLastTime                                0x20000080   Data           4  timers.o(.data)
    pxCurrentTimerList                       0x20000084   Data           4  timers.o(.data)
    pxOverflowTimerList                      0x20000088   Data           4  timers.o(.data)
    .data                                    0x2000008c   Section       36  main.o(.data)
    .data                                    0x200000b0   Section        2  main.o(.data)
    .data                                    0x200000b2   Section        2  main.o(.data)
    .data                                    0x200000b4   Section        2  main.o(.data)
    .data                                    0x200000b6   Section        2  main.o(.data)
    .data                                    0x200000b8   Section        2  main.o(.data)
    .data                                    0x200000ba   Section        2  main.o(.data)
    .data                                    0x200000bc   Section        2  main.o(.data)
    .data                                    0x200000be   Section        2  main.o(.data)
    .data                                    0x200000c0   Section        2  main.o(.data)
    .data                                    0x200000c4   Section       64  scd.o(.data)
    checkUint16Sum                           0x200000c4   Data           2  scd.o(.data)
    checkUint16Sum                           0x200000c6   Data           2  scd.o(.data)
    SCD_CMD_TAB                              0x200000c8   Data          20  scd.o(.data)
    SCD_CMD_FCNS                             0x200000dc   Data          20  scd.o(.data)
    SCD_PROTOCOL_FCNS                        0x200000f0   Data          20  scd.o(.data)
    .data                                    0x20000104   Section       16  scd_reg.o(.data)
    .bss                                     0x20000114   Section    20480  heap_4.o(.bss)
    ucHeap                                   0x20000114   Data       20480  heap_4.o(.bss)
    .bss                                     0x20005114   Section      364  tasks.o(.bss)
    pxReadyTasksLists                        0x20005114   Data         224  tasks.o(.bss)
    xDelayedTaskList1                        0x200051f4   Data          28  tasks.o(.bss)
    xDelayedTaskList2                        0x20005210   Data          28  tasks.o(.bss)
    xPendingReadyList                        0x2000522c   Data          28  tasks.o(.bss)
    xTasksWaitingTermination                 0x20005248   Data          28  tasks.o(.bss)
    xSuspendedTaskList                       0x20005264   Data          28  tasks.o(.bss)
    .bss                                     0x20005280   Section       56  timers.o(.bss)
    xActiveTimerList1                        0x20005280   Data          28  timers.o(.bss)
    xActiveTimerList2                        0x2000529c   Data          28  timers.o(.bss)
    .bss                                     0x200052b8   Section       92  main.o(.bss)
    touchInfo1                               0x200052b8   Data          42  main.o(.bss)
    .bss                                     0x20005314   Section      224  scd_reg.o(.bss)
    .bss                                     0x200053f4   Section       96  libspace.o(.bss)
    HEAP                                     0x20005458   Section        0  startup_cm3ds.o(HEAP)
    STACK                                    0x20005458   Section     4096  startup_cm3ds.o(STACK)
    Heap_Mem                                 0x20005458   Data           0  startup_cm3ds.o(HEAP)
    Stack_Mem                                0x20005458   Data        4096  startup_cm3ds.o(STACK)
    __initial_sp                             0x20006458   Data           0  startup_cm3ds.o(STACK)

    Global Symbols

    Symbol Name                              Value     Ov Type        Size  Object(Section)

    BuildAttributes$$THM_ISAv4$P$D$K$B$S$PE$A:L22UL41UL21$X:L11$S22US41US21$IEEE1$IW$USESV6$~STKCKD$USESV7$~SHL$OTIME$ROPI$IEEEJ$EBA8$UX$STANDARDLIB$REQ8$PRES8$EABIv2 0x00000000   Number         0  anon$$obj.o ABSOLUTE
    __ARM_use_no_argv                        0x00000000   Number         0  main.o ABSOLUTE
    __Vectors                                0x00000000   Data           4  startup_cm3ds.o(RESET)
    _printf_flags                            0x00000000   Number         0  printf_stubs.o ABSOLUTE
    _printf_return_value                     0x00000000   Number         0  printf_stubs.o ABSOLUTE
    _printf_sizespec                         0x00000000   Number         0  printf_stubs.o ABSOLUTE
    _printf_widthprec                        0x00000000   Number         0  printf_stubs.o ABSOLUTE
    __ARM_exceptions_init                     - Undefined Weak Reference
    __alloca_initialize                       - Undefined Weak Reference
    __arm_fini_                               - Undefined Weak Reference
    __arm_preinit_                            - Undefined Weak Reference
    __cpp_initialize__aeabi_                  - Undefined Weak Reference
    __cxa_finalize                            - Undefined Weak Reference
    __sigvec_lookup                           - Undefined Weak Reference
    _atexit_init                              - Undefined Weak Reference
    _call_atexit_fns                          - Undefined Weak Reference
    _clock_init                               - Undefined Weak Reference
    _fp_trap_init                             - Undefined Weak Reference
    _fp_trap_shutdown                         - Undefined Weak Reference
    _get_lc_collate                           - Undefined Weak Reference
    _get_lc_ctype                             - Undefined Weak Reference
    _get_lc_monetary                          - Undefined Weak Reference
    _get_lc_time                              - Undefined Weak Reference
    _getenv_init                              - Undefined Weak Reference
    _handle_redirection                       - Undefined Weak Reference
    _init_alloc                               - Undefined Weak Reference
    _init_user_alloc                          - Undefined Weak Reference
    _initio                                   - Undefined Weak Reference
    _mutex_acquire                            - Undefined Weak Reference
    _mutex_release                            - Undefined Weak Reference
    _printf_mbtowc                            - Undefined Weak Reference
    _printf_truncate_signed                   - Undefined Weak Reference
    _printf_truncate_unsigned                 - Undefined Weak Reference
    _rand_init                                - Undefined Weak Reference
    _signal_finish                            - Undefined Weak Reference
    _signal_init                              - Undefined Weak Reference
    _terminate_alloc                          - Undefined Weak Reference
    _terminate_user_alloc                     - Undefined Weak Reference
    _terminateio                              - Undefined Weak Reference
    __Vectors_End                            0x00000140   Data           0  startup_cm3ds.o(RESET)
    __Vectors_Size                           0x00000140   Number         0  startup_cm3ds.o ABSOLUTE
    __main                                   0x00000141   Thumb Code     8  __main.o(!!!main)
    __scatterload                            0x00000149   Thumb Code     0  __scatter.o(!!!scatter)
    __scatterload_rt2                        0x00000149   Thumb Code    44  __scatter.o(!!!scatter)
    __scatterload_rt2_thumb_only             0x00000149   Thumb Code     0  __scatter.o(!!!scatter)
    __scatterload_null                       0x00000157   Thumb Code     0  __scatter.o(!!!scatter)
    __scatterload_copy                       0x0000017d   Thumb Code    26  __scatter_copy.o(!!handler_copy)
    __scatterload_zeroinit                   0x00000199   Thumb Code    28  __scatter_zi.o(!!handler_zi)
    _printf_f                                0x000001b5   Thumb Code     0  _printf_f.o(.ARM.Collect$$_printf_percent$$00000003)
    _printf_percent                          0x000001b5   Thumb Code     0  _printf_percent.o(.ARM.Collect$$_printf_percent$$00000000)
    _printf_d                                0x000001bb   Thumb Code     0  _printf_d.o(.ARM.Collect$$_printf_percent$$00000009)
    _printf_x                                0x000001c1   Thumb Code     0  _printf_x.o(.ARM.Collect$$_printf_percent$$0000000C)
    _printf_s                                0x000001c7   Thumb Code     0  _printf_s.o(.ARM.Collect$$_printf_percent$$00000014)
    _printf_percent_end                      0x000001cd   Thumb Code     0  _printf_percent_end.o(.ARM.Collect$$_printf_percent$$00000017)
    __rt_lib_init                            0x000001d1   Thumb Code     0  libinit.o(.ARM.Collect$$libinit$$00000000)
    __rt_lib_init_fp_1                       0x000001d3   Thumb Code     0  libinit2.o(.ARM.Collect$$libinit$$00000002)
    __rt_lib_init_heap_1                     0x000001d3   Thumb Code     0  libinit2.o(.ARM.Collect$$libinit$$0000000A)
    __rt_lib_init_lc_common                  0x000001d3   Thumb Code     0  libinit2.o(.ARM.Collect$$libinit$$0000000F)
    __rt_lib_init_preinit_1                  0x000001d3   Thumb Code     0  libinit2.o(.ARM.Collect$$libinit$$00000004)
    __rt_lib_init_rand_1                     0x000001d3   Thumb Code     0  libinit2.o(.ARM.Collect$$libinit$$0000000E)
    __rt_lib_init_user_alloc_1               0x000001d3   Thumb Code     0  libinit2.o(.ARM.Collect$$libinit$$0000000C)
    __rt_lib_init_lc_collate_1               0x000001d9   Thumb Code     0  libinit2.o(.ARM.Collect$$libinit$$00000011)
    __rt_lib_init_lc_ctype_1                 0x000001d9   Thumb Code     0  libinit2.o(.ARM.Collect$$libinit$$00000013)
    __rt_lib_init_lc_monetary_1              0x000001d9   Thumb Code     0  libinit2.o(.ARM.Collect$$libinit$$00000015)
    __rt_lib_init_lc_numeric_2               0x000001d9   Thumb Code     0  libinit2.o(.ARM.Collect$$libinit$$00000016)
    __rt_lib_init_alloca_1                   0x000001e3   Thumb Code     0  libinit2.o(.ARM.Collect$$libinit$$0000002E)
    __rt_lib_init_argv_1                     0x000001e3   Thumb Code     0  libinit2.o(.ARM.Collect$$libinit$$0000002C)
    __rt_lib_init_atexit_1                   0x000001e3   Thumb Code     0  libinit2.o(.ARM.Collect$$libinit$$0000001B)
    __rt_lib_init_clock_1                    0x000001e3   Thumb Code     0  libinit2.o(.ARM.Collect$$libinit$$00000021)
    __rt_lib_init_cpp_1                      0x000001e3   Thumb Code     0  libinit2.o(.ARM.Collect$$libinit$$00000032)
    __rt_lib_init_exceptions_1               0x000001e3   Thumb Code     0  libinit2.o(.ARM.Collect$$libinit$$00000030)
    __rt_lib_init_fp_trap_1                  0x000001e3   Thumb Code     0  libinit2.o(.ARM.Collect$$libinit$$0000001F)
    __rt_lib_init_getenv_1                   0x000001e3   Thumb Code     0  libinit2.o(.ARM.Collect$$libinit$$00000023)
    __rt_lib_init_lc_numeric_1               0x000001e3   Thumb Code     0  libinit2.o(.ARM.Collect$$libinit$$00000017)
    __rt_lib_init_lc_time_1                  0x000001e3   Thumb Code     0  libinit2.o(.ARM.Collect$$libinit$$00000019)
    __rt_lib_init_return                     0x000001e3   Thumb Code     0  libinit2.o(.ARM.Collect$$libinit$$00000033)
    __rt_lib_init_signal_1                   0x000001e3   Thumb Code     0  libinit2.o(.ARM.Collect$$libinit$$0000001D)
    __rt_lib_init_stdio_1                    0x000001e3   Thumb Code     0  libinit2.o(.ARM.Collect$$libinit$$00000025)
    __rt_lib_shutdown                        0x000001e5   Thumb Code     0  libshutdown.o(.ARM.Collect$$libshutdown$$00000000)
    __rt_lib_shutdown_cpp_1                  0x000001e7   Thumb Code     0  libshutdown2.o(.ARM.Collect$$libshutdown$$00000004)
    __rt_lib_shutdown_fini_1                 0x000001e7   Thumb Code     0  libshutdown2.o(.ARM.Collect$$libshutdown$$00000002)
    __rt_lib_shutdown_fp_trap_1              0x000001e7   Thumb Code     0  libshutdown2.o(.ARM.Collect$$libshutdown$$00000009)
    __rt_lib_shutdown_heap_1                 0x000001e7   Thumb Code     0  libshutdown2.o(.ARM.Collect$$libshutdown$$00000011)
    __rt_lib_shutdown_return                 0x000001e7   Thumb Code     0  libshutdown2.o(.ARM.Collect$$libshutdown$$00000012)
    __rt_lib_shutdown_signal_1               0x000001e7   Thumb Code     0  libshutdown2.o(.ARM.Collect$$libshutdown$$0000000C)
    __rt_lib_shutdown_stdio_1                0x000001e7   Thumb Code     0  libshutdown2.o(.ARM.Collect$$libshutdown$$00000006)
    __rt_lib_shutdown_user_alloc_1           0x000001e7   Thumb Code     0  libshutdown2.o(.ARM.Collect$$libshutdown$$0000000E)
    __rt_entry                               0x000001e9   Thumb Code     0  __rtentry.o(.ARM.Collect$$rtentry$$00000000)
    __rt_entry_presh_1                       0x000001e9   Thumb Code     0  __rtentry2.o(.ARM.Collect$$rtentry$$00000002)
    __rt_entry_sh                            0x000001e9   Thumb Code     0  __rtentry4.o(.ARM.Collect$$rtentry$$00000004)
    __rt_entry_li                            0x000001ef   Thumb Code     0  __rtentry2.o(.ARM.Collect$$rtentry$$0000000A)
    __rt_entry_postsh_1                      0x000001ef   Thumb Code     0  __rtentry2.o(.ARM.Collect$$rtentry$$00000009)
    __rt_entry_main                          0x000001f3   Thumb Code     0  __rtentry2.o(.ARM.Collect$$rtentry$$0000000D)
    __rt_entry_postli_1                      0x000001f3   Thumb Code     0  __rtentry2.o(.ARM.Collect$$rtentry$$0000000C)
    __rt_exit                                0x000001fb   Thumb Code     0  rtexit.o(.ARM.Collect$$rtexit$$00000000)
    __rt_exit_ls                             0x000001fd   Thumb Code     0  rtexit2.o(.ARM.Collect$$rtexit$$00000003)
    __rt_exit_prels_1                        0x000001fd   Thumb Code     0  rtexit2.o(.ARM.Collect$$rtexit$$00000002)
    __rt_exit_exit                           0x00000201   Thumb Code     0  rtexit2.o(.ARM.Collect$$rtexit$$00000004)
    SVC_Handler                              0x00000209   Thumb Code    32  port.o(.emb_text)
    __asm___6_port_c_39a90d8d__prvStartFirstTask 0x0000022d   Thumb Code    28  port.o(.emb_text)
    PendSV_Handler                           0x0000024d   Thumb Code    72  port.o(.emb_text)
    vPortGetIPSR                             0x00000299   Thumb Code     6  port.o(.emb_text)
    SysCtlDelay                              0x000002a1   Thumb Code     6  delay.o(.emb_text)
    Reset_Handler                            0x000002a9   Thumb Code     8  startup_cm3ds.o(.text)
    NMI_Handler                              0x000002b1   Thumb Code     2  startup_cm3ds.o(.text)
    HardFault_Handler                        0x000002b3   Thumb Code     2  startup_cm3ds.o(.text)
    MemManage_Handler                        0x000002b5   Thumb Code     2  startup_cm3ds.o(.text)
    BusFault_Handler                         0x000002b7   Thumb Code     2  startup_cm3ds.o(.text)
    UsageFault_Handler                       0x000002b9   Thumb Code     2  startup_cm3ds.o(.text)
    DebugMon_Handler                         0x000002bd   Thumb Code     2  startup_cm3ds.o(.text)
    ADC_Handler                              0x000002c3   Thumb Code     0  startup_cm3ds.o(.text)
    DMACINTERR_Handler                       0x000002c3   Thumb Code     0  startup_cm3ds.o(.text)
    DMACINTR_Handler                         0x000002c3   Thumb Code     0  startup_cm3ds.o(.text)
    DMACINTTC_Handler                        0x000002c3   Thumb Code     0  startup_cm3ds.o(.text)
    DUALTIMER_HANDLER                        0x000002c3   Thumb Code     0  startup_cm3ds.o(.text)
    EXT0_Handler                             0x000002c3   Thumb Code     0  startup_cm3ds.o(.text)
    EXT10_Handler                            0x000002c3   Thumb Code     0  startup_cm3ds.o(.text)
    EXT11_Handler                            0x000002c3   Thumb Code     0  startup_cm3ds.o(.text)
    EXT12_Handler                            0x000002c3   Thumb Code     0  startup_cm3ds.o(.text)
    EXT13_Handler                            0x000002c3   Thumb Code     0  startup_cm3ds.o(.text)
    EXT14_Handler                            0x000002c3   Thumb Code     0  startup_cm3ds.o(.text)
    EXT15_Handler                            0x000002c3   Thumb Code     0  startup_cm3ds.o(.text)
    EXT1_Handler                             0x000002c3   Thumb Code     0  startup_cm3ds.o(.text)
    EXT2_Handler                             0x000002c3   Thumb Code     0  startup_cm3ds.o(.text)
    EXT3_Handler                             0x000002c3   Thumb Code     0  startup_cm3ds.o(.text)
    EXT4_Handler                             0x000002c3   Thumb Code     0  startup_cm3ds.o(.text)
    EXT5_Handler                             0x000002c3   Thumb Code     0  startup_cm3ds.o(.text)
    EXT6_Handler                             0x000002c3   Thumb Code     0  startup_cm3ds.o(.text)
    EXT7_Handler                             0x000002c3   Thumb Code     0  startup_cm3ds.o(.text)
    EXT8_Handler                             0x000002c3   Thumb Code     0  startup_cm3ds.o(.text)
    EXT9_Handler                             0x000002c3   Thumb Code     0  startup_cm3ds.o(.text)
    I2C_Handler                              0x000002c3   Thumb Code     0  startup_cm3ds.o(.text)
    MPS2_SSP0_Handler                        0x000002c3   Thumb Code     0  startup_cm3ds.o(.text)
    MPS2_SSP1_Handler                        0x000002c3   Thumb Code     0  startup_cm3ds.o(.text)
    PORT0_0_Handler                          0x000002c3   Thumb Code     0  startup_cm3ds.o(.text)
    PORT0_10_Handler                         0x000002c3   Thumb Code     0  startup_cm3ds.o(.text)
    PORT0_11_Handler                         0x000002c3   Thumb Code     0  startup_cm3ds.o(.text)
    PORT0_12_Handler                         0x000002c3   Thumb Code     0  startup_cm3ds.o(.text)
    PORT0_13_Handler                         0x000002c3   Thumb Code     0  startup_cm3ds.o(.text)
    PORT0_14_Handler                         0x000002c3   Thumb Code     0  startup_cm3ds.o(.text)
    PORT0_15_Handler                         0x000002c3   Thumb Code     0  startup_cm3ds.o(.text)
    PORT0_16_Handler                         0x000002c3   Thumb Code     0  startup_cm3ds.o(.text)
    PORT0_17_Handler                         0x000002c3   Thumb Code     0  startup_cm3ds.o(.text)
    PORT0_18_Handler                         0x000002c3   Thumb Code     0  startup_cm3ds.o(.text)
    PORT0_19_Handler                         0x000002c3   Thumb Code     0  startup_cm3ds.o(.text)
    PORT0_1_Handler                          0x000002c3   Thumb Code     0  startup_cm3ds.o(.text)
    PORT0_20_Handler                         0x000002c3   Thumb Code     0  startup_cm3ds.o(.text)
    PORT0_21_Handler                         0x000002c3   Thumb Code     0  startup_cm3ds.o(.text)
    PORT0_22_Handler                         0x000002c3   Thumb Code     0  startup_cm3ds.o(.text)
    PORT0_23_Handler                         0x000002c3   Thumb Code     0  startup_cm3ds.o(.text)
    PORT0_24_Handler                         0x000002c3   Thumb Code     0  startup_cm3ds.o(.text)
    PORT0_25_Handler                         0x000002c3   Thumb Code     0  startup_cm3ds.o(.text)
    PORT0_26_Handler                         0x000002c3   Thumb Code     0  startup_cm3ds.o(.text)
    PORT0_27_Handler                         0x000002c3   Thumb Code     0  startup_cm3ds.o(.text)
    PORT0_28_Handler                         0x000002c3   Thumb Code     0  startup_cm3ds.o(.text)
    PORT0_29_Handler                         0x000002c3   Thumb Code     0  startup_cm3ds.o(.text)
    PORT0_2_Handler                          0x000002c3   Thumb Code     0  startup_cm3ds.o(.text)
    PORT0_30_Handler                         0x000002c3   Thumb Code     0  startup_cm3ds.o(.text)
    PORT0_31_Handler                         0x000002c3   Thumb Code     0  startup_cm3ds.o(.text)
    PORT0_3_Handler                          0x000002c3   Thumb Code     0  startup_cm3ds.o(.text)
    PORT0_4_Handler                          0x000002c3   Thumb Code     0  startup_cm3ds.o(.text)
    PORT0_5_Handler                          0x000002c3   Thumb Code     0  startup_cm3ds.o(.text)
    PORT0_6_Handler                          0x000002c3   Thumb Code     0  startup_cm3ds.o(.text)
    PORT0_7_Handler                          0x000002c3   Thumb Code     0  startup_cm3ds.o(.text)
    PORT0_8_Handler                          0x000002c3   Thumb Code     0  startup_cm3ds.o(.text)
    PORT0_9_Handler                          0x000002c3   Thumb Code     0  startup_cm3ds.o(.text)
    PORT0_COMB_Handler                       0x000002c3   Thumb Code     0  startup_cm3ds.o(.text)
    Spare11_Handler                          0x000002c3   Thumb Code     0  startup_cm3ds.o(.text)
    Spare13_Handler                          0x000002c3   Thumb Code     0  startup_cm3ds.o(.text)
    Spare14_Handler                          0x000002c3   Thumb Code     0  startup_cm3ds.o(.text)
    Spare15_Handler                          0x000002c3   Thumb Code     0  startup_cm3ds.o(.text)
    Spare51_Handler                          0x000002c3   Thumb Code     0  startup_cm3ds.o(.text)
    Spare52_Handler                          0x000002c3   Thumb Code     0  startup_cm3ds.o(.text)
    Spare53_Handler                          0x000002c3   Thumb Code     0  startup_cm3ds.o(.text)
    Spare54_Handler                          0x000002c3   Thumb Code     0  startup_cm3ds.o(.text)
    Spare55_Handler                          0x000002c3   Thumb Code     0  startup_cm3ds.o(.text)
    Spare56_Handler                          0x000002c3   Thumb Code     0  startup_cm3ds.o(.text)
    Spare57_Handler                          0x000002c3   Thumb Code     0  startup_cm3ds.o(.text)
    Spare58_Handler                          0x000002c3   Thumb Code     0  startup_cm3ds.o(.text)
    Spare59_Handler                          0x000002c3   Thumb Code     0  startup_cm3ds.o(.text)
    Spare60_Handler                          0x000002c3   Thumb Code     0  startup_cm3ds.o(.text)
    Spare61_Handler                          0x000002c3   Thumb Code     0  startup_cm3ds.o(.text)
    Spare62_Handler                          0x000002c3   Thumb Code     0  startup_cm3ds.o(.text)
    Spare63_Handler                          0x000002c3   Thumb Code     0  startup_cm3ds.o(.text)
    Spare7_Handler                           0x000002c3   Thumb Code     0  startup_cm3ds.o(.text)
    TIMER0_Handler                           0x000002c3   Thumb Code     0  startup_cm3ds.o(.text)
    TIMER1_Handler                           0x000002c3   Thumb Code     0  startup_cm3ds.o(.text)
    UART1_Handler                            0x000002c3   Thumb Code     0  startup_cm3ds.o(.text)
    UARTOVF_Handler                          0x000002c3   Thumb Code     0  startup_cm3ds.o(.text)
    __user_initial_stackheap                 0x000002c5   Thumb Code    10  startup_cm3ds.o(.text)
    __2printf                                0x000002e5   Thumb Code    20  noretval__2printf.o(.text)
    __2sprintf                               0x000002fd   Thumb Code    34  noretval__2sprintf.o(.text)
    _printf_pre_padding                      0x00000325   Thumb Code    44  _printf_pad.o(.text)
    _printf_post_padding                     0x00000351   Thumb Code    34  _printf_pad.o(.text)
    _printf_str                              0x00000373   Thumb Code    82  _printf_str.o(.text)
    _printf_int_dec                          0x000003c5   Thumb Code   104  _printf_dec.o(.text)
    _printf_int_hex                          0x0000043d   Thumb Code    84  _printf_hex_int.o(.text)
    _printf_longlong_hex                     0x0000043d   Thumb Code     0  _printf_hex_int.o(.text)
    __printf                                 0x00000495   Thumb Code   308  __printf_flags_wp.o(.text)
    __aeabi_memcpy                           0x000005cd   Thumb Code     0  rt_memcpy_v6.o(.text)
    __rt_memcpy                              0x000005cd   Thumb Code   138  rt_memcpy_v6.o(.text)
    _memcpy_lastbytes                        0x00000633   Thumb Code     0  rt_memcpy_v6.o(.text)
    __aeabi_memset                           0x00000657   Thumb Code    16  aeabi_memset.o(.text)
    __aeabi_memclr                           0x00000667   Thumb Code     0  rt_memclr.o(.text)
    __rt_memclr                              0x00000667   Thumb Code    68  rt_memclr.o(.text)
    _memset                                  0x0000066b   Thumb Code     0  rt_memclr.o(.text)
    __aeabi_memclr4                          0x000006ab   Thumb Code     0  rt_memclr_w.o(.text)
    __aeabi_memclr8                          0x000006ab   Thumb Code     0  rt_memclr_w.o(.text)
    __rt_memclr_w                            0x000006ab   Thumb Code    78  rt_memclr_w.o(.text)
    _memset_w                                0x000006af   Thumb Code     0  rt_memclr_w.o(.text)
    __use_two_region_memory                  0x000006f9   Thumb Code     2  heapauxi.o(.text)
    __rt_heap_escrow$2region                 0x000006fb   Thumb Code     2  heapauxi.o(.text)
    __rt_heap_expand$2region                 0x000006fd   Thumb Code     2  heapauxi.o(.text)
    _printf_int_common                       0x000006ff   Thumb Code   178  _printf_intcommon.o(.text)
    __lib_sel_fp_printf                      0x000007b1   Thumb Code     2  _printf_fp_dec.o(.text)
    _printf_fp_dec_real                      0x00000963   Thumb Code   620  _printf_fp_dec.o(.text)
    _printf_char_common                      0x00000bdb   Thumb Code    32  _printf_char_common.o(.text)
    _sputc                                   0x00000c01   Thumb Code    10  _sputc.o(.text)
    _printf_cs_common                        0x00000c0b   Thumb Code    20  _printf_char.o(.text)
    _printf_char                             0x00000c1f   Thumb Code    16  _printf_char.o(.text)
    _printf_string                           0x00000c2f   Thumb Code     8  _printf_char.o(.text)
    _printf_char_file                        0x00000c39   Thumb Code    32  _printf_char_file.o(.text)
    __aeabi_memcpy4                          0x00000c5d   Thumb Code     0  rt_memcpy_w.o(.text)
    __aeabi_memcpy8                          0x00000c5d   Thumb Code     0  rt_memcpy_w.o(.text)
    __rt_memcpy_w                            0x00000c5d   Thumb Code   100  rt_memcpy_w.o(.text)
    _memcpy_lastbytes_aligned                0x00000ca5   Thumb Code     0  rt_memcpy_w.o(.text)
    __rt_locale                              0x00000cc1   Thumb Code     8  rt_locale_intlibspace.o(.text)
    _ll_udiv10                               0x00000cc9   Thumb Code   138  lludiv10.o(.text)
    _printf_fp_infnan                        0x00000d55   Thumb Code   112  _printf_fp_infnan.o(.text)
    _btod_etento                             0x00000dd5   Thumb Code   224  bigflt0.o(.text)
    ferror                                   0x00000eb9   Thumb Code     8  ferror.o(.text)
    __user_libspace                          0x00000ec1   Thumb Code     8  libspace.o(.text)
    __user_perproc_libspace                  0x00000ec1   Thumb Code     0  libspace.o(.text)
    __user_perthread_libspace                0x00000ec1   Thumb Code     0  libspace.o(.text)
    __user_setup_stackheap                   0x00000ec9   Thumb Code    74  sys_stackheap_outer.o(.text)
    exit                                     0x00000f13   Thumb Code    18  exit.o(.text)
    strcmp                                   0x00000f25   Thumb Code   128  strcmpv7m.o(.text)
    _sys_exit                                0x00000fa5   Thumb Code     8  sys_exit.o(.text)
    __I$use$semihosting                      0x00000fb1   Thumb Code     0  use_no_semi.o(.text)
    __use_no_semihosting_swi                 0x00000fb1   Thumb Code     2  use_no_semi.o(.text)
    __semihosting_library_function           0x00000fb3   Thumb Code     0  indicate_semi.o(.text)
    _btod_d2e                                0x00000fb3   Thumb Code    62  btod.o(CL$$btod_d2e)
    _d2e_denorm_low                          0x00000ff1   Thumb Code    70  btod.o(CL$$btod_d2e_denorm_low)
    _d2e_norm_op1                            0x00001037   Thumb Code    96  btod.o(CL$$btod_d2e_norm_op1)
    __btod_div_common                        0x00001097   Thumb Code   696  btod.o(CL$$btod_div_common)
    _e2e                                     0x000013cf   Thumb Code   220  btod.o(CL$$btod_e2e)
    _btod_ediv                               0x000014ab   Thumb Code    42  btod.o(CL$$btod_ediv)
    _btod_emul                               0x000014d5   Thumb Code    42  btod.o(CL$$btod_emul)
    __btod_mult_common                       0x000014ff   Thumb Code   580  btod.o(CL$$btod_mult_common)
    BME280_Configuration                     0x00001743   Thumb Code   132  thp_bme280_drv.o(i.BME280_Configuration)
    BME280_Get_ALL                           0x000017c9   Thumb Code   432  thp_bme280_drv.o(i.BME280_Get_ALL)
    BME280_Get_DIG                           0x00001981   Thumb Code   134  thp_bme280_drv.o(i.BME280_Get_DIG)
    BME280_ID                                0x00001a07   Thumb Code    20  thp_bme280_drv.o(i.BME280_ID)
    BME280_Init                              0x00001a1d   Thumb Code   116  main.o(i.BME280_Init)
    BME280_Reset                             0x00001b91   Thumb Code    18  thp_bme280_drv.o(i.BME280_Reset)
    DELAY_TICK                               0x00001c39   Thumb Code    18  delay.o(i.DELAY_TICK)
    GPIO_DeInit                              0x00001c4d   Thumb Code    14  cm3ds_gpio.o(i.GPIO_DeInit)
    GPIO_PinRemapConfig                      0x00001c61   Thumb Code    10  cm3ds_gpio.o(i.GPIO_PinRemapConfig)
    GPIO_ReadInputData                       0x00001c6b   Thumb Code    20  cm3ds_gpio.o(i.GPIO_ReadInputData)
    GPIO_ResetBit                            0x00001c81   Thumb Code   104  cm3ds_gpio.o(i.GPIO_ResetBit)
    GPIO_SetBit                              0x00001ced   Thumb Code   104  cm3ds_gpio.o(i.GPIO_SetBit)
    GT911_Scan                               0x00001d59   Thumb Code   120  touch_gt911_drv.o(i.GT911_Scan)
    GT911_init                               0x00001dd5   Thumb Code   126  touch_gt911_drv.o(i.GT911_init)
    GT9XX_ReadData                           0x00001ea9   Thumb Code   228  touch_gt911_drv.o(i.GT9XX_ReadData)
    GT9XX_WriteData                          0x00001f91   Thumb Code   126  touch_gt911_drv.o(i.GT9XX_WriteData)
    LCD_Clear                                0x00002015   Thumb Code    42  lcd_9488_drv.o(i.LCD_Clear)
    LCD_DrawPoint_color                      0x0000203f   Thumb Code    26  lcd_9488_drv.o(i.LCD_DrawPoint_color)
    LCD_Init                                 0x00002059   Thumb Code   384  lcd_9488_drv.o(i.LCD_Init)
    LCD_Scan_Dir                             0x000021f7   Thumb Code    68  lcd_9488_drv.o(i.LCD_Scan_Dir)
    LCD_Set_Window                           0x0000223b   Thumb Code    48  lcd_9488_drv.o(i.LCD_Set_Window)
    LCD_ShowChar                             0x0000226d   Thumb Code   180  lcd_9488_drv.o(i.LCD_ShowChar)
    LCD_ShowString                           0x00002329   Thumb Code    76  lcd_9488_drv.o(i.LCD_ShowString)
    LCD_fill                                 0x00002375   Thumb Code    38  lcd_9488_drv.o(i.LCD_fill)
    NVIC_Init                                0x0000239d   Thumb Code    94  cm3ds_misc.o(i.NVIC_Init)
    RCC_APB1PeriphResetCmd                   0x00002401   Thumb Code    18  cm3ds_rcc.o(i.RCC_APB1PeriphResetCmd)
    SCD_Rev1Byte                             0x000024fd   Thumb Code   122  scd.o(i.SCD_Rev1Byte)
    SysTick_Handler                          0x00002aa9   Thumb Code    38  port.o(i.SysTick_Handler)
    SystemInit                               0x00002ad5   Thumb Code     8  system_cm3ds.o(i.SystemInit)
    UART0_Handler                            0x00002ae5   Thumb Code    32  int_handlers.o(i.UART0_Handler)
    UART_ITCLEAR                             0x00002b09   Thumb Code     8  cm3ds_uart.o(i.UART_ITCLEAR)
    UART_Init                                0x00002b11   Thumb Code    18  cm3ds_uart.o(i.UART_Init)
    UART_ReceiveData                         0x00002b29   Thumb Code    12  cm3ds_uart.o(i.UART_ReceiveData)
    UartPutc                                 0x00002b35   Thumb Code    14  cm3_retarget.o(i.UartPutc)
    __ARM_fpclassify                         0x00002b43   Thumb Code    40  fpclassify.o(i.__ARM_fpclassify)
    _is_digit                                0x00002cf1   Thumb Code    14  __printf_wp.o(i._is_digit)
    bme280RefreshTask                        0x00002dad   Thumb Code   244  main.o(i.bme280RefreshTask)
    delay_ms                                 0x00002f21   Thumb Code    18  delay.o(i.delay_ms)
    epwm_ahb_init                            0x00002f39   Thumb Code    42  main.o(i.epwm_ahb_init)
    fputc                                    0x00002f6d   Thumb Code     6  cm3_retarget.o(i.fputc)
    img_init                                 0x00002fb9   Thumb Code   216  main.o(i.img_init)
    ledRefreshTask                           0x000030ad   Thumb Code   312  main.o(i.ledRefreshTask)
    main                                     0x00003205   Thumb Code   142  main.o(i.main)
    mem_addr16b_test                         0x000032f1   Thumb Code   268  main.o(i.mem_addr16b_test)
    nvicInit                                 0x000033fd   Thumb Code    54  main.o(i.nvicInit)
    pvPortMalloc                             0x00003c51   Thumb Code   306  heap_4.o(i.pvPortMalloc)
    pvTaskIncrementMutexHeldCount            0x00003d91   Thumb Code    16  tasks.o(i.pvTaskIncrementMutexHeldCount)
    pxPortInitialiseStack                    0x00003da5   Thumb Code    32  port.o(i.pxPortInitialiseStack)
    read_i2c                                 0x00003dc9   Thumb Code   122  i2c_gpio.o(i.read_i2c)
    read_i2c2                                0x00003e49   Thumb Code   120  i2c_gpio2.o(i.read_i2c2)
    scd_init_1                               0x00003ec5   Thumb Code    84  scd_reg.o(i.scd_init_1)
    scd_send1Byte                            0x00003f25   Thumb Code    56  scd.o(i.scd_send1Byte)
    start_i2c                                0x00003f61   Thumb Code    68  i2c_gpio.o(i.start_i2c)
    start_i2c2                               0x00003fa9   Thumb Code    68  i2c_gpio2.o(i.start_i2c2)
    stop_i2c                                 0x00003ff1   Thumb Code    56  i2c_gpio.o(i.stop_i2c)
    stop_i2c2                                0x0000402d   Thumb Code    56  i2c_gpio2.o(i.stop_i2c2)
    swi2c_init                               0x00004069   Thumb Code    56  i2c_gpio.o(i.swi2c_init)
    swi2c_init2                              0x000040ad   Thumb Code    58  i2c_gpio2.o(i.swi2c_init2)
    touchRefreshTask                         0x000040f5   Thumb Code   178  main.o(i.touchRefreshTask)
    uart0_init                               0x0000422d   Thumb Code    56  main.o(i.uart0_init)
    uart_ahb_init                            0x00004269   Thumb Code    28  main.o(i.uart_ahb_init)
    uxListRemove                             0x0000428d   Thumb Code    36  list.o(i.uxListRemove)
    uxTaskGetNumberOfTasks                   0x000042b1   Thumb Code     6  tasks.o(i.uxTaskGetNumberOfTasks)
    vListInitialise                          0x000042bd   Thumb Code    26  list.o(i.vListInitialise)
    vListInitialiseItem                      0x000042d7   Thumb Code     6  list.o(i.vListInitialiseItem)
    vListInsert                              0x000042dd   Thumb Code    48  list.o(i.vListInsert)
    vPortEnterCritical                       0x0000430d   Thumb Code    54  port.o(i.vPortEnterCritical)
    vPortExitCritical                        0x0000434d   Thumb Code    34  port.o(i.vPortExitCritical)
    vPortFree                                0x00004375   Thumb Code   122  heap_4.o(i.vPortFree)
    vPortSetupTimerInterrupt                 0x000043fd   Thumb Code    20  port.o(i.vPortSetupTimerInterrupt)
    vQueueWaitForMessageRestricted           0x00004415   Thumb Code    68  queue.o(i.vQueueWaitForMessageRestricted)
    vTaskDelay                               0x00004459   Thumb Code    68  tasks.o(i.vTaskDelay)
    vTaskInternalSetTimeOutState             0x000044a5   Thumb Code    12  tasks.o(i.vTaskInternalSetTimeOutState)
    vTaskMissedYield                         0x000044b5   Thumb Code     8  tasks.o(i.vTaskMissedYield)
    vTaskPlaceOnEventList                    0x000044c1   Thumb Code    44  tasks.o(i.vTaskPlaceOnEventList)
    vTaskPlaceOnEventListRestricted          0x000044f1   Thumb Code    76  tasks.o(i.vTaskPlaceOnEventListRestricted)
    vTaskPriorityDisinheritAfterTimeout      0x00004541   Thumb Code   186  tasks.o(i.vTaskPriorityDisinheritAfterTimeout)
    vTaskStartScheduler                      0x00004605   Thumb Code   130  tasks.o(i.vTaskStartScheduler)
    vTaskSuspendAll                          0x00004699   Thumb Code    10  tasks.o(i.vTaskSuspendAll)
    vTaskSwitchContext                       0x000046a9   Thumb Code    88  tasks.o(i.vTaskSwitchContext)
    write_i2c                                0x00004709   Thumb Code   126  i2c_gpio.o(i.write_i2c)
    write_i2c2                               0x0000478d   Thumb Code   124  i2c_gpio2.o(i.write_i2c2)
    xPortStartScheduler                      0x0000480d   Thumb Code   166  port.o(i.xPortStartScheduler)
    xQueueCreateMutex                        0x000048c1   Thumb Code    36  queue.o(i.xQueueCreateMutex)
    xQueueGenericCreate                      0x000048e5   Thumb Code    88  queue.o(i.xQueueGenericCreate)
    xQueueGenericReset                       0x0000493d   Thumb Code   170  queue.o(i.xQueueGenericReset)
    xQueueGenericSend                        0x000049ed   Thumb Code   370  queue.o(i.xQueueGenericSend)
    xQueueReceive                            0x00004b65   Thumb Code   308  queue.o(i.xQueueReceive)
    xQueueSemaphoreTake                      0x00004c9d   Thumb Code   356  queue.o(i.xQueueSemaphoreTake)
    xTaskCheckForTimeOut                     0x00004e05   Thumb Code   136  tasks.o(i.xTaskCheckForTimeOut)
    xTaskCreate                              0x00004e91   Thumb Code   100  tasks.o(i.xTaskCreate)
    xTaskGetSchedulerState                   0x00004ef5   Thumb Code    22  tasks.o(i.xTaskGetSchedulerState)
    xTaskGetTickCount                        0x00004f11   Thumb Code     6  tasks.o(i.xTaskGetTickCount)
    xTaskIncrementTick                       0x00004f1d   Thumb Code   290  tasks.o(i.xTaskIncrementTick)
    xTaskPriorityDisinherit                  0x00005049   Thumb Code   174  tasks.o(i.xTaskPriorityDisinherit)
    xTaskPriorityInherit                     0x00005101   Thumb Code   170  tasks.o(i.xTaskPriorityInherit)
    xTaskRemoveFromEventList                 0x000051b5   Thumb Code   212  tasks.o(i.xTaskRemoveFromEventList)
    xTaskResumeAll                           0x00005295   Thumb Code   314  tasks.o(i.xTaskResumeAll)
    xTimerCreateTimerTask                    0x000053e1   Thumb Code    56  timers.o(i.xTimerCreateTimerTask)
    _get_lc_numeric                          0x00005429   Thumb Code    44  lc_numeric_c.o(locale$$code)
    __fpl_dretinf                            0x00005455   Thumb Code    12  dretinf.o(x$fpl$dretinf)
    __aeabi_f2d                              0x00005461   Thumb Code     0  f2d.o(x$fpl$f2d)
    _f2d                                     0x00005461   Thumb Code    86  f2d.o(x$fpl$f2d)
    __aeabi_fadd                             0x000054b9   Thumb Code     0  faddsub_clz.o(x$fpl$fadd)
    _fadd                                    0x000054b9   Thumb Code   196  faddsub_clz.o(x$fpl$fadd)
    __fpl_fcheck_NaN1                        0x0000557d   Thumb Code     6  fcheck1.o(x$fpl$fcheck1)
    __aeabi_fdiv                             0x00005589   Thumb Code     0  fdiv.o(x$fpl$fdiv)
    _fdiv                                    0x00005589   Thumb Code   384  fdiv.o(x$fpl$fdiv)
    __aeabi_f2iz                             0x0000570d   Thumb Code     0  ffix.o(x$fpl$ffix)
    _ffix                                    0x0000570d   Thumb Code    54  ffix.o(x$fpl$ffix)
    __aeabi_f2uiz                            0x00005745   Thumb Code     0  ffixu.o(x$fpl$ffixu)
    _ffixu                                   0x00005745   Thumb Code    62  ffixu.o(x$fpl$ffixu)
    __aeabi_i2f                              0x00005785   Thumb Code     0  fflt_clz.o(x$fpl$fflt)
    _fflt                                    0x00005785   Thumb Code    48  fflt_clz.o(x$fpl$fflt)
    __aeabi_ui2f                             0x000057b5   Thumb Code     0  fflt_clz.o(x$fpl$ffltu)
    _ffltu                                   0x000057b5   Thumb Code    38  fflt_clz.o(x$fpl$ffltu)
    __aeabi_fmul                             0x000057dd   Thumb Code     0  fmul.o(x$fpl$fmul)
    _fmul                                    0x000057dd   Thumb Code   258  fmul.o(x$fpl$fmul)
    __fpl_fnaninf                            0x000058df   Thumb Code   140  fnaninf.o(x$fpl$fnaninf)
    __fpl_fretinf                            0x0000596b   Thumb Code    10  fretinf.o(x$fpl$fretinf)
    __aeabi_fsub                             0x00005975   Thumb Code     0  faddsub_clz.o(x$fpl$fsub)
    _fsub                                    0x00005975   Thumb Code   234  faddsub_clz.o(x$fpl$fsub)
    _printf_fp_dec                           0x00005a5f   Thumb Code     4  printf1.o(x$fpl$printf1)
    __fpl_return_NaN                         0x00005a63   Thumb Code   100  retnan.o(x$fpl$retnan)
    __ARM_scalbnf                            0x00005ac7   Thumb Code    76  scalbnf.o(x$fpl$scalbnf)
    __fpl_cmpreturn                          0x00005b13   Thumb Code    48  trapv.o(x$fpl$trapveneer)
    __I$use$fp                               0x00005b42   Number         0  usenofp.o(x$fpl$usenofp)
    cz_ctype                                 0x0000613c   Data        1024  scd.o(.constdata)
    tyj_unit_struct_1                        0x0000653c   Data          80  scd_reg.o(.constdata)
    Region$$Table$$Base                      0x0000667c   Number         0  anon$$obj.o(Region$$Table)
    Region$$Table$$Limit                     0x0000669c   Number         0  anon$$obj.o(Region$$Table)
    SystemCoreClock                          0x20000000   Data           4  system_cm3ds.o(.data)
    __stdout                                 0x20000004   Data           4  cm3_retarget.o(.data)
    POINT_COLOR                              0x20000008   Data           4  lcd_9488_drv.o(.data)
    BACK_COLOR                               0x2000000c   Data           4  lcd_9488_drv.o(.data)
    pxCurrentTCB                             0x20000038   Data           4  tasks.o(.data)
    ms_cnt                                   0x2000008c   Data           4  main.o(.data)
    pwmD                                     0x20000090   Data           4  main.o(.data)
    temp                                     0x20000094   Data           4  main.o(.data)
    hum                                      0x20000098   Data           4  main.o(.data)
    press                                    0x2000009c   Data           4  main.o(.data)
    TouchRefreshTask                         0x200000a0   Data           4  main.o(.data)
    BME280RefreshTask                        0x200000a4   Data           4  main.o(.data)
    LedRefreshTask                           0x200000a8   Data           4  main.o(.data)
    MuxSemLcd                                0x200000ac   Data           4  main.o(.data)
    rwWay                                    0x200000b0   Data           2  main.o(.data)
    test1                                    0x200000b2   Data           2  main.o(.data)
    test2                                    0x200000b4   Data           2  main.o(.data)
    test3                                    0x200000b6   Data           2  main.o(.data)
    test4                                    0x200000b8   Data           2  main.o(.data)
    test1r                                   0x200000ba   Data           2  main.o(.data)
    test2r                                   0x200000bc   Data           2  main.o(.data)
    test3r                                   0x200000be   Data           2  main.o(.data)
    test4r                                   0x200000c0   Data           2  main.o(.data)
    endBuff1_1                               0x20000104   Data           4  scd_reg.o(.data)
    endBuff3_1                               0x20000108   Data           4  scd_reg.o(.data)
    endBuff2_1                               0x2000010c   Data           8  scd_reg.o(.data)
    BME280_1                                 0x200052e4   Data          48  main.o(.bss)
    recBuff_1                                0x20005314   Data          80  scd_reg.o(.bss)
    printBuff_1                              0x20005364   Data          40  scd_reg.o(.bss)
    scd_1                                    0x2000538c   Data         104  scd_reg.o(.bss)
    __libspace_start                         0x200053f4   Data          96  libspace.o(.bss)
    __temporary_stack_top$libspace           0x20005454   Data           0  libspace.o(.bss)



==============================================================================

Memory Map of the image

  Image Entry point : 0x00000141

  Load Region LR_IROM1 (Base: 0x00000000, Size: 0x000067cc, Max: 0x00020000, ABSOLUTE)

    Execution Region ER_IROM1 (Exec base: 0x00000000, Load base: 0x00000000, Size: 0x000066b8, Max: 0x00020000, ABSOLUTE)

    Exec Addr    Load Addr    Size         Type   Attr      Idx    E Section Name        Object

    0x00000000   0x00000000   0x00000140   Data   RO            3    RESET               startup_cm3ds.o
    0x00000140   0x00000140   0x00000008   Code   RO         3119  * !!!main             c_w.l(__main.o)
    0x00000148   0x00000148   0x00000034   Code   RO         3387    !!!scatter          c_w.l(__scatter.o)
    0x0000017c   0x0000017c   0x0000001a   Code   RO         3389    !!handler_copy      c_w.l(__scatter_copy.o)
    0x00000196   0x00000196   0x00000002   PAD
    0x00000198   0x00000198   0x0000001c   Code   RO         3391    !!handler_zi        c_w.l(__scatter_zi.o)
    0x000001b4   0x000001b4   0x00000000   Code   RO         3104    .ARM.Collect$$_printf_percent$$00000000  c_w.l(_printf_percent.o)
    0x000001b4   0x000001b4   0x00000006   Code   RO         3103    .ARM.Collect$$_printf_percent$$00000003  c_w.l(_printf_f.o)
    0x000001ba   0x000001ba   0x00000006   Code   RO         3102    .ARM.Collect$$_printf_percent$$00000009  c_w.l(_printf_d.o)
    0x000001c0   0x000001c0   0x00000006   Code   RO         3101    .ARM.Collect$$_printf_percent$$0000000C  c_w.l(_printf_x.o)
    0x000001c6   0x000001c6   0x00000006   Code   RO         3100    .ARM.Collect$$_printf_percent$$00000014  c_w.l(_printf_s.o)
    0x000001cc   0x000001cc   0x00000004   Code   RO         3166    .ARM.Collect$$_printf_percent$$00000017  c_w.l(_printf_percent_end.o)
    0x000001d0   0x000001d0   0x00000002   Code   RO         3256    .ARM.Collect$$libinit$$00000000  c_w.l(libinit.o)
    0x000001d2   0x000001d2   0x00000000   Code   RO         3258    .ARM.Collect$$libinit$$00000002  c_w.l(libinit2.o)
    0x000001d2   0x000001d2   0x00000000   Code   RO         3260    .ARM.Collect$$libinit$$00000004  c_w.l(libinit2.o)
    0x000001d2   0x000001d2   0x00000000   Code   RO         3263    .ARM.Collect$$libinit$$0000000A  c_w.l(libinit2.o)
    0x000001d2   0x000001d2   0x00000000   Code   RO         3265    .ARM.Collect$$libinit$$0000000C  c_w.l(libinit2.o)
    0x000001d2   0x000001d2   0x00000000   Code   RO         3267    .ARM.Collect$$libinit$$0000000E  c_w.l(libinit2.o)
    0x000001d2   0x000001d2   0x00000006   Code   RO         3268    .ARM.Collect$$libinit$$0000000F  c_w.l(libinit2.o)
    0x000001d8   0x000001d8   0x00000000   Code   RO         3270    .ARM.Collect$$libinit$$00000011  c_w.l(libinit2.o)
    0x000001d8   0x000001d8   0x00000000   Code   RO         3272    .ARM.Collect$$libinit$$00000013  c_w.l(libinit2.o)
    0x000001d8   0x000001d8   0x00000000   Code   RO         3274    .ARM.Collect$$libinit$$00000015  c_w.l(libinit2.o)
    0x000001d8   0x000001d8   0x0000000a   Code   RO         3275    .ARM.Collect$$libinit$$00000016  c_w.l(libinit2.o)
    0x000001e2   0x000001e2   0x00000000   Code   RO         3276    .ARM.Collect$$libinit$$00000017  c_w.l(libinit2.o)
    0x000001e2   0x000001e2   0x00000000   Code   RO         3278    .ARM.Collect$$libinit$$00000019  c_w.l(libinit2.o)
    0x000001e2   0x000001e2   0x00000000   Code   RO         3280    .ARM.Collect$$libinit$$0000001B  c_w.l(libinit2.o)
    0x000001e2   0x000001e2   0x00000000   Code   RO         3282    .ARM.Collect$$libinit$$0000001D  c_w.l(libinit2.o)
    0x000001e2   0x000001e2   0x00000000   Code   RO         3284    .ARM.Collect$$libinit$$0000001F  c_w.l(libinit2.o)
    0x000001e2   0x000001e2   0x00000000   Code   RO         3286    .ARM.Collect$$libinit$$00000021  c_w.l(libinit2.o)
    0x000001e2   0x000001e2   0x00000000   Code   RO         3288    .ARM.Collect$$libinit$$00000023  c_w.l(libinit2.o)
    0x000001e2   0x000001e2   0x00000000   Code   RO         3290    .ARM.Collect$$libinit$$00000025  c_w.l(libinit2.o)
    0x000001e2   0x000001e2   0x00000000   Code   RO         3294    .ARM.Collect$$libinit$$0000002C  c_w.l(libinit2.o)
    0x000001e2   0x000001e2   0x00000000   Code   RO         3296    .ARM.Collect$$libinit$$0000002E  c_w.l(libinit2.o)
    0x000001e2   0x000001e2   0x00000000   Code   RO         3298    .ARM.Collect$$libinit$$00000030  c_w.l(libinit2.o)
    0x000001e2   0x000001e2   0x00000000   Code   RO         3300    .ARM.Collect$$libinit$$00000032  c_w.l(libinit2.o)
    0x000001e2   0x000001e2   0x00000002   Code   RO         3301    .ARM.Collect$$libinit$$00000033  c_w.l(libinit2.o)
    0x000001e4   0x000001e4   0x00000002   Code   RO         3333    .ARM.Collect$$libshutdown$$00000000  c_w.l(libshutdown.o)
    0x000001e6   0x000001e6   0x00000000   Code   RO         3344    .ARM.Collect$$libshutdown$$00000002  c_w.l(libshutdown2.o)
    0x000001e6   0x000001e6   0x00000000   Code   RO         3346    .ARM.Collect$$libshutdown$$00000004  c_w.l(libshutdown2.o)
    0x000001e6   0x000001e6   0x00000000   Code   RO         3348    .ARM.Collect$$libshutdown$$00000006  c_w.l(libshutdown2.o)
    0x000001e6   0x000001e6   0x00000000   Code   RO         3351    .ARM.Collect$$libshutdown$$00000009  c_w.l(libshutdown2.o)
    0x000001e6   0x000001e6   0x00000000   Code   RO         3354    .ARM.Collect$$libshutdown$$0000000C  c_w.l(libshutdown2.o)
    0x000001e6   0x000001e6   0x00000000   Code   RO         3356    .ARM.Collect$$libshutdown$$0000000E  c_w.l(libshutdown2.o)
    0x000001e6   0x000001e6   0x00000000   Code   RO         3359    .ARM.Collect$$libshutdown$$00000011  c_w.l(libshutdown2.o)
    0x000001e6   0x000001e6   0x00000002   Code   RO         3360    .ARM.Collect$$libshutdown$$00000012  c_w.l(libshutdown2.o)
    0x000001e8   0x000001e8   0x00000000   Code   RO         3153    .ARM.Collect$$rtentry$$00000000  c_w.l(__rtentry.o)
    0x000001e8   0x000001e8   0x00000000   Code   RO         3179    .ARM.Collect$$rtentry$$00000002  c_w.l(__rtentry2.o)
    0x000001e8   0x000001e8   0x00000006   Code   RO         3191    .ARM.Collect$$rtentry$$00000004  c_w.l(__rtentry4.o)
    0x000001ee   0x000001ee   0x00000000   Code   RO         3181    .ARM.Collect$$rtentry$$00000009  c_w.l(__rtentry2.o)
    0x000001ee   0x000001ee   0x00000004   Code   RO         3182    .ARM.Collect$$rtentry$$0000000A  c_w.l(__rtentry2.o)
    0x000001f2   0x000001f2   0x00000000   Code   RO         3184    .ARM.Collect$$rtentry$$0000000C  c_w.l(__rtentry2.o)
    0x000001f2   0x000001f2   0x00000008   Code   RO         3185    .ARM.Collect$$rtentry$$0000000D  c_w.l(__rtentry2.o)
    0x000001fa   0x000001fa   0x00000002   Code   RO         3304    .ARM.Collect$$rtexit$$00000000  c_w.l(rtexit.o)
    0x000001fc   0x000001fc   0x00000000   Code   RO         3311    .ARM.Collect$$rtexit$$00000002  c_w.l(rtexit2.o)
    0x000001fc   0x000001fc   0x00000004   Code   RO         3312    .ARM.Collect$$rtexit$$00000003  c_w.l(rtexit2.o)
    0x00000200   0x00000200   0x00000006   Code   RO         3313    .ARM.Collect$$rtexit$$00000004  c_w.l(rtexit2.o)
    0x00000206   0x00000206   0x00000002   PAD
    0x00000208   0x00000208   0x00000096   Code   RO         1687    .emb_text           port.o
    0x0000029e   0x0000029e   0x00000002   PAD
    0x000002a0   0x000002a0   0x00000006   Code   RO         2854    .emb_text           delay.o
    0x000002a6   0x000002a6   0x00000002   PAD
    0x000002a8   0x000002a8   0x0000003c   Code   RO            4    .text               startup_cm3ds.o
    0x000002e4   0x000002e4   0x00000018   Code   RO         3047    .text               c_w.l(noretval__2printf.o)
    0x000002fc   0x000002fc   0x00000028   Code   RO         3049    .text               c_w.l(noretval__2sprintf.o)
    0x00000324   0x00000324   0x0000004e   Code   RO         3053    .text               c_w.l(_printf_pad.o)
    0x00000372   0x00000372   0x00000052   Code   RO         3055    .text               c_w.l(_printf_str.o)
    0x000003c4   0x000003c4   0x00000078   Code   RO         3057    .text               c_w.l(_printf_dec.o)
    0x0000043c   0x0000043c   0x00000058   Code   RO         3062    .text               c_w.l(_printf_hex_int.o)
    0x00000494   0x00000494   0x00000138   Code   RO         3092    .text               c_w.l(__printf_flags_wp.o)
    0x000005cc   0x000005cc   0x0000008a   Code   RO         3107    .text               c_w.l(rt_memcpy_v6.o)
    0x00000656   0x00000656   0x00000010   Code   RO         3111    .text               c_w.l(aeabi_memset.o)
    0x00000666   0x00000666   0x00000044   Code   RO         3113    .text               c_w.l(rt_memclr.o)
    0x000006aa   0x000006aa   0x0000004e   Code   RO         3115    .text               c_w.l(rt_memclr_w.o)
    0x000006f8   0x000006f8   0x00000006   Code   RO         3117    .text               c_w.l(heapauxi.o)
    0x000006fe   0x000006fe   0x000000b2   Code   RO         3154    .text               c_w.l(_printf_intcommon.o)
    0x000007b0   0x000007b0   0x0000041e   Code   RO         3156    .text               c_w.l(_printf_fp_dec.o)
    0x00000bce   0x00000bce   0x00000002   PAD
    0x00000bd0   0x00000bd0   0x00000030   Code   RO         3158    .text               c_w.l(_printf_char_common.o)
    0x00000c00   0x00000c00   0x0000000a   Code   RO         3160    .text               c_w.l(_sputc.o)
    0x00000c0a   0x00000c0a   0x0000002c   Code   RO         3162    .text               c_w.l(_printf_char.o)
    0x00000c36   0x00000c36   0x00000002   PAD
    0x00000c38   0x00000c38   0x00000024   Code   RO         3164    .text               c_w.l(_printf_char_file.o)
    0x00000c5c   0x00000c5c   0x00000064   Code   RO         3167    .text               c_w.l(rt_memcpy_w.o)
    0x00000cc0   0x00000cc0   0x00000008   Code   RO         3196    .text               c_w.l(rt_locale_intlibspace.o)
    0x00000cc8   0x00000cc8   0x0000008a   Code   RO         3198    .text               c_w.l(lludiv10.o)
    0x00000d52   0x00000d52   0x00000002   PAD
    0x00000d54   0x00000d54   0x00000080   Code   RO         3200    .text               c_w.l(_printf_fp_infnan.o)
    0x00000dd4   0x00000dd4   0x000000e4   Code   RO         3204    .text               c_w.l(bigflt0.o)
    0x00000eb8   0x00000eb8   0x00000008   Code   RO         3229    .text               c_w.l(ferror.o)
    0x00000ec0   0x00000ec0   0x00000008   Code   RO         3242    .text               c_w.l(libspace.o)
    0x00000ec8   0x00000ec8   0x0000004a   Code   RO         3245    .text               c_w.l(sys_stackheap_outer.o)
    0x00000f12   0x00000f12   0x00000012   Code   RO         3247    .text               c_w.l(exit.o)
    0x00000f24   0x00000f24   0x00000080   Code   RO         3249    .text               c_w.l(strcmpv7m.o)
    0x00000fa4   0x00000fa4   0x0000000c   Code   RO         3323    .text               c_w.l(sys_exit.o)
    0x00000fb0   0x00000fb0   0x00000002   Code   RO         3334    .text               c_w.l(use_no_semi.o)
    0x00000fb2   0x00000fb2   0x00000000   Code   RO         3336    .text               c_w.l(indicate_semi.o)
    0x00000fb2   0x00000fb2   0x0000003e   Code   RO         3207    CL$$btod_d2e        c_w.l(btod.o)
    0x00000ff0   0x00000ff0   0x00000046   Code   RO         3209    CL$$btod_d2e_denorm_low  c_w.l(btod.o)
    0x00001036   0x00001036   0x00000060   Code   RO         3208    CL$$btod_d2e_norm_op1  c_w.l(btod.o)
    0x00001096   0x00001096   0x00000338   Code   RO         3217    CL$$btod_div_common  c_w.l(btod.o)
    0x000013ce   0x000013ce   0x000000dc   Code   RO         3214    CL$$btod_e2e        c_w.l(btod.o)
    0x000014aa   0x000014aa   0x0000002a   Code   RO         3211    CL$$btod_ediv       c_w.l(btod.o)
    0x000014d4   0x000014d4   0x0000002a   Code   RO         3210    CL$$btod_emul       c_w.l(btod.o)
    0x000014fe   0x000014fe   0x00000244   Code   RO         3216    CL$$btod_mult_common  c_w.l(btod.o)
    0x00001742   0x00001742   0x00000084   Code   RO         1401    i.BME280_Configuration  thp_bme280_drv.o
    0x000017c6   0x000017c6   0x00000002   PAD
    0x000017c8   0x000017c8   0x000001b8   Code   RO         1402    i.BME280_Get_ALL    thp_bme280_drv.o
    0x00001980   0x00001980   0x00000086   Code   RO         1403    i.BME280_Get_DIG    thp_bme280_drv.o
    0x00001a06   0x00001a06   0x00000014   Code   RO         1404    i.BME280_ID         thp_bme280_drv.o
    0x00001a1a   0x00001a1a   0x00000002   PAD
    0x00001a1c   0x00001a1c   0x00000098   Code   RO         2678    i.BME280_Init       main.o
    0x00001ab4   0x00001ab4   0x000000dc   Code   RO         1405    i.BME280_Read       thp_bme280_drv.o
    0x00001b90   0x00001b90   0x00000012   Code   RO         1406    i.BME280_Reset      thp_bme280_drv.o
    0x00001ba2   0x00001ba2   0x00000002   PAD
    0x00001ba4   0x00001ba4   0x00000070   Code   RO         1407    i.BME280_Write      thp_bme280_drv.o
    0x00001c14   0x00001c14   0x00000024   Code   RO         1408    i.Bit_Modification  thp_bme280_drv.o
    0x00001c38   0x00001c38   0x00000012   Code   RO         2855    i.DELAY_TICK        delay.o
    0x00001c4a   0x00001c4a   0x00000002   PAD
    0x00001c4c   0x00001c4c   0x00000014   Code   RO           71    i.GPIO_DeInit       cm3ds_gpio.o
    0x00001c60   0x00001c60   0x0000000a   Code   RO           73    i.GPIO_PinRemapConfig  cm3ds_gpio.o
    0x00001c6a   0x00001c6a   0x00000014   Code   RO           74    i.GPIO_ReadInputData  cm3ds_gpio.o
    0x00001c7e   0x00001c7e   0x00000002   PAD
    0x00001c80   0x00001c80   0x0000006c   Code   RO           75    i.GPIO_ResetBit     cm3ds_gpio.o
    0x00001cec   0x00001cec   0x0000006c   Code   RO           76    i.GPIO_SetBit       cm3ds_gpio.o
    0x00001d58   0x00001d58   0x0000007c   Code   RO         1289    i.GT911_Scan        touch_gt911_drv.o
    0x00001dd4   0x00001dd4   0x000000d4   Code   RO         1290    i.GT911_init        touch_gt911_drv.o
    0x00001ea8   0x00001ea8   0x000000e8   Code   RO         1291    i.GT9XX_ReadData    touch_gt911_drv.o
    0x00001f90   0x00001f90   0x00000084   Code   RO         1292    i.GT9XX_WriteData   touch_gt911_drv.o
    0x00002014   0x00002014   0x0000002a   Code   RO         1181    i.LCD_Clear         lcd_9488_drv.o
    0x0000203e   0x0000203e   0x0000001a   Code   RO         1183    i.LCD_DrawPoint_color  lcd_9488_drv.o
    0x00002058   0x00002058   0x00000194   Code   RO         1186    i.LCD_Init          lcd_9488_drv.o
    0x000021ec   0x000021ec   0x0000000a   Code   RO         1187    i.LCD_RD_DATA       lcd_9488_drv.o
    0x000021f6   0x000021f6   0x00000044   Code   RO         1188    i.LCD_Scan_Dir      lcd_9488_drv.o
    0x0000223a   0x0000223a   0x00000030   Code   RO         1189    i.LCD_Set_Window    lcd_9488_drv.o
    0x0000226a   0x0000226a   0x00000002   PAD
    0x0000226c   0x0000226c   0x000000bc   Code   RO         1190    i.LCD_ShowChar      lcd_9488_drv.o
    0x00002328   0x00002328   0x0000004c   Code   RO         1191    i.LCD_ShowString    lcd_9488_drv.o
    0x00002374   0x00002374   0x00000026   Code   RO         1192    i.LCD_fill          lcd_9488_drv.o
    0x0000239a   0x0000239a   0x00000002   PAD
    0x0000239c   0x0000239c   0x00000064   Code   RO         1024    i.NVIC_Init         cm3ds_misc.o
    0x00002400   0x00002400   0x00000018   Code   RO          143    i.RCC_APB1PeriphResetCmd  cm3ds_rcc.o
    0x00002418   0x00002418   0x00000028   Code   RO         2885    i.SCD_CMD_CALL      scd.o
    0x00002440   0x00002440   0x00000014   Code   RO         2886    i.SCD_CMD_CHG       scd.o
    0x00002454   0x00002454   0x00000016   Code   RO         2887    i.SCD_CMD_CONF      scd.o
    0x0000246a   0x0000246a   0x00000026   Code   RO         2888    i.SCD_CMD_DUMP      scd.o
    0x00002490   0x00002490   0x0000006c   Code   RO         2889    i.SCD_CMD_SET       scd.o
    0x000024fc   0x000024fc   0x0000007a   Code   RO         2890    i.SCD_Rev1Byte      scd.o
    0x00002576   0x00002576   0x00000002   PAD
    0x00002578   0x00002578   0x000000e8   Code   RO         2891    i.SCD_cmd_handle    scd.o
    0x00002660   0x00002660   0x00000012   Code   RO         2892    i.SCO_DEBUG         scd.o
    0x00002672   0x00002672   0x00000002   PAD
    0x00002674   0x00002674   0x00000194   Code   RO         2893    i.SCO_DUMP          scd.o
    0x00002808   0x00002808   0x0000007a   Code   RO         2894    i.SCO_PRINT         scd.o
    0x00002882   0x00002882   0x00000002   PAD
    0x00002884   0x00002884   0x00000124   Code   RO         2895    i.SCO_VAR           scd.o
    0x000029a8   0x000029a8   0x00000100   Code   RO         2896    i.SCO_get           scd.o
    0x00002aa8   0x00002aa8   0x0000002c   Code   RO         1688    i.SysTick_Handler   port.o
    0x00002ad4   0x00002ad4   0x00000010   Code   RO           14    i.SystemInit        system_cm3ds.o
    0x00002ae4   0x00002ae4   0x00000024   Code   RO         3020    i.UART0_Handler     int_handlers.o
    0x00002b08   0x00002b08   0x00000008   Code   RO          881    i.UART_ITCLEAR      cm3ds_uart.o
    0x00002b10   0x00002b10   0x00000018   Code   RO          883    i.UART_Init         cm3ds_uart.o
    0x00002b28   0x00002b28   0x0000000c   Code   RO          884    i.UART_ReceiveData  cm3ds_uart.o
    0x00002b34   0x00002b34   0x0000000e   Code   RO         1064    i.UartPutc          cm3_retarget.o
    0x00002b42   0x00002b42   0x00000028   Code   RO         3240    i.__ARM_fpclassify  m_ws.l(fpclassify.o)
    0x00002b6a   0x00002b6a   0x00000002   PAD
    0x00002b6c   0x00002b6c   0x00000030   Code   RO         2897    i._atof_pow10       scd.o
    0x00002b9c   0x00002b9c   0x00000154   Code   RO         2898    i._cz_strtoxl       scd.o
    0x00002cf0   0x00002cf0   0x0000000e   Code   RO         3090    i._is_digit         c_w.l(__printf_wp.o)
    0x00002cfe   0x00002cfe   0x00000002   PAD
    0x00002d00   0x00002d00   0x000000ac   Code   RO         2899    i.atof_tyj          scd.o
    0x00002dac   0x00002dac   0x00000168   Code   RO         2679    i.bme280RefreshTask  main.o
    0x00002f14   0x00002f14   0x0000000a   Code   RO         2900    i.cz_atol           scd.o
    0x00002f1e   0x00002f1e   0x00000002   PAD
    0x00002f20   0x00002f20   0x00000018   Code   RO         2856    i.delay_ms          delay.o
    0x00002f38   0x00002f38   0x00000034   Code   RO         2680    i.epwm_ahb_init     main.o
    0x00002f6c   0x00002f6c   0x00000006   Code   RO         1066    i.fputc             cm3_retarget.o
    0x00002f72   0x00002f72   0x00000020   Code   RO         1115    i.hfUnitDelay       i2c_gpio.o
    0x00002f92   0x00002f92   0x00000002   PAD
    0x00002f94   0x00002f94   0x00000024   Code   RO         1338    i.hfUnitDelay2      i2c_gpio2.o
    0x00002fb8   0x00002fb8   0x000000f4   Code   RO         2681    i.img_init          main.o
    0x000030ac   0x000030ac   0x00000158   Code   RO         2682    i.ledRefreshTask    main.o
    0x00003204   0x00003204   0x000000ec   Code   RO         2683    i.main              main.o
    0x000032f0   0x000032f0   0x0000010c   Code   RO         2684    i.mem_addr16b_test  main.o
    0x000033fc   0x000033fc   0x00000040   Code   RO         2685    i.nvicInit          main.o
    0x0000343c   0x0000343c   0x00000098   Code   RO         2136    i.prvAddCurrentTaskToDelayedList  tasks.o
    0x000034d4   0x000034d4   0x000000f0   Code   RO         2137    i.prvAddNewTaskToReadyList  tasks.o
    0x000035c4   0x000035c4   0x00000040   Code   RO         2519    i.prvCheckForValidListAndQueue  timers.o
    0x00003604   0x00003604   0x0000003c   Code   RO         2138    i.prvCheckTasksWaitingTermination  tasks.o
    0x00003640   0x00003640   0x00000026   Code   RO         1770    i.prvCopyDataFromQueue  queue.o
    0x00003666   0x00003666   0x0000006c   Code   RO         1771    i.prvCopyDataToQueue  queue.o
    0x000036d2   0x000036d2   0x00000014   Code   RO         2139    i.prvDeleteTCB      tasks.o
    0x000036e6   0x000036e6   0x00000002   PAD
    0x000036e8   0x000036e8   0x00000044   Code   RO         1560    i.prvHeapInit       heap_4.o
    0x0000372c   0x0000372c   0x00000028   Code   RO         2140    i.prvIdleTask       tasks.o
    0x00003754   0x00003754   0x000000a6   Code   RO         2141    i.prvInitialiseNewTask  tasks.o
    0x000037fa   0x000037fa   0x00000002   PAD
    0x000037fc   0x000037fc   0x00000078   Code   RO         1561    i.prvInsertBlockIntoFreeList  heap_4.o
    0x00003874   0x00003874   0x00000038   Code   RO         2520    i.prvInsertTimerInActiveList  timers.o
    0x000038ac   0x000038ac   0x0000001a   Code   RO         1772    i.prvIsQueueEmpty   queue.o
    0x000038c6   0x000038c6   0x00000088   Code   RO         1773    i.prvNotifyQueueSetContainer  queue.o
    0x0000394e   0x0000394e   0x00000002   PAD
    0x00003950   0x00003950   0x00000040   Code   RO         2521    i.prvProcessExpiredTimer  timers.o
    0x00003990   0x00003990   0x00000100   Code   RO         2522    i.prvProcessReceivedCommands  timers.o
    0x00003a90   0x00003a90   0x0000006c   Code   RO         2523    i.prvProcessTimerOrBlockTask  timers.o
    0x00003afc   0x00003afc   0x00000028   Code   RO         2524    i.prvReloadTimer    timers.o
    0x00003b24   0x00003b24   0x0000001c   Code   RO         2142    i.prvResetNextTaskUnblockTime  tasks.o
    0x00003b40   0x00003b40   0x00000048   Code   RO         2525    i.prvSampleTimeNow  timers.o
    0x00003b88   0x00003b88   0x00000028   Code   RO         1689    i.prvTaskExitError  port.o
    0x00003bb0   0x00003bb0   0x00000028   Code   RO         2526    i.prvTimerTask      timers.o
    0x00003bd8   0x00003bd8   0x00000076   Code   RO         1774    i.prvUnlockQueue    queue.o
    0x00003c4e   0x00003c4e   0x00000002   PAD
    0x00003c50   0x00003c50   0x00000140   Code   RO         1563    i.pvPortMalloc      heap_4.o
    0x00003d90   0x00003d90   0x00000014   Code   RO         2145    i.pvTaskIncrementMutexHeldCount  tasks.o
    0x00003da4   0x00003da4   0x00000024   Code   RO         1690    i.pxPortInitialiseStack  port.o
    0x00003dc8   0x00003dc8   0x00000080   Code   RO         1116    i.read_i2c          i2c_gpio.o
    0x00003e48   0x00003e48   0x0000007c   Code   RO         1339    i.read_i2c2         i2c_gpio2.o
    0x00003ec4   0x00003ec4   0x00000060   Code   RO         2989    i.scd_init_1        scd_reg.o
    0x00003f24   0x00003f24   0x0000003c   Code   RO         2902    i.scd_send1Byte     scd.o
    0x00003f60   0x00003f60   0x00000048   Code   RO         1117    i.start_i2c         i2c_gpio.o
    0x00003fa8   0x00003fa8   0x00000048   Code   RO         1340    i.start_i2c2        i2c_gpio2.o
    0x00003ff0   0x00003ff0   0x0000003c   Code   RO         1118    i.stop_i2c          i2c_gpio.o
    0x0000402c   0x0000402c   0x0000003c   Code   RO         1341    i.stop_i2c2         i2c_gpio2.o
    0x00004068   0x00004068   0x00000044   Code   RO         1119    i.swi2c_init        i2c_gpio.o
    0x000040ac   0x000040ac   0x00000048   Code   RO         1342    i.swi2c_init2       i2c_gpio2.o
    0x000040f4   0x000040f4   0x000000e8   Code   RO         2686    i.touchRefreshTask  main.o
    0x000041dc   0x000041dc   0x00000014   Code   RO         1120    i.tyj_i2c_scl_read  i2c_gpio.o
    0x000041f0   0x000041f0   0x00000014   Code   RO         1343    i.tyj_i2c_scl_read  i2c_gpio2.o
    0x00004204   0x00004204   0x00000014   Code   RO         1121    i.tyj_i2c_sda_read  i2c_gpio.o
    0x00004218   0x00004218   0x00000014   Code   RO         1344    i.tyj_i2c_sda_read  i2c_gpio2.o
    0x0000422c   0x0000422c   0x0000003c   Code   RO         2687    i.uart0_init        main.o
    0x00004268   0x00004268   0x00000024   Code   RO         2688    i.uart_ahb_init     main.o
    0x0000428c   0x0000428c   0x00000024   Code   RO         1642    i.uxListRemove      list.o
    0x000042b0   0x000042b0   0x0000000c   Code   RO         2150    i.uxTaskGetNumberOfTasks  tasks.o
    0x000042bc   0x000042bc   0x0000001a   Code   RO         1643    i.vListInitialise   list.o
    0x000042d6   0x000042d6   0x00000006   Code   RO         1644    i.vListInitialiseItem  list.o
    0x000042dc   0x000042dc   0x00000030   Code   RO         1645    i.vListInsert       list.o
    0x0000430c   0x0000430c   0x00000040   Code   RO         1692    i.vPortEnterCritical  port.o
    0x0000434c   0x0000434c   0x00000028   Code   RO         1693    i.vPortExitCritical  port.o
    0x00004374   0x00004374   0x00000088   Code   RO         1564    i.vPortFree         heap_4.o
    0x000043fc   0x000043fc   0x00000018   Code   RO         1694    i.vPortSetupTimerInterrupt  port.o
    0x00004414   0x00004414   0x00000044   Code   RO         1781    i.vQueueWaitForMessageRestricted  queue.o
    0x00004458   0x00004458   0x0000004c   Code   RO         2155    i.vTaskDelay        tasks.o
    0x000044a4   0x000044a4   0x00000010   Code   RO         2159    i.vTaskInternalSetTimeOutState  tasks.o
    0x000044b4   0x000044b4   0x0000000c   Code   RO         2160    i.vTaskMissedYield  tasks.o
    0x000044c0   0x000044c0   0x00000030   Code   RO         2161    i.vTaskPlaceOnEventList  tasks.o
    0x000044f0   0x000044f0   0x00000050   Code   RO         2162    i.vTaskPlaceOnEventListRestricted  tasks.o
    0x00004540   0x00004540   0x000000c4   Code   RO         2164    i.vTaskPriorityDisinheritAfterTimeout  tasks.o
    0x00004604   0x00004604   0x00000094   Code   RO         2170    i.vTaskStartScheduler  tasks.o
    0x00004698   0x00004698   0x00000010   Code   RO         2172    i.vTaskSuspendAll   tasks.o
    0x000046a8   0x000046a8   0x00000060   Code   RO         2173    i.vTaskSwitchContext  tasks.o
    0x00004708   0x00004708   0x00000084   Code   RO         1122    i.write_i2c         i2c_gpio.o
    0x0000478c   0x0000478c   0x00000080   Code   RO         1345    i.write_i2c2        i2c_gpio2.o
    0x0000480c   0x0000480c   0x000000b4   Code   RO         1696    i.xPortStartScheduler  port.o
    0x000048c0   0x000048c0   0x00000024   Code   RO         1784    i.xQueueCreateMutex  queue.o
    0x000048e4   0x000048e4   0x00000058   Code   RO         1786    i.xQueueGenericCreate  queue.o
    0x0000493c   0x0000493c   0x000000b0   Code   RO         1787    i.xQueueGenericReset  queue.o
    0x000049ec   0x000049ec   0x00000178   Code   RO         1788    i.xQueueGenericSend  queue.o
    0x00004b64   0x00004b64   0x00000138   Code   RO         1796    i.xQueueReceive     queue.o
    0x00004c9c   0x00004c9c   0x00000168   Code   RO         1801    i.xQueueSemaphoreTake  queue.o
    0x00004e04   0x00004e04   0x0000008c   Code   RO         2176    i.xTaskCheckForTimeOut  tasks.o
    0x00004e90   0x00004e90   0x00000064   Code   RO         2177    i.xTaskCreate       tasks.o
    0x00004ef4   0x00004ef4   0x0000001c   Code   RO         2188    i.xTaskGetSchedulerState  tasks.o
    0x00004f10   0x00004f10   0x0000000c   Code   RO         2189    i.xTaskGetTickCount  tasks.o
    0x00004f1c   0x00004f1c   0x0000012c   Code   RO         2191    i.xTaskIncrementTick  tasks.o
    0x00005048   0x00005048   0x000000b8   Code   RO         2192    i.xTaskPriorityDisinherit  tasks.o
    0x00005100   0x00005100   0x000000b4   Code   RO         2193    i.xTaskPriorityInherit  tasks.o
    0x000051b4   0x000051b4   0x000000e0   Code   RO         2194    i.xTaskRemoveFromEventList  tasks.o
    0x00005294   0x00005294   0x0000014c   Code   RO         2195    i.xTaskResumeAll    tasks.o
    0x000053e0   0x000053e0   0x00000048   Code   RO         2533    i.xTimerCreateTimerTask  timers.o
    0x00005428   0x00005428   0x0000002c   Code   RO         3234    locale$$code        c_w.l(lc_numeric_c.o)
    0x00005454   0x00005454   0x0000000c   Code   RO         3169    x$fpl$dretinf       fz_ws.l(dretinf.o)
    0x00005460   0x00005460   0x00000056   Code   RO         3121    x$fpl$f2d           fz_ws.l(f2d.o)
    0x000054b6   0x000054b6   0x00000002   PAD
    0x000054b8   0x000054b8   0x000000c4   Code   RO         3123    x$fpl$fadd          fz_ws.l(faddsub_clz.o)
    0x0000557c   0x0000557c   0x0000000c   Code   RO         3171    x$fpl$fcheck1       fz_ws.l(fcheck1.o)
    0x00005588   0x00005588   0x00000184   Code   RO         3130    x$fpl$fdiv          fz_ws.l(fdiv.o)
    0x0000570c   0x0000570c   0x00000036   Code   RO         3133    x$fpl$ffix          fz_ws.l(ffix.o)
    0x00005742   0x00005742   0x00000002   PAD
    0x00005744   0x00005744   0x0000003e   Code   RO         3137    x$fpl$ffixu         fz_ws.l(ffixu.o)
    0x00005782   0x00005782   0x00000002   PAD
    0x00005784   0x00005784   0x00000030   Code   RO         3142    x$fpl$fflt          fz_ws.l(fflt_clz.o)
    0x000057b4   0x000057b4   0x00000026   Code   RO         3141    x$fpl$ffltu         fz_ws.l(fflt_clz.o)
    0x000057da   0x000057da   0x00000002   PAD
    0x000057dc   0x000057dc   0x00000102   Code   RO         3147    x$fpl$fmul          fz_ws.l(fmul.o)
    0x000058de   0x000058de   0x0000008c   Code   RO         3173    x$fpl$fnaninf       fz_ws.l(fnaninf.o)
    0x0000596a   0x0000596a   0x0000000a   Code   RO         3175    x$fpl$fretinf       fz_ws.l(fretinf.o)
    0x00005974   0x00005974   0x000000ea   Code   RO         3125    x$fpl$fsub          fz_ws.l(faddsub_clz.o)
    0x00005a5e   0x00005a5e   0x00000004   Code   RO         3149    x$fpl$printf1       fz_ws.l(printf1.o)
    0x00005a62   0x00005a62   0x00000064   Code   RO         3238    x$fpl$retnan        fz_ws.l(retnan.o)
    0x00005ac6   0x00005ac6   0x0000004c   Code   RO         3151    x$fpl$scalbnf       fz_ws.l(scalbnf.o)
    0x00005b12   0x00005b12   0x00000030   Code   RO         3302    x$fpl$trapveneer    fz_ws.l(trapv.o)
    0x00005b42   0x00005b42   0x00000000   Code   RO         3177    x$fpl$usenofp       fz_ws.l(usenofp.o)
    0x00005b42   0x00005b42   0x000005f0   Data   RO         1193    .constdata          lcd_9488_drv.o
    0x00006132   0x00006132   0x00000002   PAD
    0x00006134   0x00006134   0x00000408   Data   RO         2903    .constdata          scd.o
    0x0000653c   0x0000653c   0x00000050   Data   RO         2991    .constdata          scd_reg.o
    0x0000658c   0x0000658c   0x00000028   Data   RO         3063    .constdata          c_w.l(_printf_hex_int.o)
    0x000065b4   0x000065b4   0x00000011   Data   RO         3093    .constdata          c_w.l(__printf_flags_wp.o)
    0x000065c5   0x000065c5   0x00000003   PAD
    0x000065c8   0x000065c8   0x00000094   Data   RO         3205    .constdata          c_w.l(bigflt0.o)
    0x0000665c   0x0000665c   0x00000020   Data   RO         2904    .conststring        scd.o
    0x0000667c   0x0000667c   0x00000020   Data   RO         3385    Region$$Table       anon$$obj.o
    0x0000669c   0x0000669c   0x0000001c   Data   RO         3233    locale$$data        c_w.l(lc_numeric_c.o)


    Execution Region RW_IRAM1 (Exec base: 0x20000000, Load base: 0x000066b8, Size: 0x00006458, Max: 0x00008000, ABSOLUTE)

    Exec Addr    Load Addr    Size         Type   Attr      Idx    E Section Name        Object

    0x20000000   0x000066b8   0x00000004   Data   RW           15    .data               system_cm3ds.o
    0x20000004   0x000066bc   0x00000004   Data   RW         1067    .data               cm3_retarget.o
    0x20000008   0x000066c0   0x00000008   Data   RW         1194    .data               lcd_9488_drv.o
    0x20000010   0x000066c8   0x0000001c   Data   RW         1571    .data               heap_4.o
    0x2000002c   0x000066e4   0x0000000c   Data   RW         1697    .data               port.o
    0x20000038   0x000066f0   0x00000040   Data   RW         2198    .data               tasks.o
    0x20000078   0x00006730   0x00000014   Data   RW         2544    .data               timers.o
    0x2000008c   0x00006744   0x00000024   Data   RW         2690    .data               main.o
    0x200000b0   0x00006768   0x00000002   Data   RW         2691    .data               main.o
    0x200000b2   0x0000676a   0x00000002   Data   RW         2692    .data               main.o
    0x200000b4   0x0000676c   0x00000002   Data   RW         2693    .data               main.o
    0x200000b6   0x0000676e   0x00000002   Data   RW         2694    .data               main.o
    0x200000b8   0x00006770   0x00000002   Data   RW         2695    .data               main.o
    0x200000ba   0x00006772   0x00000002   Data   RW         2696    .data               main.o
    0x200000bc   0x00006774   0x00000002   Data   RW         2697    .data               main.o
    0x200000be   0x00006776   0x00000002   Data   RW         2698    .data               main.o
    0x200000c0   0x00006778   0x00000002   Data   RW         2699    .data               main.o
    0x200000c2   0x0000677a   0x00000002   PAD
    0x200000c4   0x0000677c   0x00000040   Data   RW         2905    .data               scd.o
    0x20000104   0x000067bc   0x00000010   Data   RW         2992    .data               scd_reg.o
    0x20000114        -       0x00005000   Zero   RW         1570    .bss                heap_4.o
    0x20005114        -       0x0000016c   Zero   RW         2197    .bss                tasks.o
    0x20005280        -       0x00000038   Zero   RW         2543    .bss                timers.o
    0x200052b8        -       0x0000005c   Zero   RW         2689    .bss                main.o
    0x20005314        -       0x000000e0   Zero   RW         2990    .bss                scd_reg.o
    0x200053f4        -       0x00000060   Zero   RW         3243    .bss                c_w.l(libspace.o)
    0x20005454   0x000067cc   0x00000004   PAD
    0x20005458        -       0x00000000   Zero   RW            2    HEAP                startup_cm3ds.o
    0x20005458        -       0x00001000   Zero   RW            1    STACK               startup_cm3ds.o


==============================================================================

Image component sizes


      Code (inc. data)   RO Data    RW Data    ZI Data      Debug   Object Name

        20          0          0          4          0       3198   cm3_retarget.o
         0          0          0          0          0       2776   cm3ds_dma.o
       266         14          0          0          0       3735   cm3ds_gpio.o
       100          6          0          0          0       2412   cm3ds_misc.o
        24          6          0          0          0        585   cm3ds_rcc.o
        44          6          0          0          0       2154   cm3ds_uart.o
        48          6          0          0          0       1644   delay.o
         0          0          0          0          0      16068   event_groups.o
       644         50          0         28      20480      18359   heap_4.o
       532         40          0          0          0       5643   i2c_gpio.o
       532         44          0          0          0       5652   i2c_gpio2.o
        36          4          0          0          0        444   int_handlers.o
       900         36       1520          8          0      12239   lcd_9488_drv.o
       116          0          0          0          0       8589   list.o
      2048        392          0         54         92      51958   main.o
       578         60          0         12          0       9328   port.o
      1842         20          0          0          0      16326   queue.o
      2304         50       1064         64          0      15846   scd.o
        96         12         80         16        224       4610   scd_reg.o
        60         22        320          0       4096        888   startup_cm3ds.o
         0          0          0          0          0        392   stream_buffer.o
        16          8          0          4          0      36383   system_cm3ds.o
      2926        198          0         64        364      31154   tasks.o
      1112         20          0          0          0       8984   thp_bme280_drv.o
       772         74          0         20         56      12914   timers.o
       700        100          0          0          0       4617   touch_gt911_drv.o

    ----------------------------------------------------------------------
     15752       1168       3018        276      25312     276898   Object Totals
         0          0         32          0          0          0   (incl. Generated)
        36          0          2          2          0          0   (incl. Padding)

    ----------------------------------------------------------------------

      Code (inc. data)   RO Data    RW Data    ZI Data      Debug   Library Member Name

         8          0          0          0          0         68   __main.o
       312          4         17          0          0         92   __printf_flags_wp.o
        14          0          0          0          0         68   __printf_wp.o
         0          0          0          0          0          0   __rtentry.o
        12          0          0          0          0          0   __rtentry2.o
         6          0          0          0          0          0   __rtentry4.o
        52          8          0          0          0          0   __scatter.o
        26          0          0          0          0          0   __scatter_copy.o
        28          0          0          0          0          0   __scatter_zi.o
        44          0          0          0          0        108   _printf_char.o
        48          6          0          0          0         96   _printf_char_common.o
        36          4          0          0          0         80   _printf_char_file.o
         6          0          0          0          0          0   _printf_d.o
       120         16          0          0          0         92   _printf_dec.o
         6          0          0          0          0          0   _printf_f.o
      1054          0          0          0          0        216   _printf_fp_dec.o
       128         16          0          0          0         84   _printf_fp_infnan.o
        88          4         40          0          0         88   _printf_hex_int.o
       178          0          0          0          0         88   _printf_intcommon.o
        78          0          0          0          0        108   _printf_pad.o
         0          0          0          0          0          0   _printf_percent.o
         4          0          0          0          0          0   _printf_percent_end.o
         6          0          0          0          0          0   _printf_s.o
        82          0          0          0          0         80   _printf_str.o
         6          0          0          0          0          0   _printf_x.o
        10          0          0          0          0         68   _sputc.o
        16          0          0          0          0         68   aeabi_memset.o
       228          4        148          0          0         96   bigflt0.o
      1936        128          0          0          0        672   btod.o
        18          0          0          0          0         80   exit.o
         8          0          0          0          0         68   ferror.o
         6          0          0          0          0        152   heapauxi.o
         0          0          0          0          0          0   indicate_semi.o
        44         10         28          0          0         76   lc_numeric_c.o
         2          0          0          0          0          0   libinit.o
        18          0          0          0          0          0   libinit2.o
         2          0          0          0          0          0   libshutdown.o
         2          0          0          0          0          0   libshutdown2.o
         8          4          0          0         96         68   libspace.o
       138          0          0          0          0         80   lludiv10.o
        24          4          0          0          0         84   noretval__2printf.o
        40          6          0          0          0         84   noretval__2sprintf.o
         8          4          0          0          0         68   rt_locale_intlibspace.o
        68          0          0          0          0         68   rt_memclr.o
        78          0          0          0          0         80   rt_memclr_w.o
       138          0          0          0          0         68   rt_memcpy_v6.o
       100          0          0          0          0         80   rt_memcpy_w.o
         2          0          0          0          0          0   rtexit.o
        10          0          0          0          0          0   rtexit2.o
       128          0          0          0          0         68   strcmpv7m.o
        12          4          0          0          0         68   sys_exit.o
        74          0          0          0          0         80   sys_stackheap_outer.o
         2          0          0          0          0         68   use_no_semi.o
        12          0          0          0          0         68   dretinf.o
        86          4          0          0          0         84   f2d.o
       430          8          0          0          0        168   faddsub_clz.o
        12          4          0          0          0         68   fcheck1.o
       388         76          0          0          0         96   fdiv.o
        54          4          0          0          0         84   ffix.o
        62          4          0          0          0         84   ffixu.o
        86          0          0          0          0        136   fflt_clz.o
       258          4          0          0          0         84   fmul.o
       140          4          0          0          0         84   fnaninf.o
        10          0          0          0          0         68   fretinf.o
         4          0          0          0          0         68   printf1.o
       100          0          0          0          0         68   retnan.o
        76          0          0          0          0         68   scalbnf.o
        48          0          0          0          0         68   trapv.o
         0          0          0          0          0          0   usenofp.o
        40          0          0          0          0         68   fpclassify.o

    ----------------------------------------------------------------------
      7290        330        236          0        100       4876   Library Totals
        22          0          3          0          4          0   (incl. Padding)

    ----------------------------------------------------------------------

      Code (inc. data)   RO Data    RW Data    ZI Data      Debug   Library Name

      5462        222        233          0         96       3512   c_w.l
      1766        108          0          0          0       1296   fz_ws.l
        40          0          0          0          0         68   m_ws.l

    ----------------------------------------------------------------------
      7290        330        236          0        100       4876   Library Totals

    ----------------------------------------------------------------------

==============================================================================


      Code (inc. data)   RO Data    RW Data    ZI Data      Debug   

     23042       1498       3254        276      25412     271526   Grand Totals
     23042       1498       3254        276      25412     271526   ELF Image Totals
     23042       1498       3254        276          0          0   ROM Totals

==============================================================================

    Total RO  Size (Code + RO Data)                26296 (  25.68kB)
    Total RW  Size (RW Data + ZI Data)             25688 (  25.09kB)
    Total ROM Size (Code + RO Data + RW Data)      26572 (  25.95kB)

==============================================================================

