Component: ARM Compiler 5.06 update 7 (build 960) Tool: armlink [4d3601]

==============================================================================

Section Cross References

    startup_cm3ds.o(STACK) refers (Special) to heapauxi.o(.text) for __use_two_region_memory
    startup_cm3ds.o(HEAP) refers (Special) to heapauxi.o(.text) for __use_two_region_memory
    startup_cm3ds.o(RESET) refers (Special) to heapauxi.o(.text) for __use_two_region_memory
    startup_cm3ds.o(RESET) refers to startup_cm3ds.o(STACK) for __initial_sp
    startup_cm3ds.o(RESET) refers to startup_cm3ds.o(.text) for Reset_Handler
    startup_cm3ds.o(RESET) refers to port.o(.emb_text) for SVC_Handler
    startup_cm3ds.o(RESET) refers to port.o(i.SysTick_Handler) for SysTick_Handler
    startup_cm3ds.o(RESET) refers to int_handlers.o(i.UART0_Handler) for UART0_Handler
    startup_cm3ds.o(.text) refers (Special) to heapauxi.o(.text) for __use_two_region_memory
    startup_cm3ds.o(.text) refers to system_cm3ds.o(i.SystemInit) for SystemInit
    startup_cm3ds.o(.text) refers to __main.o(!!!main) for __main
    startup_cm3ds.o(.text) refers to startup_cm3ds.o(HEAP) for Heap_Mem
    startup_cm3ds.o(.text) refers to startup_cm3ds.o(STACK) for Stack_Mem
    system_cm3ds.o(i.SystemCoreClockUpdate) refers to system_cm3ds.o(.data) for .data
    system_cm3ds.o(i.SystemInit) refers to system_cm3ds.o(.data) for .data
    cm3ds_adc.o(i.ADC_DeInit) refers to cm3ds_rcc.o(i.RCC_APB1PeriphResetCmd) for RCC_APB1PeriphResetCmd
    cm3ds_dualtimer.o(i.DTIM_DeInit) refers to cm3ds_rcc.o(i.RCC_APB1PeriphResetCmd) for RCC_APB1PeriphResetCmd
    cm3ds_i2c.o(i.I2C_DeInit) refers to cm3ds_rcc.o(i.RCC_APB1PeriphResetCmd) for RCC_APB1PeriphResetCmd
    cm3ds_spi.o(i.SSP_DeInit) refers to cm3ds_rcc.o(i.RCC_APB1PeriphResetCmd) for RCC_APB1PeriphResetCmd
    cm3ds_timer.o(i.TIM_DeInit) refers to cm3ds_rcc.o(i.RCC_APB1PeriphResetCmd) for RCC_APB1PeriphResetCmd
    cm3ds_uart.o(i.UART_DeInit) refers to cm3ds_rcc.o(i.RCC_APB1PeriphResetCmd) for RCC_APB1PeriphResetCmd
    cm3ds_uart.o(i.UART_Init) refers to system_cm3ds.o(.data) for SystemCoreClock
    cm3_retarget.o(i.fgetc) refers to cm3_retarget.o(i.UartGetc) for UartGetc
    cm3_retarget.o(i.fgetc) refers to cm3_retarget.o(i.UartPutc) for UartPutc
    cm3_retarget.o(i.fputc) refers to cm3_retarget.o(i.UartPutc) for UartPutc
    i2c_gpio.o(i.read_i2c) refers to i2c_gpio.o(i.hfUnitDelay) for hfUnitDelay
    i2c_gpio.o(i.read_i2c) refers to i2c_gpio.o(i.tyj_i2c_scl_read) for tyj_i2c_scl_read
    i2c_gpio.o(i.read_i2c) refers to i2c_gpio.o(i.tyj_i2c_sda_read) for tyj_i2c_sda_read
    i2c_gpio.o(i.start_i2c) refers to i2c_gpio.o(i.hfUnitDelay) for hfUnitDelay
    i2c_gpio.o(i.start_i2c) refers to i2c_gpio.o(i.tyj_i2c_scl_read) for tyj_i2c_scl_read
    i2c_gpio.o(i.start_i2c) refers to i2c_gpio.o(i.tyj_i2c_sda_read) for tyj_i2c_sda_read
    i2c_gpio.o(i.stop_i2c) refers to i2c_gpio.o(i.hfUnitDelay) for hfUnitDelay
    i2c_gpio.o(i.stop_i2c) refers to i2c_gpio.o(i.tyj_i2c_scl_read) for tyj_i2c_scl_read
    i2c_gpio.o(i.stop_i2c) refers to i2c_gpio.o(i.tyj_i2c_sda_read) for tyj_i2c_sda_read
    i2c_gpio.o(i.swi2c_init) refers to system_cm3ds.o(.data) for SystemCoreClock
    i2c_gpio.o(i.write_i2c) refers to i2c_gpio.o(i.hfUnitDelay) for hfUnitDelay
    i2c_gpio.o(i.write_i2c) refers to i2c_gpio.o(i.tyj_i2c_scl_read) for tyj_i2c_scl_read
    i2c_gpio.o(i.write_i2c) refers to i2c_gpio.o(i.tyj_i2c_sda_read) for tyj_i2c_sda_read
    lcd_9488_drv.o(i.LCD_Clear) refers to lcd_9488_drv.o(i.LCD_Set_Window) for LCD_Set_Window
    lcd_9488_drv.o(i.LCD_DrawLine) refers to lcd_9488_drv.o(i.LCD_DrawPoint_color) for LCD_DrawPoint_color
    lcd_9488_drv.o(i.LCD_DrawLine) refers to lcd_9488_drv.o(.data) for .data
    lcd_9488_drv.o(i.LCD_DrawPoint_color) refers to lcd_9488_drv.o(i.LCD_Set_Window) for LCD_Set_Window
    lcd_9488_drv.o(i.LCD_DrawRectangle) refers to lcd_9488_drv.o(i.LCD_DrawLine) for LCD_DrawLine
    lcd_9488_drv.o(i.LCD_Draw_Circle) refers to lcd_9488_drv.o(i.LCD_DrawPoint_color) for LCD_DrawPoint_color
    lcd_9488_drv.o(i.LCD_Draw_Circle) refers to lcd_9488_drv.o(.data) for .data
    lcd_9488_drv.o(i.LCD_Init) refers to _printf_percent.o(.ARM.Collect$$_printf_percent$$00000000) for _printf_percent
    lcd_9488_drv.o(i.LCD_Init) refers to _printf_x.o(.ARM.Collect$$_printf_percent$$0000000C) for _printf_x
    lcd_9488_drv.o(i.LCD_Init) refers to _printf_hex_int.o(.text) for _printf_longlong_hex
    lcd_9488_drv.o(i.LCD_Init) refers to cm3ds_gpio.o(i.GPIO_ResetBit) for GPIO_ResetBit
    lcd_9488_drv.o(i.LCD_Init) refers to delay.o(i.delay_ms) for delay_ms
    lcd_9488_drv.o(i.LCD_Init) refers to cm3ds_gpio.o(i.GPIO_SetBit) for GPIO_SetBit
    lcd_9488_drv.o(i.LCD_Init) refers to lcd_9488_drv.o(i.LCD_RD_DATA) for LCD_RD_DATA
    lcd_9488_drv.o(i.LCD_Init) refers to noretval__2printf.o(.text) for __2printf
    lcd_9488_drv.o(i.LCD_Init) refers to lcd_9488_drv.o(i.LCD_Clear) for LCD_Clear
[...]
    i.vListInitialiseItem                    0x00003ece   Section        0  list.o(i.vListInitialiseItem)
    i.vListInsert                            0x00003ed4   Section        0  list.o(i.vListInsert)
    i.vPortEnterCritical                     0x00003f04   Section        0  port.o(i.vPortEnterCritical)
    i.vPortExitCritical                      0x00003f44   Section        0  port.o(i.vPortExitCritical)
    i.vPortFree                              0x00003f6c   Section        0  heap_4.o(i.vPortFree)
    i.vPortSetupTimerInterrupt               0x00003ff4   Section        0  port.o(i.vPortSetupTimerInterrupt)
    i.vQueueWaitForMessageRestricted         0x0000400c   Section        0  queue.o(i.vQueueWaitForMessageRestricted)
    i.vTaskDelay                             0x00004050   Section        0  tasks.o(i.vTaskDelay)
    i.vTaskInternalSetTimeOutState           0x0000409c   Section        0  tasks.o(i.vTaskInternalSetTimeOutState)
    i.vTaskMissedYield                       0x000040ac   Section        0  tasks.o(i.vTaskMissedYield)
    i.vTaskPlaceOnEventList                  0x000040b8   Section        0  tasks.o(i.vTaskPlaceOnEventList)
    i.vTaskPlaceOnEventListRestricted        0x000040e8   Section        0  tasks.o(i.vTaskPlaceOnEventListRestricted)
    i.vTaskStartScheduler                    0x00004138   Section        0  tasks.o(i.vTaskStartScheduler)
    i.vTaskSuspendAll                        0x000041cc   Section        0  tasks.o(i.vTaskSuspendAll)
    i.vTaskSwitchContext                     0x000041dc   Section        0  tasks.o(i.vTaskSwitchContext)
    i.write_i2c                              0x0000423c   Section        0  i2c_gpio.o(i.write_i2c)
    i.write_i2c2                             0x000042c0   Section        0  i2c_gpio2.o(i.write_i2c2)
    i.xPortStartScheduler                    0x00004340   Section        0  port.o(i.xPortStartScheduler)
    i.xQueueGenericCreate                    0x000043f4   Section        0  queue.o(i.xQueueGenericCreate)
    i.xQueueGenericReset                     0x0000444c   Section        0  queue.o(i.xQueueGenericReset)
    i.xQueueReceive                          0x000044fc   Section        0  queue.o(i.xQueueReceive)
    i.xTaskCheckForTimeOut                   0x00004634   Section        0  tasks.o(i.xTaskCheckForTimeOut)
    i.xTaskCreate                            0x000046c0   Section        0  tasks.o(i.xTaskCreate)
    i.xTaskGetSchedulerState                 0x00004724   Section        0  tasks.o(i.xTaskGetSchedulerState)
    i.xTaskGetTickCount                      0x00004740   Section        0  tasks.o(i.xTaskGetTickCount)
    i.xTaskIncrementTick                     0x0000474c   Section        0  tasks.o(i.xTaskIncrementTick)
    i.xTaskPriorityDisinherit                0x00004878   Section        0  tasks.o(i.xTaskPriorityDisinherit)
    i.xTaskRemoveFromEventList               0x00004930   Section        0  tasks.o(i.xTaskRemoveFromEventList)
    i.xTaskResumeAll                         0x00004a10   Section        0  tasks.o(i.xTaskResumeAll)
    i.xTimerCreateTimerTask                  0x00004b58   Section        0  timers.o(i.xTimerCreateTimerTask)
    locale$$code                             0x00004ba0   Section       44  lc_numeric_c.o(locale$$code)
    x$fpl$dretinf                            0x00004bcc   Section       12  dretinf.o(x$fpl$dretinf)
    x$fpl$f2d                                0x00004bd8   Section       86  f2d.o(x$fpl$f2d)
    x$fpl$fadd                               0x00004c30   Section      196  faddsub_clz.o(x$fpl$fadd)
    _fadd1                                   0x00004c3f   Thumb Code     0  faddsub_clz.o(x$fpl$fadd)
    x$fpl$fcheck1                            0x00004cf4   Section       12  fcheck1.o(x$fpl$fcheck1)
    x$fpl$ffix                               0x00004d00   Section       54  ffix.o(x$fpl$ffix)
    x$fpl$fflt                               0x00004d38   Section       48  fflt_clz.o(x$fpl$fflt)
    x$fpl$ffltu                              0x00004d68   Section       38  fflt_clz.o(x$fpl$ffltu)
    x$fpl$fmul                               0x00004d90   Section      258  fmul.o(x$fpl$fmul)
    x$fpl$fnaninf                            0x00004e92   Section      140  fnaninf.o(x$fpl$fnaninf)
    x$fpl$fretinf                            0x00004f1e   Section       10  fretinf.o(x$fpl$fretinf)
    x$fpl$fsub                               0x00004f28   Section      234  faddsub_clz.o(x$fpl$fsub)
    _fsub1                                   0x00004f37   Thumb Code     0  faddsub_clz.o(x$fpl$fsub)
    x$fpl$printf1                            0x00005012   Section        4  printf1.o(x$fpl$printf1)
    x$fpl$retnan                             0x00005016   Section      100  retnan.o(x$fpl$retnan)
    x$fpl$scalbnf                            0x0000507a   Section       76  scalbnf.o(x$fpl$scalbnf)
    x$fpl$trapveneer                         0x000050c6   Section       48  trapv.o(x$fpl$trapveneer)
    x$fpl$usenofp                            0x000050f6   Section        0  usenofp.o(x$fpl$usenofp)
    .constdata                               0x000050f8   Section     1032  scd.o(.constdata)
    .constdata                               0x00005500   Section       80  scd_reg.o(.constdata)
    .constdata                               0x00005550   Section       40  _printf_hex_int.o(.constdata)
    uc_hextab                                0x00005550   Data          20  _printf_hex_int.o(.constdata)
    lc_hextab                                0x00005564   Data          20  _printf_hex_int.o(.constdata)
    .constdata                               0x00005578   Section       17  __printf_flags_wp.o(.constdata)
    maptable                                 0x00005578   Data          17  __printf_flags_wp.o(.constdata)
    .constdata                               0x0000558c   Section      148  bigflt0.o(.constdata)
    tenpwrs_x                                0x0000558c   Data          60  bigflt0.o(.constdata)
    tenpwrs_i                                0x000055c8   Data          64  bigflt0.o(.constdata)
    .conststring                             0x00005620   Section       32  scd.o(.conststring)
    locale$$data                             0x00005660   Section       28  lc_numeric_c.o(locale$$data)
    __lcnum_c_name                           0x00005664   Data           2  lc_numeric_c.o(locale$$data)
    __lcnum_c_start                          0x0000566c   Data           0  lc_numeric_c.o(locale$$data)
    __lcnum_c_point                          0x00005678   Data           0  lc_numeric_c.o(locale$$data)
    __lcnum_c_thousands                      0x0000567a   Data           0  lc_numeric_c.o(locale$$data)
    __lcnum_c_grouping                       0x0000567b   Data           0  lc_numeric_c.o(locale$$data)
    __lcnum_c_end                            0x0000567c   Data           0  lc_numeric_c.o(locale$$data)
    .data                                    0x20000000   Section        4  system_cm3ds.o(.data)
    .data                                    0x20000004   Section        4  cm3_retarget.o(.data)
    .data                                    0x20000008   Section        8  lcd_9488_drv.o(.data)
    .data                                    0x20000010   Section       28  heap_4.o(.data)
    pxEnd                                    0x20000010   Data           4  heap_4.o(.data)
    xFreeBytesRemaining                      0x20000014   Data           4  heap_4.o(.data)
    xMinimumEverFreeBytesRemaining           0x20000018   Data           4  heap_4.o(.data)
    xNumberOfSuccessfulAllocations           0x2000001c   Data           4  heap_4.o(.data)
    xNumberOfSuccessfulFrees                 0x20000020   Data           4  heap_4.o(.data)
    xStart                                   0x20000024   Data           8  heap_4.o(.data)
    .data                                    0x2000002c   Section       12  port.o(.data)
    ucMaxSysCallPriority                     0x2000002c   Data           1  port.o(.data)
    uxCriticalNesting                        0x20000030   Data           4  port.o(.data)
    ulMaxPRIGROUPValue                       0x20000034   Data           4  port.o(.data)
    .data                                    0x20000038   Section       64  tasks.o(.data)
    uxDeletedTasksWaitingCleanUp             0x2000003c   Data           4  tasks.o(.data)
    uxCurrentNumberOfTasks                   0x20000040   Data           4  tasks.o(.data)
    xTickCount                               0x20000044   Data           4  tasks.o(.data)
    uxTopReadyPriority                       0x20000048   Data           4  tasks.o(.data)
    xSchedulerRunning                        0x2000004c   Data           4  tasks.o(.data)
    xPendedTicks                             0x20000050   Data           4  tasks.o(.data)
    xYieldPendings                           0x20000054   Data           4  tasks.o(.data)
    xNumOfOverflows                          0x20000058   Data           4  tasks.o(.data)
    uxTaskNumber                             0x2000005c   Data           4  tasks.o(.data)
    xNextTaskUnblockTime                     0x20000060   Data           4  tasks.o(.data)
    uxTopUsedPriority                        0x20000064   Data           4  tasks.o(.data)
    uxSchedulerSuspended                     0x20000068   Data           4  tasks.o(.data)
    pxDelayedTaskList                        0x2000006c   Data           4  tasks.o(.data)
    pxOverflowDelayedTaskList                0x20000070   Data           4  tasks.o(.data)
    xIdleTaskHandles                         0x20000074   Data           4  tasks.o(.data)
    .data                                    0x20000078   Section       20  timers.o(.data)
    xTimerQueue                              0x20000078   Data           4  timers.o(.data)
    xTimerTaskHandle                         0x2000007c   Data           4  timers.o(.data)
    xLastTime                                0x20000080   Data           4  timers.o(.data)
    pxCurrentTimerList                       0x20000084   Data           4  timers.o(.data)
    pxOverflowTimerList                      0x20000088   Data           4  timers.o(.data)
    .data                                    0x2000008c   Section       16  main.o(.data)
    .data                                    0x2000009c   Section        2  main.o(.data)
    .data                                    0x2000009e   Section        2  main.o(.data)
    .data                                    0x200000a0   Section        2  main.o(.data)
    .data                                    0x200000a2   Section        2  main.o(.data)
    .data                                    0x200000a4   Section        2  main.o(.data)
    .data                                    0x200000a6   Section        2  main.o(.data)
    .data                                    0x200000a8   Section        2  main.o(.data)
    .data                                    0x200000aa   Section        2  main.o(.data)
    .data                                    0x200000ac   Section        2  main.o(.data)
    .data                                    0x200000b0   Section       64  scd.o(.data)
    checkUint16Sum                           0x200000b0   Data           2  scd.o(.data)
    checkUint16Sum                           0x200000b2   Data           2  scd.o(.data)
    SCD_CMD_TAB                              0x200000b4   Data          20  scd.o(.data)
    SCD_CMD_FCNS                             0x200000c8   Data          20  scd.o(.data)
    SCD_PROTOCOL_FCNS                        0x200000dc   Data          20  scd.o(.data)
    .data                                    0x200000f0   Section       16  scd_reg.o(.data)
    .bss                                     0x20000100   Section    20480  heap_4.o(.bss)
    ucHeap                                   0x20000100   Data       20480  heap_4.o(.bss)
    .bss                                     0x20005100   Section      308  tasks.o(.bss)
    pxReadyTasksLists                        0x20005100   Data         168  tasks.o(.bss)
    xDelayedTaskList1                        0x200051a8   Data          28  tasks.o(.bss)
    xDelayedTaskList2                        0x200051c4   Data          28  tasks.o(.bss)
    xPendingReadyList                        0x200051e0   Data          28  tasks.o(.bss)
    xTasksWaitingTermination                 0x200051fc   Data          28  tasks.o(.bss)
    xSuspendedTaskList                       0x20005218   Data          28  tasks.o(.bss)
    .bss                                     0x20005234   Section       56  timers.o(.bss)
    xActiveTimerList1                        0x20005234   Data          28  timers.o(.bss)
    xActiveTimerList2                        0x20005250   Data          28  timers.o(.bss)
    .bss                                     0x2000526c   Section       92  main.o(.bss)
    touchInfo1                               0x2000526c   Data          42  main.o(.bss)
    .bss                                     0x200052c8   Section      224  scd_reg.o(.bss)
    .bss                                     0x200053a8   Section       96  libspace.o(.bss)
    HEAP                                     0x20005408   Section        0  startup_cm3ds.o(HEAP)
    STACK                                    0x20005408   Section     4096  startup_cm3ds.o(STACK)
    Heap_Mem                                 0x20005408   Data           0  startup_cm3ds.o(HEAP)
    Stack_Mem                                0x20005408   Data        4096  startup_cm3ds.o(STACK)
    __initial_sp                             0x20006408   Data           0  startup_cm3ds.o(STACK)

    Global Symbols

    Symbol Name                              Value     Ov Type        Size  Object(Section)

    BuildAttributes$$THM_ISAv4$P$D$K$B$S$PE$A:L22UL41UL21$X:L11$S22US41US21$IEEE1$IW$USESV6$~STKCKD$USESV7$~SHL$OTIME$ROPI$IEEEJ$EBA8$UX$STANDARDLIB$REQ8$PRES8$EABIv2 0x00000000   Number         0  anon$$obj.o ABSOLUTE
    __ARM_use_no_argv                        0x00000000   Number         0  main.o ABSOLUTE
    __Vectors                                0x00000000   Data           4  startup_cm3ds.o(RESET)
    _printf_flags                            0x00000000   Number         0  printf_stubs.o ABSOLUTE
    _printf_return_value                     0x00000000   Number         0  printf_stubs.o ABSOLUTE
    _printf_sizespec                         0x00000000   Number         0  printf_stubs.o ABSOLUTE
    _printf_widthprec                        0x00000000   Number         0  printf_stubs.o ABSOLUTE
    __ARM_exceptions_init                     - Undefined Weak Reference
    __alloca_initialize                       - Undefined Weak Reference
    __arm_fini_                               - Undefined Weak Reference
    __arm_preinit_                            - Undefined Weak Reference
    __cpp_initialize__aeabi_                  - Undefined Weak Reference
    __cxa_finalize                            - Undefined Weak Reference
    __sigvec_lookup                           - Undefined Weak Reference
    _atexit_init                              - Undefined Weak Reference
    _call_atexit_fns                          - Undefined Weak Reference
    _clock_init                               - Undefined Weak Reference
    _fp_trap_init                             - Undefined Weak Reference
    _fp_trap_shutdown                         - Undefined Weak Reference
    _get_lc_collate                           - Undefined Weak Reference
    _get_lc_ctype                             - Undefined Weak Reference
    _get_lc_monetary                          - Undefined Weak Reference
    _get_lc_time                              - Undefined Weak Reference
    _getenv_init                              - Undefined Weak Reference
    _handle_redirection                       - Undefined Weak Reference
    _init_alloc                               - Undefined Weak Reference
    _init_user_alloc                          - Undefined Weak Reference
    _initio                                   - Undefined Weak Reference
    _mutex_acquire                            - Undefined Weak Reference
    _mutex_release                            - Undefined Weak Reference
    _printf_mbtowc                            - Undefined Weak Reference
    _printf_post_padding                      - Undefined Weak Reference
    _printf_pre_padding                       - Undefined Weak Reference
    _printf_truncate_signed                   - Undefined Weak Reference
    _printf_truncate_unsigned                 - Undefined Weak Reference
    _rand_init                                - Undefined Weak Reference
    _signal_finish                            - Undefined Weak Reference
    _signal_init                              - Undefined Weak Reference
    _terminate_alloc                          - Undefined Weak Reference
    _terminate_user_alloc                     - Undefined Weak Reference
    _terminateio                              - Undefined Weak Reference
    __Vectors_End                            0x00000140   Data           0  startup_cm3ds.o(RESET)
    __Vectors_Size                           0x00000140   Number         0  startup_cm3ds.o ABSOLUTE
    __main                                   0x00000141   Thumb Code     8  __main.o(!!!main)
    __scatterload                            0x00000149   Thumb Code     0  __scatter.o(!!!scatter)
    __scatterload_rt2                        0x00000149   Thumb Code    44  __scatter.o(!!!scatter)
    __scatterload_rt2_thumb_only             0x00000149   Thumb Code     0  __scatter.o(!!!scatter)
    __scatterload_null                       0x00000157   Thumb Code     0  __scatter.o(!!!scatter)
    __scatterload_copy                       0x0000017d   Thumb Code    26  __scatter_copy.o(!!handler_copy)
    __scatterload_zeroinit                   0x00000199   Thumb Code    28  __scatter_zi.o(!!handler_zi)
    _printf_f                                0x000001b5   Thumb Code     0  _printf_f.o(.ARM.Collect$$_printf_percent$$00000003)
    _printf_percent                          0x000001b5   Thumb Code     0  _printf_percent.o(.ARM.Collect$$_printf_percent$$00000000)
    _printf_d                                0x000001bb   Thumb Code     0  _printf_d.o(.ARM.Collect$$_printf_percent$$00000009)
    _printf_x                                0x000001c1   Thumb Code     0  _printf_x.o(.ARM.Collect$$_printf_percent$$0000000C)
    _printf_s                                0x000001c7   Thumb Code     0  _printf_s.o(.ARM.Collect$$_printf_percent$$00000014)
    _printf_percent_end                      0x000001cd   Thumb Code     0  _printf_percent_end.o(.ARM.Collect$$_printf_percent$$00000017)
    __rt_lib_init                            0x000001d1   Thumb Code     0  libinit.o(.ARM.Collect$$libinit$$00000000)
    __rt_lib_init_fp_1                       0x000001d3   Thumb Code     0  libinit2.o(.ARM.Collect$$libinit$$00000002)
    __rt_lib_init_heap_1                     0x000001d3   Thumb Code     0  libinit2.o(.ARM.Collect$$libinit$$0000000A)
    __rt_lib_init_lc_common                  0x000001d3   Thumb Code     0  libinit2.o(.ARM.Collect$$libinit$$0000000F)
    __rt_lib_init_preinit_1                  0x000001d3   Thumb Code     0  libinit2.o(.ARM.Collect$$libinit$$00000004)
    __rt_lib_init_rand_1                     0x000001d3   Thumb Code     0  libinit2.o(.ARM.Collect$$libinit$$0000000E)
    __rt_lib_init_user_alloc_1               0x000001d3   Thumb Code     0  libinit2.o(.ARM.Collect$$libinit$$0000000C)
    __rt_lib_init_lc_collate_1               0x000001d9   Thumb Code     0  libinit2.o(.ARM.Collect$$libinit$$00000011)
    __rt_lib_init_lc_ctype_1                 0x000001d9   Thumb Code     0  libinit2.o(.ARM.Collect$$libinit$$00000013)
    __rt_lib_init_lc_monetary_1              0x000001d9   Thumb Code     0  libinit2.o(.ARM.Collect$$libinit$$00000015)
    __rt_lib_init_lc_numeric_2               0x000001d9   Thumb Code     0  libinit2.o(.ARM.Collect$$libinit$$00000016)
    __rt_lib_init_alloca_1                   0x000001e3   Thumb Code     0  libinit2.o(.ARM.Collect$$libinit$$0000002E)
    __rt_lib_init_argv_1                     0x000001e3   Thumb Code     0  libinit2.o(.ARM.Collect$$libinit$$0000002C)
    __rt_lib_init_atexit_1                   0x000001e3   Thumb Code     0  libinit2.o(.ARM.Collect$$libinit$$0000001B)
    __rt_lib_init_clock_1                    0x000001e3   Thumb Code     0  libinit2.o(.ARM.Collect$$libinit$$00000021)
    __rt_lib_init_cpp_1                      0x000001e3   Thumb Code     0  libinit2.o(.ARM.Collect$$libinit$$00000032)
    __rt_lib_init_exceptions_1               0x000001e3   Thumb Code     0  libinit2.o(.ARM.Collect$$libinit$$00000030)
    __rt_lib_init_fp_trap_1                  0x000001e3   Thumb Code     0  libinit2.o(.ARM.Collect$$libinit$$0000001F)
    __rt_lib_init_getenv_1                   0x000001e3   Thumb Code     0  libinit2.o(.ARM.Collect$$libinit$$00000023)
    __rt_lib_init_lc_numeric_1               0x000001e3   Thumb Code     0  libinit2.o(.ARM.Collect$$libinit$$00000017)
    __rt_lib_init_lc_time_1                  0x000001e3   Thumb Code     0  libinit2.o(.ARM.Collect$$libinit$$00000019)
    __rt_lib_init_return                     0x000001e3   Thumb Code     0  libinit2.o(.ARM.Collect$$libinit$$00000033)
    __rt_lib_init_signal_1                   0x000001e3   Thumb Code     0  libinit2.o(.ARM.Collect$$libinit$$0000001D)
    __rt_lib_init_stdio_1                    0x000001e3   Thumb Code     0  libinit2.o(.ARM.Collect$$libinit$$00000025)
    __rt_lib_shutdown                        0x000001e5   Thumb Code     0  libshutdown.o(.ARM.Collect$$libshutdown$$00000000)
    __rt_lib_shutdown_cpp_1                  0x000001e7   Thumb Code     0  libshutdown2.o(.ARM.Collect$$libshutdown$$00000004)
    __rt_lib_shutdown_fini_1                 0x000001e7   Thumb Code     0  libshutdown2.o(.ARM.Collect$$libshutdown$$00000002)
    __rt_lib_shutdown_fp_trap_1              0x000001e7   Thumb Code     0  libshutdown2.o(.ARM.Collect$$libshutdown$$00000009)
    __rt_lib_shutdown_heap_1                 0x000001e7   Thumb Code     0  libshutdown2.o(.ARM.Collect$$libshutdown$$00000011)
    __rt_lib_shutdown_return                 0x000001e7   Thumb Code     0  libshutdown2.o(.ARM.Collect$$libshutdown$$00000012)
    __rt_lib_shutdown_signal_1               0x000001e7   Thumb Code     0  libshutdown2.o(.ARM.Collect$$libshutdown$$0000000C)
    __rt_lib_shutdown_stdio_1                0x000001e7   Thumb Code     0  libshutdown2.o(.ARM.Collect$$libshutdown$$00000006)
    __rt_lib_shutdown_user_alloc_1           0x000001e7   Thumb Code     0  libshutdown2.o(.ARM.Collect$$libshutdown$$0000000E)
    __rt_entry                               0x000001e9   Thumb Code     0  __rtentry.o(.ARM.Collect$$rtentry$$00000000)
    __rt_entry_presh_1                       0x000001e9   Thumb Code     0  __rtentry2.o(.ARM.Collect$$rtentry$$00000002)
    __rt_entry_sh                            0x000001e9   Thumb Code     0  __rtentry4.o(.ARM.Collect$$rtentry$$00000004)
    __rt_entry_li                            0x000001ef   Thumb Code     0  __rtentry2.o(.ARM.Collect$$rtentry$$0000000A)
    __rt_entry_postsh_1                      0x000001ef   Thumb Code     0  __rtentry2.o(.ARM.Collect$$rtentry$$00000009)
    __rt_entry_main                          0x000001f3   Thumb Code     0  __rtentry2.o(.ARM.Collect$$rtentry$$0000000D)
    __rt_entry_postli_1                      0x000001f3   Thumb Code     0  __rtentry2.o(.ARM.Collect$$rtentry$$0000000C)
    __rt_exit                                0x000001fb   Thumb Code     0  rtexit.o(.ARM.Collect$$rtexit$$00000000)
    __rt_exit_ls                             0x000001fd   Thumb Code     0  rtexit2.o(.ARM.Collect$$rtexit$$00000003)
    __rt_exit_prels_1                        0x000001fd   Thumb Code     0  rtexit2.o(.ARM.Collect$$rtexit$$00000002)
    __rt_exit_exit                           0x00000201   Thumb Code     0  rtexit2.o(.ARM.Collect$$rtexit$$00000004)
    SVC_Handler                              0x00000209   Thumb Code    32  port.o(.emb_text)
    __asm___6_port_c_39a90d8d__prvStartFirstTask 0x0000022d   Thumb Code    28  port.o(.emb_text)
    PendSV_Handler                           0x0000024d   Thumb Code    72  port.o(.emb_text)
    vPortGetIPSR                             0x00000299   Thumb Code     6  port.o(.emb_text)
    SysCtlDelay                              0x000002a1   Thumb Code     6  delay.o(.emb_text)
    Reset_Handler                            0x000002a9   Thumb Code     8  startup_cm3ds.o(.text)
    NMI_Handler                              0x000002b1   Thumb Code     2  startup_cm3ds.o(.text)
    HardFault_Handler                        0x000002b3   Thumb Code     2  startup_cm3ds.o(.text)
    MemManage_Handler                        0x000002b5   Thumb Code     2  startup_cm3ds.o(.text)
    BusFault_Handler                         0x000002b7   Thumb Code     2  startup_cm3ds.o(.text)
    UsageFault_Handler                       0x000002b9   Thumb Code     2  startup_cm3ds.o(.text)
    DebugMon_Handler                         0x000002bd   Thumb Code     2  startup_cm3ds.o(.text)
    ADC_Handler                              0x000002c3   Thumb Code     0  startup_cm3ds.o(.text)
    DMACINTERR_Handler                       0x000002c3   Thumb Code     0  startup_cm3ds.o(.text)
    DMACINTR_Handler                         0x000002c3   Thumb Code     0  startup_cm3ds.o(.text)
    DMACINTTC_Handler                        0x000002c3   Thumb Code     0  startup_cm3ds.o(.text)
    DUALTIMER_HANDLER                        0x000002c3   Thumb Code     0  startup_cm3ds.o(.text)
    EXT0_Handler                             0x000002c3   Thumb Code     0  startup_cm3ds.o(.text)
    EXT10_Handler                            0x000002c3   Thumb Code     0  startup_cm3ds.o(.text)
    EXT11_Handler                            0x000002c3   Thumb Code     0  startup_cm3ds.o(.text)
    EXT12_Handler                            0x000002c3   Thumb Code     0  startup_cm3ds.o(.text)
    EXT13_Handler                            0x000002c3   Thumb Code     0  startup_cm3ds.o(.text)
    EXT14_Handler                            0x000002c3   Thumb Code     0  startup_cm3ds.o(.text)
    EXT15_Handler                            0x000002c3   Thumb Code     0  startup_cm3ds.o(.text)
    EXT1_Handler                             0x000002c3   Thumb Code     0  startup_cm3ds.o(.text)
    EXT2_Handler                             0x000002c3   Thumb Code     0  startup_cm3ds.o(.text)
    EXT3_Handler                             0x000002c3   Thumb Code     0  startup_cm3ds.o(.text)
    EXT4_Handler                             0x000002c3   Thumb Code     0  startup_cm3ds.o(.text)
    EXT5_Handler                             0x000002c3   Thumb Code     0  startup_cm3ds.o(.text)
    EXT6_Handler                             0x000002c3   Thumb Code     0  startup_cm3ds.o(.text)
    EXT7_Handler                             0x000002c3   Thumb Code     0  startup_cm3ds.o(.text)
    EXT8_Handler                             0x000002c3   Thumb Code     0  startup_cm3ds.o(.text)
    EXT9_Handler                             0x000002c3   Thumb Code     0  startup_cm3ds.o(.text)
    I2C_Handler                              0x000002c3   Thumb Code     0  startup_cm3ds.o(.text)
    MPS2_SSP0_Handler                        0x000002c3   Thumb Code     0  startup_cm3ds.o(.text)
    MPS2_SSP1_Handler                        0x000002c3   Thumb Code     0  startup_cm3ds.o(.text)
    PORT0_0_Handler                          0x000002c3   Thumb Code     0  startup_cm3ds.o(.text)
    PORT0_10_Handler                         0x000002c3   Thumb Code     0  startup_cm3ds.o(.text)
    PORT0_11_Handler                         0x000002c3   Thumb Code     0  startup_cm3ds.o(.text)
    PORT0_12_Handler                         0x000002c3   Thumb Code     0  startup_cm3ds.o(.text)
    PORT0_13_Handler                         0x000002c3   Thumb Code     0  startup_cm3ds.o(.text)
    PORT0_14_Handler                         0x000002c3   Thumb Code     0  startup_cm3ds.o(.text)
    PORT0_15_Handler                         0x000002c3   Thumb Code     0  startup_cm3ds.o(.text)
    PORT0_16_Handler                         0x000002c3   Thumb Code     0  startup_cm3ds.o(.text)
    PORT0_17_Handler                         0x000002c3   Thumb Code     0  startup_cm3ds.o(.text)
    PORT0_18_Handler                         0x000002c3   Thumb Code     0  startup_cm3ds.o(.text)
    PORT0_19_Handler                         0x000002c3   Thumb Code     0  startup_cm3ds.o(.text)
    PORT0_1_Handler                          0x000002c3   Thumb Code     0  startup_cm3ds.o(.text)
    PORT0_20_Handler                         0x000002c3   Thumb Code     0  startup_cm3ds.o(.text)
    PORT0_21_Handler                         0x000002c3   Thumb Code     0  startup_cm3ds.o(.text)
    PORT0_22_Handler                         0x000002c3   Thumb Code     0  startup_cm3ds.o(.text)
    PORT0_23_Handler                         0x000002c3   Thumb Code     0  startup_cm3ds.o(.text)
    PORT0_24_Handler                         0x000002c3   Thumb Code     0  startup_cm3ds.o(.text)
    PORT0_25_Handler                         0x000002c3   Thumb Code     0  startup_cm3ds.o(.text)
    PORT0_26_Handler                         0x000002c3   Thumb Code     0  startup_cm3ds.o(.text)
    PORT0_27_Handler                         0x000002c3   Thumb Code     0  startup_cm3ds.o(.text)
    PORT0_28_Handler                         0x000002c3   Thumb Code     0  startup_cm3ds.o(.text)
    PORT0_29_Handler                         0x000002c3   Thumb Code     0  startup_cm3ds.o(.text)
    PORT0_2_Handler                          0x000002c3   Thumb Code     0  startup_cm3ds.o(.text)
    PORT0_30_Handler                         0x000002c3   Thumb Code     0  startup_cm3ds.o(.text)
    PORT0_31_Handler                         0x000002c3   Thumb Code     0  startup_cm3ds.o(.text)
    PORT0_3_Handler                          0x000002c3   Thumb Code     0  startup_cm3ds.o(.text)
    PORT0_4_Handler                          0x000002c3   Thumb Code     0  startup_cm3ds.o(.text)
    PORT0_5_Handler                          0x000002c3   Thumb Code     0  startup_cm3ds.o(.text)
    PORT0_6_Handler                          0x000002c3   Thumb Code     0  startup_cm3ds.o(.text)
    PORT0_7_Handler                          0x000002c3   Thumb Code     0  startup_cm3ds.o(.text)
    PORT0_8_Handler                          0x000002c3   Thumb Code     0  startup_cm3ds.o(.text)
    PORT0_9_Handler                          0x000002c3   Thumb Code     0  startup_cm3ds.o(.text)
    PORT0_COMB_Handler                       0x000002c3   Thumb Code     0  startup_cm3ds.o(.text)
    Spare11_Handler                          0x000002c3   Thumb Code     0  startup_cm3ds.o(.text)
    Spare13_Handler                          0x000002c3   Thumb Code     0  startup_cm3ds.o(.text)
    Spare14_Handler                          0x000002c3   Thumb Code     0  startup_cm3ds.o(.text)
    Spare15_Handler                          0x000002c3   Thumb Code     0  startup_cm3ds.o(.text)
    Spare51_Handler                          0x000002c3   Thumb Code     0  startup_cm3ds.o(.text)
    Spare52_Handler                          0x000002c3   Thumb Code     0  startup_cm3ds.o(.text)
    Spare53_Handler                          0x000002c3   Thumb Code     0  startup_cm3ds.o(.text)
    Spare54_Handler                          0x000002c3   Thumb Code     0  startup_cm3ds.o(.text)
    Spare55_Handler                          0x000002c3   Thumb Code     0  startup_cm3ds.o(.text)
    Spare56_Handler                          0x000002c3   Thumb Code     0  startup_cm3ds.o(.text)
    Spare57_Handler                          0x000002c3   Thumb Code     0  startup_cm3ds.o(.text)
    Spare58_Handler                          0x000002c3   Thumb Code     0  startup_cm3ds.o(.text)
    Spare59_Handler                          0x000002c3   Thumb Code     0  startup_cm3ds.o(.text)
    Spare60_Handler                          0x000002c3   Thumb Code     0  startup_cm3ds.o(.text)
    Spare61_Handler                          0x000002c3   Thumb Code     0  startup_cm3ds.o(.text)
    Spare62_Handler                          0x000002c3   Thumb Code     0  startup_cm3ds.o(.text)
    Spare63_Handler                          0x000002c3   Thumb Code     0  startup_cm3ds.o(.text)
    Spare7_Handler                           0x000002c3   Thumb Code     0  startup_cm3ds.o(.text)
    TIMER0_Handler                           0x000002c3   Thumb Code     0  startup_cm3ds.o(.text)
    TIMER1_Handler                           0x000002c3   Thumb Code     0  startup_cm3ds.o(.text)
    UART1_Handler                            0x000002c3   Thumb Code     0  startup_cm3ds.o(.text)
    UARTOVF_Handler                          0x000002c3   Thumb Code     0  startup_cm3ds.o(.text)
    __user_initial_stackheap                 0x000002c5   Thumb Code    10  startup_cm3ds.o(.text)
    __2printf                                0x000002e5   Thumb Code    20  noretval__2printf.o(.text)
    _printf_str                              0x000002fd   Thumb Code    82  _printf_str.o(.text)
    _printf_int_dec                          0x00000351   Thumb Code   104  _printf_dec.o(.text)
    _printf_int_hex                          0x000003c9   Thumb Code    84  _printf_hex_int.o(.text)
    _printf_longlong_hex                     0x000003c9   Thumb Code     0  _printf_hex_int.o(.text)
    __printf                                 0x00000421   Thumb Code   308  __printf_flags_wp.o(.text)
    __aeabi_memcpy                           0x00000559   Thumb Code     0  rt_memcpy_v6.o(.text)
    __rt_memcpy                              0x00000559   Thumb Code   138  rt_memcpy_v6.o(.text)
    _memcpy_lastbytes                        0x000005bf   Thumb Code     0  rt_memcpy_v6.o(.text)
    __aeabi_memset                           0x000005e3   Thumb Code    16  aeabi_memset.o(.text)
    __aeabi_memclr                           0x000005f3   Thumb Code     0  rt_memclr.o(.text)
    __rt_memclr                              0x000005f3   Thumb Code    68  rt_memclr.o(.text)
    _memset                                  0x000005f7   Thumb Code     0  rt_memclr.o(.text)
    __aeabi_memclr4                          0x00000637   Thumb Code     0  rt_memclr_w.o(.text)
    __aeabi_memclr8                          0x00000637   Thumb Code     0  rt_memclr_w.o(.text)
    __rt_memclr_w                            0x00000637   Thumb Code    78  rt_memclr_w.o(.text)
    _memset_w                                0x0000063b   Thumb Code     0  rt_memclr_w.o(.text)
    __use_two_region_memory                  0x00000685   Thumb Code     2  heapauxi.o(.text)
    __rt_heap_escrow$2region                 0x00000687   Thumb Code     2  heapauxi.o(.text)
    __rt_heap_expand$2region                 0x00000689   Thumb Code     2  heapauxi.o(.text)
    _printf_int_common                       0x0000068b   Thumb Code   178  _printf_intcommon.o(.text)
    __lib_sel_fp_printf                      0x0000073d   Thumb Code     2  _printf_fp_dec.o(.text)
    _printf_fp_dec_real                      0x000008ef   Thumb Code   620  _printf_fp_dec.o(.text)
    _printf_cs_common                        0x00000b5b   Thumb Code    20  _printf_char.o(.text)
    _printf_char                             0x00000b6f   Thumb Code    16  _printf_char.o(.text)
    _printf_string                           0x00000b7f   Thumb Code     8  _printf_char.o(.text)
    _printf_char_file                        0x00000b89   Thumb Code    32  _printf_char_file.o(.text)
    __aeabi_memcpy4                          0x00000bad   Thumb Code     0  rt_memcpy_w.o(.text)
    __aeabi_memcpy8                          0x00000bad   Thumb Code     0  rt_memcpy_w.o(.text)
    __rt_memcpy_w                            0x00000bad   Thumb Code   100  rt_memcpy_w.o(.text)
    _memcpy_lastbytes_aligned                0x00000bf5   Thumb Code     0  rt_memcpy_w.o(.text)
    __rt_locale                              0x00000c11   Thumb Code     8  rt_locale_intlibspace.o(.text)
    _ll_udiv10                               0x00000c19   Thumb Code   138  lludiv10.o(.text)
    _printf_char_common                      0x00000caf   Thumb Code    32  _printf_char_common.o(.text)
    _printf_fp_infnan                        0x00000cd5   Thumb Code   112  _printf_fp_infnan.o(.text)
    _btod_etento                             0x00000d55   Thumb Code   224  bigflt0.o(.text)
    ferror                                   0x00000e39   Thumb Code     8  ferror.o(.text)
    __user_libspace                          0x00000e41   Thumb Code     8  libspace.o(.text)
    __user_perproc_libspace                  0x00000e41   Thumb Code     0  libspace.o(.text)
    __user_perthread_libspace                0x00000e41   Thumb Code     0  libspace.o(.text)
    __user_setup_stackheap                   0x00000e49   Thumb Code    74  sys_stackheap_outer.o(.text)
    exit                                     0x00000e93   Thumb Code    18  exit.o(.text)
    strcmp                                   0x00000ea5   Thumb Code   128  strcmpv7m.o(.text)
    _sys_exit                                0x00000f25   Thumb Code     8  sys_exit.o(.text)
    __I$use$semihosting                      0x00000f31   Thumb Code     0  use_no_semi.o(.text)
    __use_no_semihosting_swi                 0x00000f31   Thumb Code     2  use_no_semi.o(.text)
    __semihosting_library_function           0x00000f33   Thumb Code     0  indicate_semi.o(.text)
    _btod_d2e                                0x00000f33   Thumb Code    62  btod.o(CL$$btod_d2e)
    _d2e_denorm_low                          0x00000f71   Thumb Code    70  btod.o(CL$$btod_d2e_denorm_low)
    _d2e_norm_op1                            0x00000fb7   Thumb Code    96  btod.o(CL$$btod_d2e_norm_op1)
    __btod_div_common                        0x00001017   Thumb Code   696  btod.o(CL$$btod_div_common)
    _e2e                                     0x0000134f   Thumb Code   220  btod.o(CL$$btod_e2e)
    _btod_ediv                               0x0000142b   Thumb Code    42  btod.o(CL$$btod_ediv)
    _btod_emul                               0x00001455   Thumb Code    42  btod.o(CL$$btod_emul)
    __btod_mult_common                       0x0000147f   Thumb Code   580  btod.o(CL$$btod_mult_common)
    BME280RefreshTask                        0x000016c5   Thumb Code   112  main.o(i.BME280RefreshTask)
    BME280_Configuration                     0x00001785   Thumb Code   132  thp_bme280_drv.o(i.BME280_Configuration)
    BME280_Get_ALL                           0x00001809   Thumb Code   432  thp_bme280_drv.o(i.BME280_Get_ALL)
    BME280_Get_DIG                           0x000019c1   Thumb Code   134  thp_bme280_drv.o(i.BME280_Get_DIG)
    BME280_ID                                0x00001a47   Thumb Code    20  thp_bme280_drv.o(i.BME280_ID)
    BME280_Init                              0x00001a5d   Thumb Code   114  main.o(i.BME280_Init)
    BME280_Reset                             0x00001bd1   Thumb Code    18  thp_bme280_drv.o(i.BME280_Reset)
    DELAY_TICK                               0x00001c79   Thumb Code    18  delay.o(i.DELAY_TICK)
    GPIO_DeInit                              0x00001c8d   Thumb Code    14  cm3ds_gpio.o(i.GPIO_DeInit)
    GPIO_PinRemapConfig                      0x00001ca1   Thumb Code    10  cm3ds_gpio.o(i.GPIO_PinRemapConfig)
    GPIO_ResetBit                            0x00001cad   Thumb Code   104  cm3ds_gpio.o(i.GPIO_ResetBit)
    GPIO_SetBit                              0x00001d19   Thumb Code   104  cm3ds_gpio.o(i.GPIO_SetBit)
    GT911_Scan                               0x00001d85   Thumb Code   120  touch_gt911_drv.o(i.GT911_Scan)
    GT911_init                               0x00001e01   Thumb Code   126  touch_gt911_drv.o(i.GT911_init)
    GT9XX_ReadData                           0x00001ed5   Thumb Code   228  touch_gt911_drv.o(i.GT9XX_ReadData)
    GT9XX_WriteData                          0x00001fbd   Thumb Code   126  touch_gt911_drv.o(i.GT9XX_WriteData)
    LCD_Clear                                0x00002041   Thumb Code    42  lcd_9488_drv.o(i.LCD_Clear)
    LCD_DrawLine                             0x0000206d   Thumb Code   154  lcd_9488_drv.o(i.LCD_DrawLine)
    LCD_DrawPoint_color                      0x0000210d   Thumb Code    26  lcd_9488_drv.o(i.LCD_DrawPoint_color)
    LCD_Draw_Circle                          0x00002129   Thumb Code   198  lcd_9488_drv.o(i.LCD_Draw_Circle)
    LCD_Init                                 0x000021f5   Thumb Code   378  lcd_9488_drv.o(i.LCD_Init)
    LCD_Set_Window                           0x0000238f   Thumb Code    48  lcd_9488_drv.o(i.LCD_Set_Window)
    NVIC_Init                                0x000023c1   Thumb Code    94  cm3ds_misc.o(i.NVIC_Init)
    RCC_APB1PeriphResetCmd                   0x00002425   Thumb Code    18  cm3ds_rcc.o(i.RCC_APB1PeriphResetCmd)
    SCD_Rev1Byte                             0x00002521   Thumb Code   122  scd.o(i.SCD_Rev1Byte)
    SysTick_Handler                          0x00002acd   Thumb Code    38  port.o(i.SysTick_Handler)
    SystemInit                               0x00002af9   Thumb Code     8  system_cm3ds.o(i.SystemInit)
    UART0_Handler                            0x00002b09   Thumb Code    32  int_handlers.o(i.UART0_Handler)
    UART_ITCLEAR                             0x00002b2d   Thumb Code     8  cm3ds_uart.o(i.UART_ITCLEAR)
    UART_Init                                0x00002b35   Thumb Code    18  cm3ds_uart.o(i.UART_Init)
    UART_ReceiveData                         0x00002b4d   Thumb Code    12  cm3ds_uart.o(i.UART_ReceiveData)
    UartPutc                                 0x00002b59   Thumb Code    14  cm3_retarget.o(i.UartPutc)
    __ARM_fpclassify                         0x00002b67   Thumb Code    40  fpclassify.o(i.__ARM_fpclassify)
    _is_digit                                0x00002d15   Thumb Code    14  __printf_wp.o(i._is_digit)
    delay_ms                                 0x00002ddd   Thumb Code    18  delay.o(i.delay_ms)
    fputc                                    0x00002df5   Thumb Code     6  cm3_retarget.o(i.fputc)
    ledRefreshTask                           0x00002e41   Thumb Code    98  main.o(i.ledRefreshTask)
    main                                     0x00002eb5   Thumb Code   152  main.o(i.main)
    mem_addr16b_test                         0x00002fa9   Thumb Code   268  main.o(i.mem_addr16b_test)
    nvicInit                                 0x000030b5   Thumb Code    56  main.o(i.nvicInit)
    pvPortMalloc                             0x00003909   Thumb Code   306  heap_4.o(i.pvPortMalloc)
    pxPortInitialiseStack                    0x00003a49   Thumb Code    32  port.o(i.pxPortInitialiseStack)
    read_i2c                                 0x00003a6d   Thumb Code   122  i2c_gpio.o(i.read_i2c)
    read_i2c2                                0x00003aed   Thumb Code   120  i2c_gpio2.o(i.read_i2c2)
    scd_init_1                               0x00003b69   Thumb Code    84  scd_reg.o(i.scd_init_1)
    scd_send1Byte                            0x00003bc9   Thumb Code    56  scd.o(i.scd_send1Byte)
    start_i2c                                0x00003c05   Thumb Code    68  i2c_gpio.o(i.start_i2c)
    start_i2c2                               0x00003c4d   Thumb Code    68  i2c_gpio2.o(i.start_i2c2)
    stop_i2c                                 0x00003c95   Thumb Code    56  i2c_gpio.o(i.stop_i2c)
    stop_i2c2                                0x00003cd1   Thumb Code    56  i2c_gpio2.o(i.stop_i2c2)
    swi2c_init                               0x00003d0d   Thumb Code    56  i2c_gpio.o(i.swi2c_init)
    swi2c_init2                              0x00003d51   Thumb Code    58  i2c_gpio2.o(i.swi2c_init2)
    touchRefreshTask                         0x00003d99   Thumb Code    54  main.o(i.touchRefreshTask)
    uart0_init                               0x00003e25   Thumb Code    56  main.o(i.uart0_init)
    uart_ahb_init                            0x00003e61   Thumb Code    28  main.o(i.uart_ahb_init)
    uxListRemove                             0x00003e85   Thumb Code    36  list.o(i.uxListRemove)
    uxTaskGetNumberOfTasks                   0x00003ea9   Thumb Code     6  tasks.o(i.uxTaskGetNumberOfTasks)
    vListInitialise                          0x00003eb5   Thumb Code    26  list.o(i.vListInitialise)
    vListInitialiseItem                      0x00003ecf   Thumb Code     6  list.o(i.vListInitialiseItem)
    vListInsert                              0x00003ed5   Thumb Code    48  list.o(i.vListInsert)
    vPortEnterCritical                       0x00003f05   Thumb Code    54  port.o(i.vPortEnterCritical)
    vPortExitCritical                        0x00003f45   Thumb Code    34  port.o(i.vPortExitCritical)
    vPortFree                                0x00003f6d   Thumb Code   122  heap_4.o(i.vPortFree)
    vPortSetupTimerInterrupt                 0x00003ff5   Thumb Code    20  port.o(i.vPortSetupTimerInterrupt)
    vQueueWaitForMessageRestricted           0x0000400d   Thumb Code    68  queue.o(i.vQueueWaitForMessageRestricted)
    vTaskDelay                               0x00004051   Thumb Code    68  tasks.o(i.vTaskDelay)
    vTaskInternalSetTimeOutState             0x0000409d   Thumb Code    12  tasks.o(i.vTaskInternalSetTimeOutState)
    vTaskMissedYield                         0x000040ad   Thumb Code     8  tasks.o(i.vTaskMissedYield)
    vTaskPlaceOnEventList                    0x000040b9   Thumb Code    44  tasks.o(i.vTaskPlaceOnEventList)
    vTaskPlaceOnEventListRestricted          0x000040e9   Thumb Code    76  tasks.o(i.vTaskPlaceOnEventListRestricted)
    vTaskStartScheduler                      0x00004139   Thumb Code   130  tasks.o(i.vTaskStartScheduler)
    vTaskSuspendAll                          0x000041cd   Thumb Code    10  tasks.o(i.vTaskSuspendAll)
    vTaskSwitchContext                       0x000041dd   Thumb Code    88  tasks.o(i.vTaskSwitchContext)
    write_i2c                                0x0000423d   Thumb Code   126  i2c_gpio.o(i.write_i2c)
    write_i2c2                               0x000042c1   Thumb Code   124  i2c_gpio2.o(i.write_i2c2)
    xPortStartScheduler                      0x00004341   Thumb Code   166  port.o(i.xPortStartScheduler)
    xQueueGenericCreate                      0x000043f5   Thumb Code    88  queue.o(i.xQueueGenericCreate)
    xQueueGenericReset                       0x0000444d   Thumb Code   170  queue.o(i.xQueueGenericReset)
    xQueueReceive                            0x000044fd   Thumb Code   308  queue.o(i.xQueueReceive)
    xTaskCheckForTimeOut                     0x00004635   Thumb Code   136  tasks.o(i.xTaskCheckForTimeOut)
    xTaskCreate                              0x000046c1   Thumb Code   100  tasks.o(i.xTaskCreate)
    xTaskGetSchedulerState                   0x00004725   Thumb Code    22  tasks.o(i.xTaskGetSchedulerState)
    xTaskGetTickCount                        0x00004741   Thumb Code     6  tasks.o(i.xTaskGetTickCount)
    xTaskIncrementTick                       0x0000474d   Thumb Code   290  tasks.o(i.xTaskIncrementTick)
    xTaskPriorityDisinherit                  0x00004879   Thumb Code   174  tasks.o(i.xTaskPriorityDisinherit)
    xTaskRemoveFromEventList                 0x00004931   Thumb Code   214  tasks.o(i.xTaskRemoveFromEventList)
    xTaskResumeAll                           0x00004a11   Thumb Code   316  tasks.o(i.xTaskResumeAll)
    xTimerCreateTimerTask                    0x00004b59   Thumb Code    56  timers.o(i.xTimerCreateTimerTask)
    _get_lc_numeric                          0x00004ba1   Thumb Code    44  lc_numeric_c.o(locale$$code)
    __fpl_dretinf                            0x00004bcd   Thumb Code    12  dretinf.o(x$fpl$dretinf)
    __aeabi_f2d                              0x00004bd9   Thumb Code     0  f2d.o(x$fpl$f2d)
    _f2d                                     0x00004bd9   Thumb Code    86  f2d.o(x$fpl$f2d)
    __aeabi_fadd                             0x00004c31   Thumb Code     0  faddsub_clz.o(x$fpl$fadd)
    _fadd                                    0x00004c31   Thumb Code   196  faddsub_clz.o(x$fpl$fadd)
    __fpl_fcheck_NaN1                        0x00004cf5   Thumb Code     6  fcheck1.o(x$fpl$fcheck1)
    __aeabi_f2iz                             0x00004d01   Thumb Code     0  ffix.o(x$fpl$ffix)
    _ffix                                    0x00004d01   Thumb Code    54  ffix.o(x$fpl$ffix)
    __aeabi_i2f                              0x00004d39   Thumb Code     0  fflt_clz.o(x$fpl$fflt)
    _fflt                                    0x00004d39   Thumb Code    48  fflt_clz.o(x$fpl$fflt)
    __aeabi_ui2f                             0x00004d69   Thumb Code     0  fflt_clz.o(x$fpl$ffltu)
    _ffltu                                   0x00004d69   Thumb Code    38  fflt_clz.o(x$fpl$ffltu)
    __aeabi_fmul                             0x00004d91   Thumb Code     0  fmul.o(x$fpl$fmul)
    _fmul                                    0x00004d91   Thumb Code   258  fmul.o(x$fpl$fmul)
    __fpl_fnaninf                            0x00004e93   Thumb Code   140  fnaninf.o(x$fpl$fnaninf)
    __fpl_fretinf                            0x00004f1f   Thumb Code    10  fretinf.o(x$fpl$fretinf)
    __aeabi_fsub                             0x00004f29   Thumb Code     0  faddsub_clz.o(x$fpl$fsub)
    _fsub                                    0x00004f29   Thumb Code   234  faddsub_clz.o(x$fpl$fsub)
    _printf_fp_dec                           0x00005013   Thumb Code     4  printf1.o(x$fpl$printf1)
    __fpl_return_NaN                         0x00005017   Thumb Code   100  retnan.o(x$fpl$retnan)
    __ARM_scalbnf                            0x0000507b   Thumb Code    76  scalbnf.o(x$fpl$scalbnf)
    __fpl_cmpreturn                          0x000050c7   Thumb Code    48  trapv.o(x$fpl$trapveneer)
    __I$use$fp                               0x000050f6   Number         0  usenofp.o(x$fpl$usenofp)
    cz_ctype                                 0x00005100   Data        1024  scd.o(.constdata)
    tyj_unit_struct_1                        0x00005500   Data          80  scd_reg.o(.constdata)
    Region$$Table$$Base                      0x00005640   Number         0  anon$$obj.o(Region$$Table)
    Region$$Table$$Limit                     0x00005660   Number         0  anon$$obj.o(Region$$Table)
    SystemCoreClock                          0x20000000   Data           4  system_cm3ds.o(.data)
    __stdout                                 0x20000004   Data           4  cm3_retarget.o(.data)
    POINT_COLOR                              0x20000008   Data           4  lcd_9488_drv.o(.data)
    BACK_COLOR                               0x2000000c   Data           4  lcd_9488_drv.o(.data)
    pxCurrentTCB                             0x20000038   Data           4  tasks.o(.data)
    ms_cnt                                   0x2000008c   Data           4  main.o(.data)
    hTouchRefreshTask                        0x20000090   Data           4  main.o(.data)
    hBME280RefreshTask                       0x20000094   Data           4  main.o(.data)
    hLedRefreshTask                          0x20000098   Data           4  main.o(.data)
    rwWay                                    0x2000009c   Data           2  main.o(.data)
    test1                                    0x2000009e   Data           2  main.o(.data)
    test2                                    0x200000a0   Data           2  main.o(.data)
    test3                                    0x200000a2   Data           2  main.o(.data)
    test4                                    0x200000a4   Data           2  main.o(.data)
    test1r                                   0x200000a6   Data           2  main.o(.data)
    test2r                                   0x200000a8   Data           2  main.o(.data)
    test3r                                   0x200000aa   Data           2  main.o(.data)
    test4r                                   0x200000ac   Data           2  main.o(.data)
    endBuff1_1                               0x200000f0   Data           4  scd_reg.o(.data)
    endBuff3_1                               0x200000f4   Data           4  scd_reg.o(.data)
    endBuff2_1                               0x200000f8   Data           8  scd_reg.o(.data)
    BME280_1                                 0x20005298   Data          48  main.o(.bss)
    recBuff_1                                0x200052c8   Data          80  scd_reg.o(.bss)
    printBuff_1                              0x20005318   Data          40  scd_reg.o(.bss)
    scd_1                                    0x20005340   Data         104  scd_reg.o(.bss)
    __libspace_start                         0x200053a8   Data          96  libspace.o(.bss)
    __temporary_stack_top$libspace           0x20005408   Data           0  libspace.o(.bss)



==============================================================================

Memory Map of the image

  Image Entry point : 0x00000141

  Load Region LR_IROM1 (Base: 0x00000000, Size: 0x0000577c, Max: 0x00020000, ABSOLUTE)

    Execution Region ER_IROM1 (Exec base: 0x00000000, Load base: 0x00000000, Size: 0x0000567c, Max: 0x00020000, ABSOLUTE)

    Exec Addr    Load Addr    Size         Type   Attr      Idx    E Section Name        Object

    0x00000000   0x00000000   0x00000140   Data   RO            3    RESET               startup_cm3ds.o
    0x00000140   0x00000140   0x00000008   Code   RO         3103  * !!!main             c_w.l(__main.o)
    0x00000148   0x00000148   0x00000034   Code   RO         3361    !!!scatter          c_w.l(__scatter.o)
    0x0000017c   0x0000017c   0x0000001a   Code   RO         3363    !!handler_copy      c_w.l(__scatter_copy.o)
    0x00000196   0x00000196   0x00000002   PAD
    0x00000198   0x00000198   0x0000001c   Code   RO         3365    !!handler_zi        c_w.l(__scatter_zi.o)
    0x000001b4   0x000001b4   0x00000000   Code   RO         3088    .ARM.Collect$$_printf_percent$$00000000  c_w.l(_printf_percent.o)
    0x000001b4   0x000001b4   0x00000006   Code   RO         3087    .ARM.Collect$$_printf_percent$$00000003  c_w.l(_printf_f.o)
    0x000001ba   0x000001ba   0x00000006   Code   RO         3086    .ARM.Collect$$_printf_percent$$00000009  c_w.l(_printf_d.o)
    0x000001c0   0x000001c0   0x00000006   Code   RO         3085    .ARM.Collect$$_printf_percent$$0000000C  c_w.l(_printf_x.o)
    0x000001c6   0x000001c6   0x00000006   Code   RO         3084    .ARM.Collect$$_printf_percent$$00000014  c_w.l(_printf_s.o)
    0x000001cc   0x000001cc   0x00000004   Code   RO         3138    .ARM.Collect$$_printf_percent$$00000017  c_w.l(_printf_percent_end.o)
    0x000001d0   0x000001d0   0x00000002   Code   RO         3230    .ARM.Collect$$libinit$$00000000  c_w.l(libinit.o)
    0x000001d2   0x000001d2   0x00000000   Code   RO         3232    .ARM.Collect$$libinit$$00000002  c_w.l(libinit2.o)
    0x000001d2   0x000001d2   0x00000000   Code   RO         3234    .ARM.Collect$$libinit$$00000004  c_w.l(libinit2.o)
    0x000001d2   0x000001d2   0x00000000   Code   RO         3237    .ARM.Collect$$libinit$$0000000A  c_w.l(libinit2.o)
    0x000001d2   0x000001d2   0x00000000   Code   RO         3239    .ARM.Collect$$libinit$$0000000C  c_w.l(libinit2.o)
    0x000001d2   0x000001d2   0x00000000   Code   RO         3241    .ARM.Collect$$libinit$$0000000E  c_w.l(libinit2.o)
    0x000001d2   0x000001d2   0x00000006   Code   RO         3242    .ARM.Collect$$libinit$$0000000F  c_w.l(libinit2.o)
    0x000001d8   0x000001d8   0x00000000   Code   RO         3244    .ARM.Collect$$libinit$$00000011  c_w.l(libinit2.o)
    0x000001d8   0x000001d8   0x00000000   Code   RO         3246    .ARM.Collect$$libinit$$00000013  c_w.l(libinit2.o)
    0x000001d8   0x000001d8   0x00000000   Code   RO         3248    .ARM.Collect$$libinit$$00000015  c_w.l(libinit2.o)
    0x000001d8   0x000001d8   0x0000000a   Code   RO         3249    .ARM.Collect$$libinit$$00000016  c_w.l(libinit2.o)
    0x000001e2   0x000001e2   0x00000000   Code   RO         3250    .ARM.Collect$$libinit$$00000017  c_w.l(libinit2.o)
    0x000001e2   0x000001e2   0x00000000   Code   RO         3252    .ARM.Collect$$libinit$$00000019  c_w.l(libinit2.o)
    0x000001e2   0x000001e2   0x00000000   Code   RO         3254    .ARM.Collect$$libinit$$0000001B  c_w.l(libinit2.o)
    0x000001e2   0x000001e2   0x00000000   Code   RO         3256    .ARM.Collect$$libinit$$0000001D  c_w.l(libinit2.o)
    0x000001e2   0x000001e2   0x00000000   Code   RO         3258    .ARM.Collect$$libinit$$0000001F  c_w.l(libinit2.o)
    0x000001e2   0x000001e2   0x00000000   Code   RO         3260    .ARM.Collect$$libinit$$00000021  c_w.l(libinit2.o)
    0x000001e2   0x000001e2   0x00000000   Code   RO         3262    .ARM.Collect$$libinit$$00000023  c_w.l(libinit2.o)
    0x000001e2   0x000001e2   0x00000000   Code   RO         3264    .ARM.Collect$$libinit$$00000025  c_w.l(libinit2.o)
    0x000001e2   0x000001e2   0x00000000   Code   RO         3268    .ARM.Collect$$libinit$$0000002C  c_w.l(libinit2.o)
    0x000001e2   0x000001e2   0x00000000   Code   RO         3270    .ARM.Collect$$libinit$$0000002E  c_w.l(libinit2.o)
    0x000001e2   0x000001e2   0x00000000   Code   RO         3272    .ARM.Collect$$libinit$$00000030  c_w.l(libinit2.o)
    0x000001e2   0x000001e2   0x00000000   Code   RO         3274    .ARM.Collect$$libinit$$00000032  c_w.l(libinit2.o)
    0x000001e2   0x000001e2   0x00000002   Code   RO         3275    .ARM.Collect$$libinit$$00000033  c_w.l(libinit2.o)
    0x000001e4   0x000001e4   0x00000002   Code   RO         3307    .ARM.Collect$$libshutdown$$00000000  c_w.l(libshutdown.o)
    0x000001e6   0x000001e6   0x00000000   Code   RO         3318    .ARM.Collect$$libshutdown$$00000002  c_w.l(libshutdown2.o)
    0x000001e6   0x000001e6   0x00000000   Code   RO         3320    .ARM.Collect$$libshutdown$$00000004  c_w.l(libshutdown2.o)
    0x000001e6   0x000001e6   0x00000000   Code   RO         3322    .ARM.Collect$$libshutdown$$00000006  c_w.l(libshutdown2.o)
    0x000001e6   0x000001e6   0x00000000   Code   RO         3325    .ARM.Collect$$libshutdown$$00000009  c_w.l(libshutdown2.o)
    0x000001e6   0x000001e6   0x00000000   Code   RO         3328    .ARM.Collect$$libshutdown$$0000000C  c_w.l(libshutdown2.o)
    0x000001e6   0x000001e6   0x00000000   Code   RO         3330    .ARM.Collect$$libshutdown$$0000000E  c_w.l(libshutdown2.o)
    0x000001e6   0x000001e6   0x00000000   Code   RO         3333    .ARM.Collect$$libshutdown$$00000011  c_w.l(libshutdown2.o)
    0x000001e6   0x000001e6   0x00000002   Code   RO         3334    .ARM.Collect$$libshutdown$$00000012  c_w.l(libshutdown2.o)
    0x000001e8   0x000001e8   0x00000000   Code   RO         3129    .ARM.Collect$$rtentry$$00000000  c_w.l(__rtentry.o)
    0x000001e8   0x000001e8   0x00000000   Code   RO         3151    .ARM.Collect$$rtentry$$00000002  c_w.l(__rtentry2.o)
    0x000001e8   0x000001e8   0x00000006   Code   RO         3163    .ARM.Collect$$rtentry$$00000004  c_w.l(__rtentry4.o)
    0x000001ee   0x000001ee   0x00000000   Code   RO         3153    .ARM.Collect$$rtentry$$00000009  c_w.l(__rtentry2.o)
    0x000001ee   0x000001ee   0x00000004   Code   RO         3154    .ARM.Collect$$rtentry$$0000000A  c_w.l(__rtentry2.o)
    0x000001f2   0x000001f2   0x00000000   Code   RO         3156    .ARM.Collect$$rtentry$$0000000C  c_w.l(__rtentry2.o)
    0x000001f2   0x000001f2   0x00000008   Code   RO         3157    .ARM.Collect$$rtentry$$0000000D  c_w.l(__rtentry2.o)
    0x000001fa   0x000001fa   0x00000002   Code   RO         3278    .ARM.Collect$$rtexit$$00000000  c_w.l(rtexit.o)
    0x000001fc   0x000001fc   0x00000000   Code   RO         3285    .ARM.Collect$$rtexit$$00000002  c_w.l(rtexit2.o)
    0x000001fc   0x000001fc   0x00000004   Code   RO         3286    .ARM.Collect$$rtexit$$00000003  c_w.l(rtexit2.o)
    0x00000200   0x00000200   0x00000006   Code   RO         3287    .ARM.Collect$$rtexit$$00000004  c_w.l(rtexit2.o)
    0x00000206   0x00000206   0x00000002   PAD
    0x00000208   0x00000208   0x00000096   Code   RO         1698    .emb_text           port.o
    0x0000029e   0x0000029e   0x00000002   PAD
    0x000002a0   0x000002a0   0x00000006   Code   RO         2844    .emb_text           delay.o
    0x000002a6   0x000002a6   0x00000002   PAD
    0x000002a8   0x000002a8   0x0000003c   Code   RO            4    .text               startup_cm3ds.o
    0x000002e4   0x000002e4   0x00000018   Code   RO         3035    .text               c_w.l(noretval__2printf.o)
    0x000002fc   0x000002fc   0x00000052   Code   RO         3039    .text               c_w.l(_printf_str.o)
    0x0000034e   0x0000034e   0x00000002   PAD
    0x00000350   0x00000350   0x00000078   Code   RO         3041    .text               c_w.l(_printf_dec.o)
    0x000003c8   0x000003c8   0x00000058   Code   RO         3046    .text               c_w.l(_printf_hex_int.o)
    0x00000420   0x00000420   0x00000138   Code   RO         3076    .text               c_w.l(__printf_flags_wp.o)
    0x00000558   0x00000558   0x0000008a   Code   RO         3091    .text               c_w.l(rt_memcpy_v6.o)
    0x000005e2   0x000005e2   0x00000010   Code   RO         3095    .text               c_w.l(aeabi_memset.o)
    0x000005f2   0x000005f2   0x00000044   Code   RO         3097    .text               c_w.l(rt_memclr.o)
    0x00000636   0x00000636   0x0000004e   Code   RO         3099    .text               c_w.l(rt_memclr_w.o)
    0x00000684   0x00000684   0x00000006   Code   RO         3101    .text               c_w.l(heapauxi.o)
    0x0000068a   0x0000068a   0x000000b2   Code   RO         3130    .text               c_w.l(_printf_intcommon.o)
    0x0000073c   0x0000073c   0x0000041e   Code   RO         3132    .text               c_w.l(_printf_fp_dec.o)
    0x00000b5a   0x00000b5a   0x0000002c   Code   RO         3134    .text               c_w.l(_printf_char.o)
    0x00000b86   0x00000b86   0x00000002   PAD
    0x00000b88   0x00000b88   0x00000024   Code   RO         3136    .text               c_w.l(_printf_char_file.o)
    0x00000bac   0x00000bac   0x00000064   Code   RO         3139    .text               c_w.l(rt_memcpy_w.o)
    0x00000c10   0x00000c10   0x00000008   Code   RO         3168    .text               c_w.l(rt_locale_intlibspace.o)
    0x00000c18   0x00000c18   0x0000008a   Code   RO         3170    .text               c_w.l(lludiv10.o)
    0x00000ca2   0x00000ca2   0x00000002   PAD
    0x00000ca4   0x00000ca4   0x00000030   Code   RO         3172    .text               c_w.l(_printf_char_common.o)
    0x00000cd4   0x00000cd4   0x00000080   Code   RO         3174    .text               c_w.l(_printf_fp_infnan.o)
    0x00000d54   0x00000d54   0x000000e4   Code   RO         3176    .text               c_w.l(bigflt0.o)
    0x00000e38   0x00000e38   0x00000008   Code   RO         3201    .text               c_w.l(ferror.o)
    0x00000e40   0x00000e40   0x00000008   Code   RO         3214    .text               c_w.l(libspace.o)
    0x00000e48   0x00000e48   0x0000004a   Code   RO         3217    .text               c_w.l(sys_stackheap_outer.o)
    0x00000e92   0x00000e92   0x00000012   Code   RO         3221    .text               c_w.l(exit.o)
    0x00000ea4   0x00000ea4   0x00000080   Code   RO         3223    .text               c_w.l(strcmpv7m.o)
    0x00000f24   0x00000f24   0x0000000c   Code   RO         3297    .text               c_w.l(sys_exit.o)
    0x00000f30   0x00000f30   0x00000002   Code   RO         3308    .text               c_w.l(use_no_semi.o)
    0x00000f32   0x00000f32   0x00000000   Code   RO         3310    .text               c_w.l(indicate_semi.o)
    0x00000f32   0x00000f32   0x0000003e   Code   RO         3179    CL$$btod_d2e        c_w.l(btod.o)
    0x00000f70   0x00000f70   0x00000046   Code   RO         3181    CL$$btod_d2e_denorm_low  c_w.l(btod.o)
    0x00000fb6   0x00000fb6   0x00000060   Code   RO         3180    CL$$btod_d2e_norm_op1  c_w.l(btod.o)
    0x00001016   0x00001016   0x00000338   Code   RO         3189    CL$$btod_div_common  c_w.l(btod.o)
    0x0000134e   0x0000134e   0x000000dc   Code   RO         3186    CL$$btod_e2e        c_w.l(btod.o)
    0x0000142a   0x0000142a   0x0000002a   Code   RO         3183    CL$$btod_ediv       c_w.l(btod.o)
    0x00001454   0x00001454   0x0000002a   Code   RO         3182    CL$$btod_emul       c_w.l(btod.o)
    0x0000147e   0x0000147e   0x00000244   Code   RO         3188    CL$$btod_mult_common  c_w.l(btod.o)
    0x000016c2   0x000016c2   0x00000002   PAD
    0x000016c4   0x000016c4   0x000000c0   Code   RO         2689    i.BME280RefreshTask  main.o
    0x00001784   0x00001784   0x00000084   Code   RO         1412    i.BME280_Configuration  thp_bme280_drv.o
    0x00001808   0x00001808   0x000001b8   Code   RO         1413    i.BME280_Get_ALL    thp_bme280_drv.o
    0x000019c0   0x000019c0   0x00000086   Code   RO         1414    i.BME280_Get_DIG    thp_bme280_drv.o
    0x00001a46   0x00001a46   0x00000014   Code   RO         1415    i.BME280_ID         thp_bme280_drv.o
    0x00001a5a   0x00001a5a   0x00000002   PAD
    0x00001a5c   0x00001a5c   0x00000098   Code   RO         2690    i.BME280_Init       main.o
    0x00001af4   0x00001af4   0x000000dc   Code   RO         1416    i.BME280_Read       thp_bme280_drv.o
    0x00001bd0   0x00001bd0   0x00000012   Code   RO         1417    i.BME280_Reset      thp_bme280_drv.o
    0x00001be2   0x00001be2   0x00000002   PAD
    0x00001be4   0x00001be4   0x00000070   Code   RO         1418    i.BME280_Write      thp_bme280_drv.o
    0x00001c54   0x00001c54   0x00000024   Code   RO         1419    i.Bit_Modification  thp_bme280_drv.o
    0x00001c78   0x00001c78   0x00000012   Code   RO         2845    i.DELAY_TICK        delay.o
    0x00001c8a   0x00001c8a   0x00000002   PAD
    0x00001c8c   0x00001c8c   0x00000014   Code   RO           71    i.GPIO_DeInit       cm3ds_gpio.o
    0x00001ca0   0x00001ca0   0x0000000a   Code   RO           73    i.GPIO_PinRemapConfig  cm3ds_gpio.o
    0x00001caa   0x00001caa   0x00000002   PAD
    0x00001cac   0x00001cac   0x0000006c   Code   RO           75    i.GPIO_ResetBit     cm3ds_gpio.o
    0x00001d18   0x00001d18   0x0000006c   Code   RO           76    i.GPIO_SetBit       cm3ds_gpio.o
    0x00001d84   0x00001d84   0x0000007c   Code   RO         1300    i.GT911_Scan        touch_gt911_drv.o
    0x00001e00   0x00001e00   0x000000d4   Code   RO         1301    i.GT911_init        touch_gt911_drv.o
    0x00001ed4   0x00001ed4   0x000000e8   Code   RO         1302    i.GT9XX_ReadData    touch_gt911_drv.o
    0x00001fbc   0x00001fbc   0x00000084   Code   RO         1303    i.GT9XX_WriteData   touch_gt911_drv.o
    0x00002040   0x00002040   0x0000002a   Code   RO         1181    i.LCD_Clear         lcd_9488_drv.o
    0x0000206a   0x0000206a   0x00000002   PAD
    0x0000206c   0x0000206c   0x000000a0   Code   RO         1182    i.LCD_DrawLine      lcd_9488_drv.o
    0x0000210c   0x0000210c   0x0000001a   Code   RO         1183    i.LCD_DrawPoint_color  lcd_9488_drv.o
    0x00002126   0x00002126   0x00000002   PAD
    0x00002128   0x00002128   0x000000cc   Code   RO         1185    i.LCD_Draw_Circle   lcd_9488_drv.o
    0x000021f4   0x000021f4   0x00000190   Code   RO         1186    i.LCD_Init          lcd_9488_drv.o
    0x00002384   0x00002384   0x0000000a   Code   RO         1188    i.LCD_RD_DATA       lcd_9488_drv.o
    0x0000238e   0x0000238e   0x00000030   Code   RO         1190    i.LCD_Set_Window    lcd_9488_drv.o
    0x000023be   0x000023be   0x00000002   PAD
    0x000023c0   0x000023c0   0x00000064   Code   RO         1024    i.NVIC_Init         cm3ds_misc.o
    0x00002424   0x00002424   0x00000018   Code   RO          143    i.RCC_APB1PeriphResetCmd  cm3ds_rcc.o
    0x0000243c   0x0000243c   0x00000028   Code   RO         2875    i.SCD_CMD_CALL      scd.o
    0x00002464   0x00002464   0x00000014   Code   RO         2876    i.SCD_CMD_CHG       scd.o
    0x00002478   0x00002478   0x00000016   Code   RO         2877    i.SCD_CMD_CONF      scd.o
    0x0000248e   0x0000248e   0x00000026   Code   RO         2878    i.SCD_CMD_DUMP      scd.o
    0x000024b4   0x000024b4   0x0000006c   Code   RO         2879    i.SCD_CMD_SET       scd.o
    0x00002520   0x00002520   0x0000007a   Code   RO         2880    i.SCD_Rev1Byte      scd.o
    0x0000259a   0x0000259a   0x00000002   PAD
    0x0000259c   0x0000259c   0x000000e8   Code   RO         2881    i.SCD_cmd_handle    scd.o
    0x00002684   0x00002684   0x00000012   Code   RO         2882    i.SCO_DEBUG         scd.o
    0x00002696   0x00002696   0x00000002   PAD
    0x00002698   0x00002698   0x00000194   Code   RO         2883    i.SCO_DUMP          scd.o
    0x0000282c   0x0000282c   0x0000007a   Code   RO         2884    i.SCO_PRINT         scd.o
    0x000028a6   0x000028a6   0x00000002   PAD
    0x000028a8   0x000028a8   0x00000124   Code   RO         2885    i.SCO_VAR           scd.o
    0x000029cc   0x000029cc   0x00000100   Code   RO         2886    i.SCO_get           scd.o
    0x00002acc   0x00002acc   0x0000002c   Code   RO         1699    i.SysTick_Handler   port.o
    0x00002af8   0x00002af8   0x00000010   Code   RO           14    i.SystemInit        system_cm3ds.o
    0x00002b08   0x00002b08   0x00000024   Code   RO         3010    i.UART0_Handler     int_handlers.o
    0x00002b2c   0x00002b2c   0x00000008   Code   RO          881    i.UART_ITCLEAR      cm3ds_uart.o
    0x00002b34   0x00002b34   0x00000018   Code   RO          883    i.UART_Init         cm3ds_uart.o
    0x00002b4c   0x00002b4c   0x0000000c   Code   RO          884    i.UART_ReceiveData  cm3ds_uart.o
    0x00002b58   0x00002b58   0x0000000e   Code   RO         1064    i.UartPutc          cm3_retarget.o
    0x00002b66   0x00002b66   0x00000028   Code   RO         3212    i.__ARM_fpclassify  m_ws.l(fpclassify.o)
    0x00002b8e   0x00002b8e   0x00000002   PAD
    0x00002b90   0x00002b90   0x00000030   Code   RO         2887    i._atof_pow10       scd.o
    0x00002bc0   0x00002bc0   0x00000154   Code   RO         2888    i._cz_strtoxl       scd.o
    0x00002d14   0x00002d14   0x0000000e   Code   RO         3074    i._is_digit         c_w.l(__printf_wp.o)
    0x00002d22   0x00002d22   0x00000002   PAD
    0x00002d24   0x00002d24   0x000000ac   Code   RO         2889    i.atof_tyj          scd.o
    0x00002dd0   0x00002dd0   0x0000000a   Code   RO         2890    i.cz_atol           scd.o
    0x00002dda   0x00002dda   0x00000002   PAD
    0x00002ddc   0x00002ddc   0x00000018   Code   RO         2846    i.delay_ms          delay.o
    0x00002df4   0x00002df4   0x00000006   Code   RO         1066    i.fputc             cm3_retarget.o
    0x00002dfa   0x00002dfa   0x00000020   Code   RO         1115    i.hfUnitDelay       i2c_gpio.o
    0x00002e1a   0x00002e1a   0x00000002   PAD
    0x00002e1c   0x00002e1c   0x00000024   Code   RO         1349    i.hfUnitDelay2      i2c_gpio2.o
    0x00002e40   0x00002e40   0x00000074   Code   RO         2691    i.ledRefreshTask    main.o
    0x00002eb4   0x00002eb4   0x000000f4   Code   RO         2692    i.main              main.o
    0x00002fa8   0x00002fa8   0x0000010c   Code   RO         2693    i.mem_addr16b_test  main.o
    0x000030b4   0x000030b4   0x00000040   Code   RO         2694    i.nvicInit          main.o
    0x000030f4   0x000030f4   0x00000098   Code   RO         2147    i.prvAddCurrentTaskToDelayedList  tasks.o
    0x0000318c   0x0000318c   0x000000f0   Code   RO         2148    i.prvAddNewTaskToReadyList  tasks.o
    0x0000327c   0x0000327c   0x00000040   Code   RO         2530    i.prvCheckForValidListAndQueue  timers.o
    0x000032bc   0x000032bc   0x0000003c   Code   RO         2149    i.prvCheckTasksWaitingTermination  tasks.o
    0x000032f8   0x000032f8   0x00000026   Code   RO         1781    i.prvCopyDataFromQueue  queue.o
    0x0000331e   0x0000331e   0x0000006c   Code   RO         1782    i.prvCopyDataToQueue  queue.o
    0x0000338a   0x0000338a   0x00000014   Code   RO         2150    i.prvDeleteTCB      tasks.o
    0x0000339e   0x0000339e   0x00000002   PAD
    0x000033a0   0x000033a0   0x00000044   Code   RO         1571    i.prvHeapInit       heap_4.o
    0x000033e4   0x000033e4   0x00000028   Code   RO         2151    i.prvIdleTask       tasks.o
    0x0000340c   0x0000340c   0x000000a6   Code   RO         2152    i.prvInitialiseNewTask  tasks.o
    0x000034b2   0x000034b2   0x00000002   PAD
    0x000034b4   0x000034b4   0x00000078   Code   RO         1572    i.prvInsertBlockIntoFreeList  heap_4.o
    0x0000352c   0x0000352c   0x00000038   Code   RO         2531    i.prvInsertTimerInActiveList  timers.o
    0x00003564   0x00003564   0x0000001a   Code   RO         1783    i.prvIsQueueEmpty   queue.o
    0x0000357e   0x0000357e   0x00000088   Code   RO         1784    i.prvNotifyQueueSetContainer  queue.o
    0x00003606   0x00003606   0x00000002   PAD
    0x00003608   0x00003608   0x00000040   Code   RO         2532    i.prvProcessExpiredTimer  timers.o
    0x00003648   0x00003648   0x00000100   Code   RO         2533    i.prvProcessReceivedCommands  timers.o
    0x00003748   0x00003748   0x0000006c   Code   RO         2534    i.prvProcessTimerOrBlockTask  timers.o
    0x000037b4   0x000037b4   0x00000028   Code   RO         2535    i.prvReloadTimer    timers.o
    0x000037dc   0x000037dc   0x0000001c   Code   RO         2153    i.prvResetNextTaskUnblockTime  tasks.o
    0x000037f8   0x000037f8   0x00000048   Code   RO         2536    i.prvSampleTimeNow  timers.o
    0x00003840   0x00003840   0x00000028   Code   RO         1700    i.prvTaskExitError  port.o
    0x00003868   0x00003868   0x00000028   Code   RO         2537    i.prvTimerTask      timers.o
    0x00003890   0x00003890   0x00000076   Code   RO         1785    i.prvUnlockQueue    queue.o
    0x00003906   0x00003906   0x00000002   PAD
    0x00003908   0x00003908   0x00000140   Code   RO         1574    i.pvPortMalloc      heap_4.o
    0x00003a48   0x00003a48   0x00000024   Code   RO         1701    i.pxPortInitialiseStack  port.o
    0x00003a6c   0x00003a6c   0x00000080   Code   RO         1116    i.read_i2c          i2c_gpio.o
    0x00003aec   0x00003aec   0x0000007c   Code   RO         1350    i.read_i2c2         i2c_gpio2.o
    0x00003b68   0x00003b68   0x00000060   Code   RO         2979    i.scd_init_1        scd_reg.o
    0x00003bc8   0x00003bc8   0x0000003c   Code   RO         2892    i.scd_send1Byte     scd.o
    0x00003c04   0x00003c04   0x00000048   Code   RO         1117    i.start_i2c         i2c_gpio.o
    0x00003c4c   0x00003c4c   0x00000048   Code   RO         1351    i.start_i2c2        i2c_gpio2.o
    0x00003c94   0x00003c94   0x0000003c   Code   RO         1118    i.stop_i2c          i2c_gpio.o
    0x00003cd0   0x00003cd0   0x0000003c   Code   RO         1352    i.stop_i2c2         i2c_gpio2.o
    0x00003d0c   0x00003d0c   0x00000044   Code   RO         1119    i.swi2c_init        i2c_gpio.o
    0x00003d50   0x00003d50   0x00000048   Code   RO         1353    i.swi2c_init2       i2c_gpio2.o
    0x00003d98   0x00003d98   0x0000003c   Code   RO         2695    i.touchRefreshTask  main.o
    0x00003dd4   0x00003dd4   0x00000014   Code   RO         1120    i.tyj_i2c_scl_read  i2c_gpio.o
    0x00003de8   0x00003de8   0x00000014   Code   RO         1354    i.tyj_i2c_scl_read  i2c_gpio2.o
    0x00003dfc   0x00003dfc   0x00000014   Code   RO         1121    i.tyj_i2c_sda_read  i2c_gpio.o
    0x00003e10   0x00003e10   0x00000014   Code   RO         1355    i.tyj_i2c_sda_read  i2c_gpio2.o
    0x00003e24   0x00003e24   0x0000003c   Code   RO         2696    i.uart0_init        main.o
    0x00003e60   0x00003e60   0x00000024   Code   RO         2697    i.uart_ahb_init     main.o
    0x00003e84   0x00003e84   0x00000024   Code   RO         1653    i.uxListRemove      list.o
    0x00003ea8   0x00003ea8   0x0000000c   Code   RO         2161    i.uxTaskGetNumberOfTasks  tasks.o
    0x00003eb4   0x00003eb4   0x0000001a   Code   RO         1654    i.vListInitialise   list.o
    0x00003ece   0x00003ece   0x00000006   Code   RO         1655    i.vListInitialiseItem  list.o
    0x00003ed4   0x00003ed4   0x00000030   Code   RO         1656    i.vListInsert       list.o
    0x00003f04   0x00003f04   0x00000040   Code   RO         1703    i.vPortEnterCritical  port.o
    0x00003f44   0x00003f44   0x00000028   Code   RO         1704    i.vPortExitCritical  port.o
    0x00003f6c   0x00003f6c   0x00000088   Code   RO         1575    i.vPortFree         heap_4.o
    0x00003ff4   0x00003ff4   0x00000018   Code   RO         1705    i.vPortSetupTimerInterrupt  port.o
    0x0000400c   0x0000400c   0x00000044   Code   RO         1792    i.vQueueWaitForMessageRestricted  queue.o
    0x00004050   0x00004050   0x0000004c   Code   RO         2166    i.vTaskDelay        tasks.o
    0x0000409c   0x0000409c   0x00000010   Code   RO         2170    i.vTaskInternalSetTimeOutState  tasks.o
    0x000040ac   0x000040ac   0x0000000c   Code   RO         2171    i.vTaskMissedYield  tasks.o
    0x000040b8   0x000040b8   0x00000030   Code   RO         2172    i.vTaskPlaceOnEventList  tasks.o
    0x000040e8   0x000040e8   0x00000050   Code   RO         2173    i.vTaskPlaceOnEventListRestricted  tasks.o
    0x00004138   0x00004138   0x00000094   Code   RO         2181    i.vTaskStartScheduler  tasks.o
    0x000041cc   0x000041cc   0x00000010   Code   RO         2183    i.vTaskSuspendAll   tasks.o
    0x000041dc   0x000041dc   0x00000060   Code   RO         2184    i.vTaskSwitchContext  tasks.o
    0x0000423c   0x0000423c   0x00000084   Code   RO         1122    i.write_i2c         i2c_gpio.o
    0x000042c0   0x000042c0   0x00000080   Code   RO         1356    i.write_i2c2        i2c_gpio2.o
    0x00004340   0x00004340   0x000000b4   Code   RO         1707    i.xPortStartScheduler  port.o
    0x000043f4   0x000043f4   0x00000058   Code   RO         1797    i.xQueueGenericCreate  queue.o
    0x0000444c   0x0000444c   0x000000b0   Code   RO         1798    i.xQueueGenericReset  queue.o
    0x000044fc   0x000044fc   0x00000138   Code   RO         1807    i.xQueueReceive     queue.o
    0x00004634   0x00004634   0x0000008c   Code   RO         2187    i.xTaskCheckForTimeOut  tasks.o
    0x000046c0   0x000046c0   0x00000064   Code   RO         2188    i.xTaskCreate       tasks.o
    0x00004724   0x00004724   0x0000001c   Code   RO         2199    i.xTaskGetSchedulerState  tasks.o
    0x00004740   0x00004740   0x0000000c   Code   RO         2200    i.xTaskGetTickCount  tasks.o
    0x0000474c   0x0000474c   0x0000012c   Code   RO         2202    i.xTaskIncrementTick  tasks.o
    0x00004878   0x00004878   0x000000b8   Code   RO         2203    i.xTaskPriorityDisinherit  tasks.o
    0x00004930   0x00004930   0x000000e0   Code   RO         2205    i.xTaskRemoveFromEventList  tasks.o
    0x00004a10   0x00004a10   0x00000148   Code   RO         2206    i.xTaskResumeAll    tasks.o
    0x00004b58   0x00004b58   0x00000048   Code   RO         2544    i.xTimerCreateTimerTask  timers.o
    0x00004ba0   0x00004ba0   0x0000002c   Code   RO         3206    locale$$code        c_w.l(lc_numeric_c.o)
    0x00004bcc   0x00004bcc   0x0000000c   Code   RO         3141    x$fpl$dretinf       fz_ws.l(dretinf.o)
    0x00004bd8   0x00004bd8   0x00000056   Code   RO         3105    x$fpl$f2d           fz_ws.l(f2d.o)
    0x00004c2e   0x00004c2e   0x00000002   PAD
    0x00004c30   0x00004c30   0x000000c4   Code   RO         3107    x$fpl$fadd          fz_ws.l(faddsub_clz.o)
    0x00004cf4   0x00004cf4   0x0000000c   Code   RO         3143    x$fpl$fcheck1       fz_ws.l(fcheck1.o)
    0x00004d00   0x00004d00   0x00000036   Code   RO         3113    x$fpl$ffix          fz_ws.l(ffix.o)
    0x00004d36   0x00004d36   0x00000002   PAD
    0x00004d38   0x00004d38   0x00000030   Code   RO         3118    x$fpl$fflt          fz_ws.l(fflt_clz.o)
    0x00004d68   0x00004d68   0x00000026   Code   RO         3117    x$fpl$ffltu         fz_ws.l(fflt_clz.o)
    0x00004d8e   0x00004d8e   0x00000002   PAD
    0x00004d90   0x00004d90   0x00000102   Code   RO         3123    x$fpl$fmul          fz_ws.l(fmul.o)
    0x00004e92   0x00004e92   0x0000008c   Code   RO         3145    x$fpl$fnaninf       fz_ws.l(fnaninf.o)
    0x00004f1e   0x00004f1e   0x0000000a   Code   RO         3147    x$fpl$fretinf       fz_ws.l(fretinf.o)
    0x00004f28   0x00004f28   0x000000ea   Code   RO         3109    x$fpl$fsub          fz_ws.l(faddsub_clz.o)
    0x00005012   0x00005012   0x00000004   Code   RO         3125    x$fpl$printf1       fz_ws.l(printf1.o)
    0x00005016   0x00005016   0x00000064   Code   RO         3210    x$fpl$retnan        fz_ws.l(retnan.o)
    0x0000507a   0x0000507a   0x0000004c   Code   RO         3127    x$fpl$scalbnf       fz_ws.l(scalbnf.o)
    0x000050c6   0x000050c6   0x00000030   Code   RO         3276    x$fpl$trapveneer    fz_ws.l(trapv.o)
    0x000050f6   0x000050f6   0x00000000   Code   RO         3149    x$fpl$usenofp       fz_ws.l(usenofp.o)
    0x000050f6   0x000050f6   0x00000002   PAD
    0x000050f8   0x000050f8   0x00000408   Data   RO         2893    .constdata          scd.o
    0x00005500   0x00005500   0x00000050   Data   RO         2981    .constdata          scd_reg.o
    0x00005550   0x00005550   0x00000028   Data   RO         3047    .constdata          c_w.l(_printf_hex_int.o)
    0x00005578   0x00005578   0x00000011   Data   RO         3077    .constdata          c_w.l(__printf_flags_wp.o)
    0x00005589   0x00005589   0x00000003   PAD
    0x0000558c   0x0000558c   0x00000094   Data   RO         3177    .constdata          c_w.l(bigflt0.o)
    0x00005620   0x00005620   0x00000020   Data   RO         2894    .conststring        scd.o
    0x00005640   0x00005640   0x00000020   Data   RO         3359    Region$$Table       anon$$obj.o
    0x00005660   0x00005660   0x0000001c   Data   RO         3205    locale$$data        c_w.l(lc_numeric_c.o)


    Execution Region RW_IRAM1 (Exec base: 0x20000000, Load base: 0x0000567c, Size: 0x00006408, Max: 0x00008000, ABSOLUTE)

    Exec Addr    Load Addr    Size         Type   Attr      Idx    E Section Name        Object

    0x20000000   0x0000567c   0x00000004   Data   RW           15    .data               system_cm3ds.o
    0x20000004   0x00005680   0x00000004   Data   RW         1067    .data               cm3_retarget.o
    0x20000008   0x00005684   0x00000008   Data   RW         1196    .data               lcd_9488_drv.o
    0x20000010   0x0000568c   0x0000001c   Data   RW         1582    .data               heap_4.o
    0x2000002c   0x000056a8   0x0000000c   Data   RW         1708    .data               port.o
    0x20000038   0x000056b4   0x00000040   Data   RW         2209    .data               tasks.o
    0x20000078   0x000056f4   0x00000014   Data   RW         2555    .data               timers.o
    0x2000008c   0x00005708   0x00000010   Data   RW         2699    .data               main.o
    0x2000009c   0x00005718   0x00000002   Data   RW         2700    .data               main.o
    0x2000009e   0x0000571a   0x00000002   Data   RW         2701    .data               main.o
    0x200000a0   0x0000571c   0x00000002   Data   RW         2702    .data               main.o
    0x200000a2   0x0000571e   0x00000002   Data   RW         2703    .data               main.o
    0x200000a4   0x00005720   0x00000002   Data   RW         2704    .data               main.o
    0x200000a6   0x00005722   0x00000002   Data   RW         2705    .data               main.o
    0x200000a8   0x00005724   0x00000002   Data   RW         2706    .data               main.o
    0x200000aa   0x00005726   0x00000002   Data   RW         2707    .data               main.o
    0x200000ac   0x00005728   0x00000002   Data   RW         2708    .data               main.o
    0x200000ae   0x0000572a   0x00000002   PAD
    0x200000b0   0x0000572c   0x00000040   Data   RW         2895    .data               scd.o
    0x200000f0   0x0000576c   0x00000010   Data   RW         2982    .data               scd_reg.o
    0x20000100        -       0x00005000   Zero   RW         1581    .bss                heap_4.o
    0x20005100        -       0x00000134   Zero   RW         2208    .bss                tasks.o
    0x20005234        -       0x00000038   Zero   RW         2554    .bss                timers.o
    0x2000526c        -       0x0000005c   Zero   RW         2698    .bss                main.o
    0x200052c8        -       0x000000e0   Zero   RW         2980    .bss                scd_reg.o
    0x200053a8        -       0x00000060   Zero   RW         3215    .bss                c_w.l(libspace.o)
    0x20005408        -       0x00000000   Zero   RW            2    HEAP                startup_cm3ds.o
    0x20005408        -       0x00001000   Zero   RW            1    STACK               startup_cm3ds.o


==============================================================================

Image component sizes


      Code (inc. data)   RO Data    RW Data    ZI Data      Debug   Object Name

        20          0          0          4          0       3198   cm3_retarget.o
         0          0          0          0          0       2776   cm3ds_dma.o
       246         14          0          0          0       3066   cm3ds_gpio.o
       100          6          0          0          0       2412   cm3ds_misc.o
        24          6          0          0          0        585   cm3ds_rcc.o
        44          6          0          0          0       2154   cm3ds_uart.o
        48          6          0          0          0       1644   delay.o
         0          0          0          0          0      16068   event_groups.o
       644         50          0         28      20480      18359   heap_4.o
       532         40          0          0          0       5643   i2c_gpio.o
       532         44          0          0          0       5652   i2c_gpio2.o
        36          4          0          0          0        444   int_handlers.o
       890         34          0          8          0      10810   lcd_9488_drv.o
       116          0          0          0          0       8589   list.o
      1192        254          0         34         92      46376   main.o
       578         60          0         12          0       9328   port.o
      1070         10          0          0          0      12512   queue.o
      2304         50       1064         64          0      15846   scd.o
        96         12         80         16        224       4610   scd_reg.o
        60         22        320          0       4096        888   startup_cm3ds.o
         0          0          0          0          0        392   stream_buffer.o
        16          8          0          4          0      36383   system_cm3ds.o
      2526        166          0         64        308      28833   tasks.o
      1112         20          0          0          0       8984   thp_bme280_drv.o
       772         74          0         20         56      12914   timers.o
       700        100          0          0          0       4617   touch_gt911_drv.o

    ----------------------------------------------------------------------
     13694        986       1496        256      25256     263083   Object Totals
         0          0         32          0          0          0   (incl. Generated)
        36          0          0          2          0          0   (incl. Padding)

    ----------------------------------------------------------------------

      Code (inc. data)   RO Data    RW Data    ZI Data      Debug   Library Member Name

         8          0          0          0          0         68   __main.o
       312          4         17          0          0         92   __printf_flags_wp.o
        14          0          0          0          0         68   __printf_wp.o
         0          0          0          0          0          0   __rtentry.o
        12          0          0          0          0          0   __rtentry2.o
         6          0          0          0          0          0   __rtentry4.o
        52          8          0          0          0          0   __scatter.o
        26          0          0          0          0          0   __scatter_copy.o
        28          0          0          0          0          0   __scatter_zi.o
        44          0          0          0          0        108   _printf_char.o
        48          6          0          0          0         96   _printf_char_common.o
        36          4          0          0          0         80   _printf_char_file.o
         6          0          0          0          0          0   _printf_d.o
       120         16          0          0          0         92   _printf_dec.o
         6          0          0          0          0          0   _printf_f.o
      1054          0          0          0          0        216   _printf_fp_dec.o
       128         16          0          0          0         84   _printf_fp_infnan.o
        88          4         40          0          0         88   _printf_hex_int.o
       178          0          0          0          0         88   _printf_intcommon.o
         0          0          0          0          0          0   _printf_percent.o
         4          0          0          0          0          0   _printf_percent_end.o
         6          0          0          0          0          0   _printf_s.o
        82          0          0          0          0         80   _printf_str.o
         6          0          0          0          0          0   _printf_x.o
        16          0          0          0          0         68   aeabi_memset.o
       228          4        148          0          0         96   bigflt0.o
      1936        128          0          0          0        672   btod.o
        18          0          0          0          0         80   exit.o
         8          0          0          0          0         68   ferror.o
         6          0          0          0          0        152   heapauxi.o
         0          0          0          0          0          0   indicate_semi.o
        44         10         28          0          0         76   lc_numeric_c.o
         2          0          0          0          0          0   libinit.o
        18          0          0          0          0          0   libinit2.o
         2          0          0          0          0          0   libshutdown.o
         2          0          0          0          0          0   libshutdown2.o
         8          4          0          0         96         68   libspace.o
       138          0          0          0          0         80   lludiv10.o
        24          4          0          0          0         84   noretval__2printf.o
         8          4          0          0          0         68   rt_locale_intlibspace.o
        68          0          0          0          0         68   rt_memclr.o
        78          0          0          0          0         80   rt_memclr_w.o
       138          0          0          0          0         68   rt_memcpy_v6.o
       100          0          0          0          0         80   rt_memcpy_w.o
         2          0          0          0          0          0   rtexit.o
        10          0          0          0          0          0   rtexit2.o
       128          0          0          0          0         68   strcmpv7m.o
        12          4          0          0          0         68   sys_exit.o
        74          0          0          0          0         80   sys_stackheap_outer.o
         2          0          0          0          0         68   use_no_semi.o
        12          0          0          0          0         68   dretinf.o
        86          4          0          0          0         84   f2d.o
       430          8          0          0          0        168   faddsub_clz.o
        12          4          0          0          0         68   fcheck1.o
        54          4          0          0          0         84   ffix.o
        86          0          0          0          0        136   fflt_clz.o
       258          4          0          0          0         84   fmul.o
       140          4          0          0          0         84   fnaninf.o
        10          0          0          0          0         68   fretinf.o
         4          0          0          0          0         68   printf1.o
       100          0          0          0          0         68   retnan.o
        76          0          0          0          0         68   scalbnf.o
        48          0          0          0          0         68   trapv.o
         0          0          0          0          0          0   usenofp.o
        40          0          0          0          0         68   fpclassify.o

    ----------------------------------------------------------------------
      6714        244        236          0         96       4436   Library Totals
        24          0          3          0          0          0   (incl. Padding)

    ----------------------------------------------------------------------

      Code (inc. data)   RO Data    RW Data    ZI Data      Debug   Library Name

      5334        216        233          0         96       3252   c_w.l
      1316         28          0          0          0       1116   fz_ws.l
        40          0          0          0          0         68   m_ws.l

    ----------------------------------------------------------------------
      6714        244        236          0         96       4436   Library Totals

    ----------------------------------------------------------------------

==============================================================================


      Code (inc. data)   RO Data    RW Data    ZI Data      Debug   

     20408       1230       1732        256      25352     258103   Grand Totals
     20408       1230       1732        256      25352     258103   ELF Image Totals
     20408       1230       1732        256          0          0   ROM Totals

==============================================================================

    Total RO  Size (Code + RO Data)                22140 (  21.62kB)
    Total RW  Size (RW Data + ZI Data)             25608 (  25.01kB)
    Total ROM Size (Code + RO Data + RW Data)      22396 (  21.87kB)

==============================================================================

