
######################oOOOo###########oOOOo##########################
#  HqFpga(TM) Release V2.14.4 (Winter 2023) Build 021824
#  [网表报告]
#####################################################################
日期 : Tue Mar 19 23:03:40 2024

Library U_SYN
+----------------+------+
| Cell 名称      | 数量 |
+----------------+------+
| xsCM3          |    1 |
| xsPLLSA        |    1 |
| xsXORCY        |   67 |
| xsMUXCY        |   80 |
| xsMUXF7        |   37 |
| xsMUXF8        |   16 |
| xsLROM32X1     |    8 |
| xsIOBI         |    7 |
| xsIOBO         |   45 |
| xsIOBB         |    1 |
| xsDFFSA_K1     |    2 |
| xsDFFSA_K1C1E1 |  432 |
| xsDFFSA_K1P1E1 |   10 |
| xsDFFSA_K1C1   |   91 |
| xsDFFSA_K1P1   |    2 |
| xsLUTSA2       |   49 |
| xsLUTSA3       |   89 |
| xsLUTSA4       |   59 |
| xsLUTSA5       |   32 |
| xsLUTSA6       |  159 |
| xsINVSA        |    6 |
+----------------+------+
| Sum            | 1194 |
+----------------+------+

Library work
+-----------+------+
| Cell 名称 | 数量 |
+-----------+------+
| top       |    1 |
+-----------+------+
| Sum       |    1 |
+-----------+------+

##########oOOOo###########oOOOo##############
#  HqFpga(TM) Release V2.14.4 (Winter 2023) Build 021824
#  [资源利用率报告]
#############################################
日期 : Tue Mar 19 23:03:40 2024
器件 : SA5Z-30-D1-8U213C

** 资源利用情况  ** 
+---------------+--------------+----------+---------------+
| 资源类型      | 资源使用数目 | 资源总数 | 资源占用率(%) |
+---------------+--------------+----------+---------------+
| 输入输出块    |           53 |      175 |          30 % |
| 查找表        |          396 |    20416 |           1 % |
| 触发器/锁存器 |          537 |    40832 |           1 % |
| PLL           |            1 |        2 |          50 % |
+---------------+--------------+----------+---------------+
