
######################oOOOo###########oOOOo##########################
#  HqFpga(TM) Release V2.14.4 (Winter 2023) Build 021824
#  [网表报告]
#####################################################################
日期 : Tue Mar 19 23:39:15 2024

Library U_ARCH
+-----------+------+
| Cell 名称 | 数量 |
+-----------+------+
| PIO       |   53 |
| IOLOGIC   |   10 |
| PLL_25K   |    1 |
| CM3       |    1 |
| SLICEL    |  243 |
+-----------+------+
| Sum       |  308 |
+-----------+------+

Library work
+-----------+------+
| Cell 名称 | 数量 |
+-----------+------+
| top       |    1 |
+-----------+------+
| Sum       |    1 |
+-----------+------+

######################oOOOo###########oOOOo##########################
#  HqFpga(TM) Release V2.14.4 (Winter 2023) Build 021824
#  [资源位置分配报告]
#####################################################################
日期 : Tue Mar 19 23:39:15 2024
器件 : SA5Z-30-D1-8U213C

** Bank Voltage Available **
+------+-------+
| Bank | VCCIO |
+------+-------+
| 0    |  2.5  |
| 1    |  3.3  |
| 2    |  3.3  |
| 3    |  3.3  |
| 5    |  2.5  |
+------+-------+
** IO端口位置 **
+---------------+--------+------------+------------+------+-------+-------+----------+----------+
| 端口名        |  方向  |    位置    |   IO标准   | Bank | VCCIO | DRIVE | SLEWRATE | PULLMODE |
+---------------+--------+------------+------------+------+-------+-------+----------+----------+
| clk_27M       | INPUT  | -NOT USED- | -NOT USED- |      |       |       |          |          |
| clk_25M       | INPUT  |    H13     |  LVCMOS33  |  2   |  3.3  |       |          |   DOWN   |
| clk_p3        | INPUT  | -NOT USED- | -NOT USED- |      |       |       |          |          |
| clk_p4        | INPUT  | -NOT USED- | -NOT USED- |      |       |       |          |          |
| clk_p5        | INPUT  | -NOT USED- | -NOT USED- |      |       |       |          |          |
| flash_miso    | INPUT  | -NOT USED- | -NOT USED- |      |       |       |          |          |
| SWCLK         | INPUT  |     H1     |  LVCMOS33  |  1   |  3.3  |       |          |   DOWN   |
| key_pin[2]    | INPUT  |     F5     |  LVCMOS33  |  1   |  3.3  |       |          |   DOWN   |
| key_pin[1]    | INPUT  |     E5     |  LVCMOS33  |  1   |  3.3  |       |          |   DOWN   |
| key_pin[0]    | INPUT  |     D5     |  LVCMOS33  |  1   |  3.3  |       |          |   DOWN   |
| uart_DAP_rx   | INPUT  |     C5     |  LVCMOS33  |  1   |  3.3  |       |          |    UP    |
| uart_ch340_rx | INPUT  |    C15     |  LVCMOS33  |  2   |  3.3  |       |          |    UP    |
| sd_miso       | INPUT  | -NOT USED- | -NOT USED- |      |       |       |          |          |
| w5500_rstn    | INPUT  | -NOT USED- | -NOT USED- |      |       |       |          |          |
| w5500_intn    | INPUT  | -NOT USED- | -NOT USED- |      |       |       |          |          |
| w5500_miso    | INPUT  | -NOT USED- | -NOT USED- |      |       |       |          |          |
| led_core      | OUTPUT |     B6     |  LVCMOS33  |  1   |  3.3  |   8   |   SLOW   |          |
| pll_i2c_scl   | OUTPUT | -NOT USED- | -NOT USED- |      |       |       |          |          |
| SRAM_ADDR[18] | OUTPUT |     R5     |  LVCMOS33  |  3   |  3.3  |   8   |   SLOW   |          |
| SRAM_ADDR[17] | OUTPUT |    P15     |  LVCMOS33  |  3   |  3.3  |   8   |   SLOW   |          |
| SRAM_ADDR[16] | OUTPUT |    R15     |  LVCMOS33  |  3   |  3.3  |   8   |   SLOW   |          |
| SRAM_ADDR[15] | OUTPUT |    P14     |  LVCMOS33  |  3   |  3.3  |   8   |   SLOW   |          |
| SRAM_ADDR[14] | OUTPUT |     P4     |  LVCMOS33  |  3   |  3.3  |   8   |   SLOW   |          |
| SRAM_ADDR[13] | OUTPUT |     R4     |  LVCMOS33  |  3   |  3.3  |   8   |   SLOW   |          |
| SRAM_ADDR[12] | OUTPUT |     P3     |  LVCMOS33  |  3   |  3.3  |   8   |   SLOW   |          |
| SRAM_ADDR[11] | OUTPUT |     R3     |  LVCMOS33  |  3   |  3.3  |   8   |   SLOW   |          |
| SRAM_ADDR[10] | OUTPUT |     R2     |  LVCMOS33  |  3   |  3.3  |   8   |   SLOW   |          |
| SRAM_ADDR[9]  | OUTPUT |     M3     |  LVCMOS33  |  3   |  3.3  |   8   |   SLOW   |          |
| SRAM_ADDR[8]  | OUTPUT |     N3     |  LVCMOS33  |  3   |  3.3  |   8   |   SLOW   |          |
| SRAM_ADDR[7]  | OUTPUT |     L5     |  LVCMOS33  |  3   |  3.3  |   8   |   SLOW   |          |
| SRAM_ADDR[6]  | OUTPUT |     M4     |  LVCMOS33  |  3   |  3.3  |   8   |   SLOW   |          |
| SRAM_ADDR[5]  | OUTPUT |     N5     |  LVCMOS33  |  3   |  3.3  |   8   |   SLOW   |          |
| SRAM_ADDR[4]  | OUTPUT |    M12     |  LVCMOS33  |  3   |  3.3  |   8   |   SLOW   |          |
| SRAM_ADDR[3]  | OUTPUT |    N14     |  LVCMOS33  |  3   |  3.3  |   8   |   SLOW   |          |
| SRAM_ADDR[2]  | OUTPUT |    N15     |  LVCMOS33  |  3   |  3.3  |   8   |   SLOW   |          |
| SRAM_ADDR[1]  | OUTPUT |    M13     |  LVCMOS33  |  3   |  3.3  |   8   |   SLOW   |          |
| SRAM_ADDR[0]  | OUTPUT |    L11     |  LVCMOS33  |  3   |  3.3  |   8   |   SLOW   |          |
| SRAM_nWE      | OUTPUT |     L6     |  LVCMOS33  |  3   |  3.3  |   8   |   SLOW   |          |
| SRAM_nOE      | OUTPUT |    R14     |  LVCMOS33  |  3   |  3.3  |   8   |   SLOW   |          |
| SRAM_nCE      | OUTPUT |    N12     |  LVCMOS33  |  3   |  3.3  |   8   |   SLOW   |          |
| SRAM_nLB      | OUTPUT |    R13     |  LVCMOS33  |  3   |  3.3  |   8   |   SLOW   |          |
| SRAM_nUB      | OUTPUT |    P13     |  LVCMOS33  |  3   |  3.3  |   8   |   SLOW   |          |
| flash_sclk    | OUTPUT |     A1     |  LVCMOS33  |  1   |  3.3  |   8   |   SLOW   |          |
| flash_cs      | OUTPUT |     A8     |  LVCMOS33  |  1   |  3.3  |   8   |   SLOW   |          |
| flash_mosi    | OUTPUT |     G2     |  LVCMOS33  |  1   |  3.3  |   8   |   SLOW   |          |
| led_pin[3]    | OUTPUT |    E14     |  LVCMOS33  |  2   |  3.3  |   8   |   SLOW   |          |
| led_pin[2]    | OUTPUT |    F14     |  LVCMOS33  |  2   |  3.3  |   8   |   SLOW   |          |
| led_pin[1]    | OUTPUT |    G15     |  LVCMOS33  |  2   |  3.3  |   8   |   SLOW   |          |
| led_pin[0]    | OUTPUT |    D15     |  LVCMOS33  |  2   |  3.3  |   8   |   SLOW   |          |
| beep_pin      | OUTPUT |    E13     |  LVCMOS33  |  2   |  3.3  |   8   |   SLOW   |          |
| uart_DAP_tx   | OUTPUT |    C12     |  LVCMOS33  |  2   |  3.3  |   8   |   SLOW   |    UP    |
| uart_ch340_tx | OUTPUT |    E12     |  LVCMOS33  |  2   |  3.3  |   8   |   SLOW   |    UP    |
| sd_sclk       | OUTPUT |    E11     |  LVCMOS33  |  2   |  3.3  |   8   |   SLOW   |          |
| sd_cs         | OUTPUT |    D11     |  LVCMOS33  |  2   |  3.3  |   8   |   SLOW   |          |
| sd_mosi       | OUTPUT |    D12     |  LVCMOS33  |  2   |  3.3  |   8   |   SLOW   |          |
| w5500_sclk    | OUTPUT |    L15     |  LVCMOS33  |  3   |  3.3  |   8   |   SLOW   |          |
| w5500_cs      | OUTPUT |     K9     |  LVCMOS33  |  3   |  3.3  |   8   |   SLOW   |          |
| w5500_mosi    | OUTPUT |    M15     |  LVCMOS33  |  3   |  3.3  |   8   |   SLOW   |          |
| seg7_SH_CP    | OUTPUT |     E4     |  LVCMOS33  |  1   |  3.3  |   8   |   SLOW   |          |
| seg7_ST_CP    | OUTPUT |     G6     |  LVCMOS33  |  1   |  3.3  |   8   |   SLOW   |          |
| seg7_DS       | OUTPUT |     H2     |  LVCMOS33  |  1   |  3.3  |   8   |   SLOW   |          |
| i2c_scl       | OUTPUT | -NOT USED- | -NOT USED- |      |       |       |          |          |
| osc_c6_pin    | OUTPUT |     C6     |  LVCMOS33  |  1   |  3.3  |   8   |   SLOW   |          |
| pll_i2c_sda   | INOUT  | -NOT USED- | -NOT USED- |      |       |       |          |          |
| SRAM_DQ[15]   | INOUT  | -NOT USED- | -NOT USED- |      |       |       |          |          |
| SRAM_DQ[14]   | INOUT  | -NOT USED- | -NOT USED- |      |       |       |          |          |
| SRAM_DQ[13]   | INOUT  | -NOT USED- | -NOT USED- |      |       |       |          |          |
| SRAM_DQ[12]   | INOUT  | -NOT USED- | -NOT USED- |      |       |       |          |          |
| SRAM_DQ[11]   | INOUT  | -NOT USED- | -NOT USED- |      |       |       |          |          |
| SRAM_DQ[10]   | INOUT  | -NOT USED- | -NOT USED- |      |       |       |          |          |
| SRAM_DQ[9]    | INOUT  | -NOT USED- | -NOT USED- |      |       |       |          |          |
| SRAM_DQ[8]    | INOUT  | -NOT USED- | -NOT USED- |      |       |       |          |          |
| SRAM_DQ[7]    | INOUT  | -NOT USED- | -NOT USED- |      |       |       |          |          |
| SRAM_DQ[6]    | INOUT  | -NOT USED- | -NOT USED- |      |       |       |          |          |
| SRAM_DQ[5]    | INOUT  | -NOT USED- | -NOT USED- |      |       |       |          |          |
| SRAM_DQ[4]    | INOUT  | -NOT USED- | -NOT USED- |      |       |       |          |          |
| SRAM_DQ[3]    | INOUT  | -NOT USED- | -NOT USED- |      |       |       |          |          |
| SRAM_DQ[2]    | INOUT  | -NOT USED- | -NOT USED- |      |       |       |          |          |
| SRAM_DQ[1]    | INOUT  | -NOT USED- | -NOT USED- |      |       |       |          |          |
| SRAM_DQ[0]    | INOUT  | -NOT USED- | -NOT USED- |      |       |       |          |          |
| SWDIO         | INOUT  |     C1     |  LVCMOS33  |  1   |  3.3  |   8   |   SLOW   |   DOWN   |
| i2c_sda       | INOUT  | -NOT USED- | -NOT USED- |      |       |       |          |          |
+---------------+--------+------------+------------+------+-------+-------+----------+----------+
** 单元位置 **
+----------------------------------+----------+----------+
| 元件                             | 元件类型 |   位置   |
+----------------------------------+----------+----------+
| uart_ch340_rx_MGIOL              | IOLOGIC  | IOL_T89C |
| led_pin[3]_MGIOL                 | IOLOGIC  | IOL_T92D |
| led_pin[2]_MGIOL                 | IOLOGIC  | IOL_T92A |
| led_pin[1]_MGIOL                 | IOLOGIC  | IOL_T92B |
| led_pin[0]_MGIOL                 | IOLOGIC  | IOL_T95D |
| uart_ch340_tx_MGIOL              | IOLOGIC  | IOL_T70A |
| seg7_SH_CP_MGIOL                 | IOLOGIC  | IOL_T37C |
| seg7_ST_CP_MGIOL                 | IOLOGIC  | IOL_T40B |
| seg7_DS_MGIOL                    | IOLOGIC  | IOL_T16A |
| osc_c6_pin_MGIOL                 | IOLOGIC  | IOL_T43C |
| PLL_25to200_1/PLLInst_0          | PLL_25K  |  LPLL1   |
| inst                             |   CM3    |   CM3    |
| led_wf1/n_35[1]                  |  SLICEL  | R14C79M  |
| led_wf1/n_35[5]                  |  SLICEL  | R14C80M  |
| led_wf1/n_35[9]                  |  SLICEL  | R14C81M  |
| led_wf1/n_35[13]                 |  SLICEL  | R14C82M  |
| led_wf1/n_35[17]                 |  SLICEL  | R14C83M  |
| led_wf1/n_35[21]                 |  SLICEL  | R14C84M  |
| ahb_uart1/n_829[1]               |  SLICEL  | R22C29L  |
| ahb_uart1/n_829[5]               |  SLICEL  | R22C30L  |
| ahb_uart1/n_829[9]               |  SLICEL  | R22C31L  |
| ahb_uart1/n_829[13]              |  SLICEL  | R22C32L  |
| ahb_uart1/n_836[1]               |  SLICEL  | R21C28L  |
| ahb_uart1/n_836[5]               |  SLICEL  | R21C29L  |
| ahb_uart1/n_836[9]               |  SLICEL  | R21C30L  |
| ahb_uart1/n_836[13]              |  SLICEL  | R21C31L  |
| seg_inst/n_1020[1]               |  SLICEL  | R19C26M  |
| seg_inst/n_1020[5]               |  SLICEL  | R19C27M  |
| seg_inst/n_1026[1]               |  SLICEL  |  R7C20M  |
| seg_inst/n_1026[5]               |  SLICEL  |  R7C21M  |
| TARGEXP1HRDATA[4]                |  SLICEL  | R25C14L  |
| net_extracted_nHQX9              |  SLICEL  | R20C17M  |
| _n_2244                          |  SLICEL  | R22C26L  |
| ahb_uart1/n_101                  |  SLICEL  | R22C27L  |
| _n_2255                          |  SLICEL  | R22C26M  |
| ahb_uart1/n_122                  |  SLICEL  | R22C27M  |
| TARGEXP0HRDATA[8]                |  SLICEL  | R18C46L  |
| TARGEXP0HRDATA[9]                |  SLICEL  | R19C47L  |
| TARGEXP0HRDATA[10]               |  SLICEL  | R19C46L  |
| TARGEXP0HRDATA[11]               |  SLICEL  | R18C47L  |
| TARGEXP0HRDATA[12]               |  SLICEL  | R14C47M  |
| TARGEXP0HRDATA[13]               |  SLICEL  | R14C47L  |
| TARGEXP0HRDATA[14]               |  SLICEL  | R14C45L  |
| TARGEXP0HRDATA[15]               |  SLICEL  | R14C45M  |
| ahb_uart1/n_275[0]               |  SLICEL  | R18C36L  |
| ahb_uart1/n_275[1]               |  SLICEL  | R19C38M  |
| ahb_uart1/n_275[2]               |  SLICEL  | R18C36M  |
| ahb_uart1/n_275[3]               |  SLICEL  | R20C38M  |
| ahb_uart1/n_275[4]               |  SLICEL  | R15C36L  |
| ahb_uart1/n_275[5]               |  SLICEL  | R15C37M  |
| ahb_uart1/n_275[6]               |  SLICEL  | R21C37M  |
| ahb_uart1/n_275[7]               |  SLICEL  | R21C37L  |
| seg_inst/seg_2_dec[0]            |  SLICEL  | R24C20M  |
| seg_inst/seg_2_dec[1]            |  SLICEL  | R24C19M  |
| seg_inst/seg_2_dec[2]            |  SLICEL  | R23C18M  |
| seg_inst/seg_2_dec[3]            |  SLICEL  | R23C19M  |
| seg_inst/seg_2_dec[4]            |  SLICEL  | R24C19L  |
| seg_inst/size_reg[1]             |  SLICEL  | R25C15M  |
| seg_inst/n_927                   |  SLICEL  | R27C14L  |
| seg7_DS_c                        |  SLICEL  | R21C21L  |
| seg_inst/seg_data_shifer_reg[7]  |  SLICEL  | R21C22M  |
| seg_inst/seg_data_shifer_reg[4]  |  SLICEL  | R21C22L  |
| seg_inst/n_1038                  |  SLICEL  | R21C21M  |
| seg_inst/n_963                   |  SLICEL  | R25C16M  |
| ahb_uart1/n_696                  |  SLICEL  | R18C47M  |
| ahb_uart1/n_454                  |  SLICEL  | R19C36M  |
| ahb_uart1/n_421                  |  SLICEL  | R20C37M  |
| ahb_uart1/n_410                  |  SLICEL  | R19C37L  |
| ahb_uart1/TX_fifo_buff[0][5]     |  SLICEL  | R19C36L  |
| ahb_uart1/TX_fifo_buff[0][3]     |  SLICEL  | R19C35M  |
| ahb_uart1/RX_recving             |  SLICEL  | R13C50L  |
| TARGEXP0HRDATA[0]                |  SLICEL  | R20C21M  |
| ahb_uart1/RX_shift_reg[7]        |  SLICEL  | R15C50M  |
| ahb_uart1/RX_fifo_buff[0][6]     |  SLICEL  | R15C47L  |
| ahb_uart1/RX_fifo_buff[0][4]     |  SLICEL  | R15C47M  |
| net_extracted_nHQX13             |  SLICEL  | R13C49M  |
| ahb_uart1/n_224                  |  SLICEL  | R13C48L  |
| ahb_uart1/RX_fifo_wr_ptr[4]      |  SLICEL  | R19C45M  |
| ahb_uart1/n_117                  |  SLICEL  | R18C40M  |
| ahb_uart1/TX_fifo_rd_ptr[3]      |  SLICEL  | R20C38L  |
| ahb_uart1/RX_fifo_rd_ptr[1]      |  SLICEL  | R18C45M  |
| ahb_uart1/RX_fifo_rd_ptr[0]      |  SLICEL  | R18C45L  |
| ahb_uart1/n_714                  |  SLICEL  | R20C27L  |
| ahb_uart1/n_713                  |  SLICEL  | R20C21L  |
| ahb_uart1/TX_fifo_wr_ptr[2]      |  SLICEL  | R20C37L  |
| ahb_uart1/n_81                   |  SLICEL  | R20C36M  |
| led_wf1/cnt[7]                   |  SLICEL  | R14C79L  |
| led_wf1/cnt[15]                  |  SLICEL  | R14C81L  |
| led_wf1/cnt[16]                  |  SLICEL  | R14C82L  |
| led_wf1/_i_2/_i_0_rkd_14         |  SLICEL  | R14C80L  |
| TARGEXP1HRDATA[7]                |  SLICEL  | R24C14M  |
| _n_2169                          |  SLICEL  | R20C36L  |
| _n_2174                          |  SLICEL  | R19C45L  |
| seg_inst/clk_1M_cnt[7]           |  SLICEL  | R20C27M  |
| seg_inst/clk_DRV                 |  SLICEL  | R19C26L  |
| ahb_uart1/RX_DIV_cnt[1]          |  SLICEL  | R21C31M  |
| ahb_uart1/RX_DIV_cnt[13]         |  SLICEL  | R21C29M  |
| ahb_uart1/RX_DIV_cnt[15]         |  SLICEL  | R21C30M  |
| ahb_uart1/TX_DIV_cnt[2]          |  SLICEL  | R22C29M  |
| ahb_uart1/TX_DIV_cnt[12]         |  SLICEL  | R22C30M  |
| ahb_uart1/n_644                  |  SLICEL  | R19C47M  |
| ahb_uart1/n_618                  |  SLICEL  | R15C45M  |
| ahb_uart1/n_501                  |  SLICEL  | R15C45L  |
| ahb_uart1/RX_shiftIN_cnt[3]      |  SLICEL  | R13C50M  |
| ahb_uart1/RX_shiftIN_cnt[2]      |  SLICEL  | R12C49M  |
| ahb_uart1/TX_shift_reg[4]        |  SLICEL  | R18C38L  |
| ahb_uart1/n_737                  |  SLICEL  | R18C39L  |
| seg_inst/HC595_CLK_CNT[4]        |  SLICEL  |  R7C20L  |
| seg_inst/seg_data_shifer_reg[11] |  SLICEL  | R22C21M  |
| net_extracted_nHQX15             |  SLICEL  | R19C37M  |
| ahb_uart1/n_736                  |  SLICEL  | R18C40L  |
| net_extracted_nHQX17             |  SLICEL  | R20C35L  |
| ahb_uart1/TX_shift_reg[8]        |  SLICEL  | R18C38M  |
| seg_inst/seg_data_shifer_reg[15] |  SLICEL  | R22C21L  |
| ahb_uart1/n_58                   |  SLICEL  |  R6C19M  |
| led_wf1/n_3                      |  SLICEL  | R14C83L  |
| seg_inst/clk_1M_cnt[0]           |  SLICEL  | R19C27L  |
| seg_inst/HC595_CLK_CNT[0]        |  SLICEL  |  R7C21L  |
| led_pin[1]_c                     |  SLICEL  |  R3C92L  |
| led_pin[3]_c                     |  SLICEL  |  R3C92M  |
| ahb_uart1/addr[5]                |  SLICEL  | R20C15L  |
| ahb_uart1/addr[6]                |  SLICEL  | R21C17L  |
| ahb_uart1/addr[8]                |  SLICEL  | R20C15M  |
| ahb_uart1/addr[10]               |  SLICEL  | R20C16L  |
| ahb_uart1/addr[12]               |  SLICEL  | R20C19M  |
| ahb_uart1/addr[14]               |  SLICEL  | R20C17L  |
| TARGEXP0HRDATA[21]               |  SLICEL  | R22C15M  |
| TARGEXP0HRDATA[28]               |  SLICEL  | R22C14L  |
| TARGEXP0HRDATA[29]               |  SLICEL  | R22C16L  |
| TARGEXP0HRDATA[30]               |  SLICEL  | R22C15L  |
| TARGEXP0HRDATA[31]               |  SLICEL  | R22C14M  |
| ahb_uart1/TX_fifo_buff[2][3]     |  SLICEL  | R19C39L  |
| ahb_uart1/TX_fifo_buff[2][4]     |  SLICEL  | R18C35L  |
| ahb_uart1/TX_fifo_buff[2][7]     |  SLICEL  | R21C39M  |
| ahb_uart1/TX_fifo_buff[3][2]     |  SLICEL  | R20C35M  |
| ahb_uart1/TX_fifo_buff[3][3]     |  SLICEL  | R22C38L  |
| ahb_uart1/TX_fifo_buff[3][5]     |  SLICEL  | R15C38M  |
| ahb_uart1/TX_fifo_buff[3][7]     |  SLICEL  | R21C38M  |
| ahb_uart1/TX_fifo_buff[4][2]     |  SLICEL  | R14C36L  |
| ahb_uart1/TX_fifo_buff[4][3]     |  SLICEL  | R19C34L  |
| ahb_uart1/TX_fifo_buff[4][5]     |  SLICEL  | R13C36M  |
| ahb_uart1/TX_fifo_buff[4][7]     |  SLICEL  | R23C36L  |
| ahb_uart1/TX_fifo_buff[5][2]     |  SLICEL  | R18C37M  |
| ahb_uart1/TX_fifo_buff[5][3]     |  SLICEL  | R18C39M  |
| ahb_uart1/TX_fifo_buff[5][5]     |  SLICEL  | R15C37L  |
| ahb_uart1/TX_fifo_buff[5][7]     |  SLICEL  | R19C40M  |
| ahb_uart1/TX_fifo_buff[6][2]     |  SLICEL  | R18C34M  |
| ahb_uart1/TX_fifo_buff[6][3]     |  SLICEL  | R22C35M  |
| ahb_uart1/TX_fifo_buff[6][5]     |  SLICEL  | R15C36M  |
| ahb_uart1/TX_fifo_buff[6][7]     |  SLICEL  | R23C36M  |
| ahb_uart1/TX_fifo_buff[7][2]     |  SLICEL  | R18C34L  |
| ahb_uart1/TX_fifo_buff[7][3]     |  SLICEL  | R20C34M  |
| ahb_uart1/TX_fifo_buff[7][5]     |  SLICEL  | R15C35L  |
| ahb_uart1/TX_fifo_buff[7][7]     |  SLICEL  | R22C36L  |
| ahb_uart1/TX_fifo_buff[8][2]     |  SLICEL  | R21C35M  |
| ahb_uart1/TX_fifo_buff[8][3]     |  SLICEL  | R21C38L  |
| ahb_uart1/TX_fifo_buff[8][5]     |  SLICEL  | R14C37M  |
| ahb_uart1/TX_fifo_buff[8][7]     |  SLICEL  | R23C37M  |
| ahb_uart1/TX_fifo_buff[9][2]     |  SLICEL  | R20C34L  |
| ahb_uart1/TX_fifo_buff[9][3]     |  SLICEL  | R22C38M  |
| ahb_uart1/TX_fifo_buff[9][5]     |  SLICEL  | R15C38L  |
| ahb_uart1/TX_fifo_buff[9][7]     |  SLICEL  | R22C37L  |
| ahb_uart1/TX_fifo_buff[10][2]    |  SLICEL  | R18C37L  |
| ahb_uart1/TX_fifo_buff[10][3]    |  SLICEL  | R15C39L  |
| ahb_uart1/TX_fifo_buff[10][5]    |  SLICEL  | R13C36L  |
| ahb_uart1/TX_fifo_buff[10][7]    |  SLICEL  | R19C40L  |
| ahb_uart1/TX_fifo_buff[11][4]    |  SLICEL  | R15C39M  |
| ahb_uart1/TX_fifo_buff[11][5]    |  SLICEL  | R14C37L  |
| ahb_uart1/TX_fifo_buff[11][7]    |  SLICEL  | R20C39M  |
| ahb_uart1/TX_fifo_buff[12][2]    |  SLICEL  | R21C36L  |
| ahb_uart1/TX_fifo_buff[12][3]    |  SLICEL  | R23C35M  |
| ahb_uart1/TX_fifo_buff[12][5]    |  SLICEL  | R18C35M  |
| ahb_uart1/TX_fifo_buff[12][7]    |  SLICEL  | R21C36M  |
| ahb_uart1/TX_fifo_buff[13][2]    |  SLICEL  | R14C36M  |
| ahb_uart1/TX_fifo_buff[13][3]    |  SLICEL  | R19C39M  |
| ahb_uart1/TX_fifo_buff[13][5]    |  SLICEL  | R15C35M  |
| ahb_uart1/TX_fifo_buff[13][7]    |  SLICEL  | R19C38L  |
| ahb_uart1/TX_fifo_buff[14][3]    |  SLICEL  | R23C38L  |
| ahb_uart1/TX_fifo_buff[14][5]    |  SLICEL  | R19C35L  |
| ahb_uart1/TX_fifo_buff[14][7]    |  SLICEL  | R22C37M  |
| ahb_uart1/TX_fifo_buff[15][4]    |  SLICEL  | R21C35L  |
| ahb_uart1/TX_fifo_buff[15][5]    |  SLICEL  | R19C34M  |
| ahb_uart1/TX_fifo_buff[15][7]    |  SLICEL  | R22C36M  |
| ahb_uart1/RX_fifo_buff[2][2]     |  SLICEL  | R15C46L  |
| ahb_uart1/RX_fifo_buff[2][3]     |  SLICEL  | R20C48L  |
| ahb_uart1/RX_fifo_buff[2][5]     |  SLICEL  | R13C48M  |
| ahb_uart1/RX_fifo_buff[3][2]     |  SLICEL  | R19C46M  |
| ahb_uart1/RX_fifo_buff[3][3]     |  SLICEL  | R18C49M  |
| ahb_uart1/RX_fifo_buff[3][5]     |  SLICEL  | R14C49L  |
| ahb_uart1/RX_fifo_buff[3][7]     |  SLICEL  | R13C45M  |
| ahb_uart1/RX_fifo_buff[4][2]     |  SLICEL  | R20C47M  |
| ahb_uart1/RX_fifo_buff[4][3]     |  SLICEL  | R21C47M  |
| ahb_uart1/RX_fifo_buff[4][5]     |  SLICEL  | R11C47M  |
| ahb_uart1/RX_fifo_buff[4][7]     |  SLICEL  | R10C47M  |
| ahb_uart1/RX_fifo_buff[5][2]     |  SLICEL  | R20C46L  |
| ahb_uart1/RX_fifo_buff[5][3]     |  SLICEL  | R19C49L  |
| ahb_uart1/RX_fifo_buff[5][5]     |  SLICEL  | R15C49M  |
| ahb_uart1/RX_fifo_buff[5][7]     |  SLICEL  | R15C44M  |
| ahb_uart1/RX_fifo_buff[6][3]     |  SLICEL  | R15C49L  |
| ahb_uart1/RX_fifo_buff[6][4]     |  SLICEL  | R14C46L  |
| ahb_uart1/RX_fifo_buff[6][6]     |  SLICEL  | R14C46M  |
| ahb_uart1/RX_fifo_buff[7][2]     |  SLICEL  | R15C46M  |
| ahb_uart1/RX_fifo_buff[7][3]     |  SLICEL  | R13C47M  |
| ahb_uart1/RX_fifo_buff[7][5]     |  SLICEL  | R11C47L  |
| ahb_uart1/RX_fifo_buff[7][7]     |  SLICEL  | R11C45M  |
| ahb_uart1/RX_fifo_buff[8][2]     |  SLICEL  | R20C45L  |
| ahb_uart1/RX_fifo_buff[8][3]     |  SLICEL  | R20C47L  |
| ahb_uart1/RX_fifo_buff[8][5]     |  SLICEL  | R13C46M  |
| ahb_uart1/RX_fifo_buff[8][7]     |  SLICEL  | R12C45M  |
| ahb_uart1/RX_fifo_buff[9][2]     |  SLICEL  | R20C45M  |
| ahb_uart1/RX_fifo_buff[9][3]     |  SLICEL  | R19C48L  |
| ahb_uart1/RX_fifo_buff[9][5]     |  SLICEL  | R13C49L  |
| ahb_uart1/RX_fifo_buff[9][7]     |  SLICEL  | R11C45L  |
| ahb_uart1/RX_fifo_buff[10][2]    |  SLICEL  | R20C46M  |
| ahb_uart1/RX_fifo_buff[10][3]    |  SLICEL  | R12C47L  |
| ahb_uart1/RX_fifo_buff[10][5]    |  SLICEL  | R12C46L  |
| ahb_uart1/RX_fifo_buff[10][7]    |  SLICEL  | R14C44L  |
| ahb_uart1/RX_fifo_buff[11][2]    |  SLICEL  | R19C48M  |
| ahb_uart1/RX_fifo_buff[11][3]    |  SLICEL  | R19C49M  |
| ahb_uart1/RX_fifo_buff[11][5]    |  SLICEL  | R14C49M  |
| ahb_uart1/RX_fifo_buff[11][7]    |  SLICEL  | R13C45L  |
| ahb_uart1/RX_fifo_buff[12][2]    |  SLICEL  | R18C48L  |
| ahb_uart1/RX_fifo_buff[12][3]    |  SLICEL  | R18C49L  |
| ahb_uart1/RX_fifo_buff[12][5]    |  SLICEL  | R14C48M  |
| ahb_uart1/RX_fifo_buff[12][7]    |  SLICEL  | R14C44M  |
| ahb_uart1/RX_fifo_buff[13][4]    |  SLICEL  | R14C48L  |
| ahb_uart1/RX_fifo_buff[13][5]    |  SLICEL  | R15C48L  |
| ahb_uart1/RX_fifo_buff[13][7]    |  SLICEL  | R12C46M  |
| ahb_uart1/RX_fifo_buff[14][4]    |  SLICEL  | R15C48M  |
| ahb_uart1/RX_fifo_buff[14][5]    |  SLICEL  | R13C47L  |
| ahb_uart1/RX_fifo_buff[14][7]    |  SLICEL  | R13C46L  |
| ahb_uart1/RX_fifo_buff[15][2]    |  SLICEL  | R18C46M  |
| ahb_uart1/RX_fifo_buff[15][3]    |  SLICEL  | R18C48M  |
| ahb_uart1/RX_fifo_buff[15][5]    |  SLICEL  | R12C47M  |
| ahb_uart1/RX_fifo_buff[15][7]    |  SLICEL  | R12C45L  |
| ahb_uart1/RX_samp_regs[4]        |  SLICEL  | R12C48M  |
| seg_inst/segx_reg_0[1]           |  SLICEL  | R25C18M  |
| seg_inst/segx_reg_0[3]           |  SLICEL  | R25C17L  |
| seg_inst/segx_reg_1[2]           |  SLICEL  | R24C18M  |
| seg_inst/segx_reg_1[3]           |  SLICEL  | R25C19L  |
| seg_inst/segx_reg_2[2]           |  SLICEL  | R24C16M  |
| seg_inst/segx_reg_2[3]           |  SLICEL  | R24C17L  |
| seg_inst/segx_reg_3[2]           |  SLICEL  | R24C20L  |
| seg_inst/segx_reg_3[3]           |  SLICEL  | R23C19L  |
| seg_inst/segx_reg_4[2]           |  SLICEL  | R25C18L  |
| seg_inst/segx_reg_4[3]           |  SLICEL  | R25C17M  |
| seg_inst/segx_reg_5[2]           |  SLICEL  | R24C18L  |
| seg_inst/segx_reg_5[3]           |  SLICEL  | R25C19M  |
| seg_inst/segx_reg_6[2]           |  SLICEL  | R24C16L  |
| seg_inst/segx_reg_6[3]           |  SLICEL  | R24C17M  |
| seg_inst/addr_reg[6]             |  SLICEL  | R26C15L  |
| seg_inst/addr_reg[8]             |  SLICEL  | R26C15M  |
| seg_inst/addr_reg[10]            |  SLICEL  | R25C14M  |
| seg_inst/addr_reg[12]            |  SLICEL  | R24C14L  |
| seg_inst/addr_reg[14]            |  SLICEL  | R25C15L  |
+----------------------------------+----------+----------+
