
######################oOOOo###########oOOOo##########################
#  HqFpga(TM) Release V2.14.4 (Winter 2023) Build 021824
#  [网表报告]
#####################################################################
日期 : Tue Mar 19 23:39:19 2024

Library U_ARCH
+-----------+------+
| Cell 名称 | 数量 |
+-----------+------+
| PIO       |   53 |
| IOLOGIC   |   10 |
| PLL_25K   |    1 |
| CM3       |    1 |
| SLICEL    |  243 |
| TIEOFF    |   62 |
+-----------+------+
| Sum       |  370 |
+-----------+------+

Library work
+-----------+------+
| Cell 名称 | 数量 |
+-----------+------+
| top       |    1 |
+-----------+------+
| Sum       |    1 |
+-----------+------+

** Routing resource usage summary **
===========================================
Wire Type      Number    Total       Ratio     
-------------------------------------------
X1V            942       44212        2.1%
X2V            465       25264        1.8%
X6V            157       25264        0.6%
X1H            773       50528        1.5%
X2H            961       75792        1.3%
X6H            191       50528        0.4%
LH             26        6316         0.4%
LV             57        6316         0.9%
LB             67        6316         1.1%
===========================================
