
######################oOOOo###########oOOOo##########################
#  HqFpga(TM) Release V2.14.4 (Winter 2023) Build 021824
#  [网表报告]
#####################################################################
日期 : Tue Mar 19 23:03:52 2024

Library U_ARCH
+-----------+------+
| Cell 名称 | 数量 |
+-----------+------+
| PIO       |   53 |
| IOLOGIC   |   10 |
| PLL_25K   |    1 |
| CM3       |    1 |
| SLICEL    |  253 |
| TIEOFF    |   62 |
+-----------+------+
| Sum       |  380 |
+-----------+------+

Library work
+-----------+------+
| Cell 名称 | 数量 |
+-----------+------+
| top       |    1 |
+-----------+------+
| Sum       |    1 |
+-----------+------+

** Routing resource usage summary **
===========================================
Wire Type      Number    Total       Ratio     
-------------------------------------------
X1V            986       44212        2.2%
X2V            451       25264        1.8%
X6V            196       25264        0.8%
X1H            863       50528        1.7%
X2H            1047      75792        1.4%
X6H            206       50528        0.4%
LH             25        6316         0.4%
LV             58        6316         0.9%
LB             79        6316         1.3%
===========================================
