Component: ARM Compiler 5.06 update 7 (build 960) Tool: armlink [4d3601]

==============================================================================

Section Cross References

    system_cmsdk_cm0.o(i.SystemCoreClockUpdate) refers to system_cmsdk_cm0.o(.data) for .data
    system_cmsdk_cm0.o(i.SystemInit) refers to system_cmsdk_cm0.o(.data) for .data
    startup_cmsdk_cm0.o(RESET) refers to startup_cmsdk_cm0.o(STACK) for __initial_sp
    startup_cmsdk_cm0.o(RESET) refers to startup_cmsdk_cm0.o(.text) for Reset_Handler
    startup_cmsdk_cm0.o(RESET) refers to int_handlers.o(i.SysTick_Handler) for SysTick_Handler
    startup_cmsdk_cm0.o(.text) refers to system_cmsdk_cm0.o(i.SystemInit) for SystemInit
    startup_cmsdk_cm0.o(.text) refers to entry.o(.ARM.Collect$$$$00000000) for __main
    delay.o(i.DELAY_TICK) refers to uidiv.o(.text) for __aeabi_uidivmod
    delay.o(i.DELAY_TICK) refers to delay.o(.emb_text) for SysCtlDelay
    int_handlers.o(i.SysTick_Handler) refers to main.o(.data) for ms_cnt
    main.o(i.main) refers to uidiv.o(.text) for __aeabi_uidivmod
    main.o(i.main) refers to main.o(i.uart_ahb_init) for uart_ahb_init
    main.o(i.main) refers to delay.o(i.delay_ms) for delay_ms
    main.o(i.main) refers to delay.o(i.DELAY_TICK) for DELAY_TICK
    main.o(i.main) refers to scd_reg.o(i.scd_init_1) for scd_init_1
    main.o(i.main) refers to scd.o(i.scd_send1Byte) for scd_send1Byte
    main.o(i.main) refers to scd.o(i.SCD_Rev1Byte) for SCD_Rev1Byte
    main.o(i.main) refers to system_cmsdk_cm0.o(.data) for SystemCoreClock
    main.o(i.main) refers to main.o(.data) for .data
    main.o(i.main) refers to scd_reg.o(.bss) for scd_1
    main.o(i.uart_ahb_init) refers to uidiv.o(.text) for __aeabi_uidivmod
    main.o(i.uart_ahb_init) refers to system_cmsdk_cm0.o(.data) for SystemCoreClock
    scd.o(i.SCD_CMD_CALL) refers to scd.o(i.cz_atol) for cz_atol
    scd.o(i.SCD_CMD_CHG) refers to scd.o(i.cz_atol) for cz_atol
    scd.o(i.SCD_CMD_CONF) refers to scd.o(i.cz_atol) for cz_atol
    scd.o(i.SCD_CMD_DUMP) refers to scd.o(i.cz_atol) for cz_atol
    scd.o(i.SCD_CMD_SET) refers to scd.o(i.atof_tyj) for atof_tyj
    scd.o(i.SCD_CMD_SET) refers to scd.o(i.cz_atol) for cz_atol
    scd.o(i.SCD_Rev1Byte) refers to scd.o(i.SCD_cmd_handle) for SCD_cmd_handle
    scd.o(i.SCD_cmd_handle) refers to scd.o(.constdata) for .constdata
    scd.o(i.SCD_cmd_handle) refers to scd.o(.data) for .data
    scd.o(i.SCO_DUMP) refers to fflti.o(.text) for __aeabi_i2f
    scd.o(i.SCO_DUMP) refers to ffltui.o(.text) for __aeabi_ui2f
    scd.o(i.SCO_DUMP) refers to scd.o(.data) for .data
    scd.o(i.SCO_VAR) refers to fflti.o(.text) for __aeabi_i2f
    scd.o(i.SCO_VAR) refers to ffltui.o(.text) for __aeabi_ui2f
    scd.o(i.SCO_VAR) refers to scd.o(.data) for .data
    scd.o(i.SCO_get) refers to fflti.o(.text) for __aeabi_i2f
    scd.o(i.SCO_get) refers to ffltui.o(.text) for __aeabi_ui2f
    scd.o(i.SCO_get) refers to scd.o(.constdata) for .constdata
    scd.o(i._atof_pow10) refers to fmul.o(.text) for __aeabi_fmul
    scd.o(i._cz_strtoxl) refers to uidiv.o(.text) for __aeabi_uidivmod
    scd.o(i._cz_strtoxl) refers to scd.o(.constdata) for .constdata
    scd.o(i.atof_tyj) refers to scd.o(i._cz_strtoxl) for _cz_strtoxl
    scd.o(i.atof_tyj) refers to fflti.o(.text) for __aeabi_i2f
    scd.o(i.atof_tyj) refers to scd.o(i._atof_pow10) for _atof_pow10
    scd.o(i.atof_tyj) refers to fadd.o(.text) for __aeabi_fsub
    scd.o(i.atof_tyj) refers to scd.o(.constdata) for .constdata
    scd.o(i.cz_atol) refers to scd.o(i._cz_strtoxl) for _cz_strtoxl
    scd.o(i.scd_send1Byte) refers to scd.o(.data) for .data
    scd.o(.data) refers to scd.o(.conststring) for .conststring
    scd.o(.data) refers to scd.o(i.SCD_CMD_SET) for SCD_CMD_SET
    scd.o(.data) refers to scd.o(i.SCD_CMD_CONF) for SCD_CMD_CONF
    scd.o(.data) refers to scd.o(i.SCD_CMD_CHG) for SCD_CMD_CHG
    scd.o(.data) refers to scd.o(i.SCD_CMD_DUMP) for SCD_CMD_DUMP
    scd.o(.data) refers to scd.o(i.SCD_CMD_CALL) for SCD_CMD_CALL
    scd.o(.data) refers to scd.o(i.SCO_get) for SCO_get
    scd.o(.data) refers to scd.o(i.SCO_VAR) for SCO_VAR
    scd.o(.data) refers to scd.o(i.SCO_DEBUG) for SCO_DEBUG
    scd.o(.data) refers to scd.o(i.SCO_DUMP) for SCO_DUMP
    scd.o(.data) refers to scd.o(i.SCO_PRINT) for SCO_PRINT
    scd_reg.o(i.scd_init_1) refers to scd_reg.o(.constdata) for .constdata
    scd_reg.o(i.scd_init_1) refers to scd_reg.o(.bss) for .bss
    scd_reg.o(i.scd_init_1) refers to scd_reg.o(.data) for .data
    scd_reg.o(.constdata) refers to main.o(.data) for ms_cnt
    entry.o(.ARM.Collect$$$$00000000) refers (Special) to entry10a.o(.ARM.Collect$$$$0000000F) for __rt_final_cpp
    entry.o(.ARM.Collect$$$$00000000) refers (Special) to entry11a.o(.ARM.Collect$$$$00000011) for __rt_final_exit
    entry.o(.ARM.Collect$$$$00000000) refers (Special) to entry12b.o(.ARM.Collect$$$$0000000E) for __rt_lib_shutdown_fini
    entry.o(.ARM.Collect$$$$00000000) refers (Special) to entry7b.o(.ARM.Collect$$$$00000008) for _main_clock
    entry.o(.ARM.Collect$$$$00000000) refers (Special) to entry8b.o(.ARM.Collect$$$$0000000A) for _main_cpp_init
    entry.o(.ARM.Collect$$$$00000000) refers (Special) to entry9a.o(.ARM.Collect$$$$0000000B) for _main_init
    entry.o(.ARM.Collect$$$$00000000) refers (Special) to entry5.o(.ARM.Collect$$$$00000004) for _main_scatterload
    entry.o(.ARM.Collect$$$$00000000) refers (Special) to entry2.o(.ARM.Collect$$$$00000001) for _main_stk
    fadd.o(.text) refers (Special) to iusefp.o(.text) for __I$use$fp
    fadd.o(.text) refers to fepilogue.o(.text) for _float_epilogue
    fmul.o(.text) refers (Special) to iusefp.o(.text) for __I$use$fp
    fflti.o(.text) refers (Special) to iusefp.o(.text) for __I$use$fp
    fflti.o(.text) refers to fepilogue.o(.text) for _float_epilogue
    ffltui.o(.text) refers (Special) to iusefp.o(.text) for __I$use$fp
    ffltui.o(.text) refers to fepilogue.o(.text) for _float_epilogue
    entry2.o(.ARM.Collect$$$$00000001) refers to entry2.o(.ARM.Collect$$$$00002712) for __lit__00000000
    entry2.o(.ARM.Collect$$$$00002712) refers to startup_cmsdk_cm0.o(STACK) for __initial_sp
    entry2.o(__vectab_stack_and_reset_area) refers to startup_cmsdk_cm0.o(STACK) for __initial_sp
    entry2.o(__vectab_stack_and_reset_area) refers to entry.o(.ARM.Collect$$$$00000000) for __main
    entry5.o(.ARM.Collect$$$$00000004) refers to init.o(.text) for __scatterload
    entry9a.o(.ARM.Collect$$$$0000000B) refers to main.o(i.main) for main
    entry9b.o(.ARM.Collect$$$$0000000C) refers to main.o(i.main) for main
    init.o(.text) refers to entry5.o(.ARM.Collect$$$$00000004) for __main_after_scatterload


==============================================================================

Removing Unused input sections from the image.

    Removing system_cmsdk_cm0.o(.rev16_text), (4 bytes).
    Removing system_cmsdk_cm0.o(.revsh_text), (4 bytes).
    Removing system_cmsdk_cm0.o(i.SystemCoreClockUpdate), (20 bytes).
    Removing startup_cmsdk_cm0.o(HEAP), (256 bytes).
    Removing delay.o(.rev16_text), (4 bytes).
    Removing delay.o(.revsh_text), (4 bytes).
    Removing main.o(.rev16_text), (4 bytes).
    Removing main.o(.revsh_text), (4 bytes).
    Removing main.o(.bss), (256 bytes).
    Removing main.o(.data), (1 bytes).
    Removing main.o(.data), (1 bytes).
    Removing main.o(.data), (1 bytes).
    Removing scd.o(i.scd_print), (38 bytes).

13 unused section(s) (total 597 bytes) removed from the image.

==============================================================================

Image Symbol Table

    Local Symbols

    Symbol Name                              Value     Ov Type        Size  Object(Section)

    RESET                                    0x00000000   Section      192  startup_cmsdk_cm0.o(RESET)
    ../clib/microlib/division.c              0x00000000   Number         0  uidiv.o ABSOLUTE
    ../clib/microlib/init/entry.s            0x00000000   Number         0  entry12a.o ABSOLUTE
    ../clib/microlib/init/entry.s            0x00000000   Number         0  entry11b.o ABSOLUTE
    ../clib/microlib/init/entry.s            0x00000000   Number         0  entry11a.o ABSOLUTE
    ../clib/microlib/init/entry.s            0x00000000   Number         0  entry5.o ABSOLUTE
    ../clib/microlib/init/entry.s            0x00000000   Number         0  entry7a.o ABSOLUTE
    ../clib/microlib/init/entry.s            0x00000000   Number         0  entry9a.o ABSOLUTE
    ../clib/microlib/init/entry.s            0x00000000   Number         0  entry7b.o ABSOLUTE
    ../clib/microlib/init/entry.s            0x00000000   Number         0  entry10b.o ABSOLUTE
    ../clib/microlib/init/entry.s            0x00000000   Number         0  entry8b.o ABSOLUTE
    ../clib/microlib/init/entry.s            0x00000000   Number         0  entry.o ABSOLUTE
    ../clib/microlib/init/entry.s            0x00000000   Number         0  entry10a.o ABSOLUTE
    ../clib/microlib/init/entry.s            0x00000000   Number         0  entry9b.o ABSOLUTE
    ../clib/microlib/init/entry.s            0x00000000   Number         0  entry12b.o ABSOLUTE
    ../clib/microlib/init/entry.s            0x00000000   Number         0  entry8a.o ABSOLUTE
    ../clib/microlib/init/entry.s            0x00000000   Number         0  entry2.o ABSOLUTE
    ../clib/microlib/stubs.s                 0x00000000   Number         0  iusefp.o ABSOLUTE
    ../fplib/microlib/fpadd.c                0x00000000   Number         0  fadd.o ABSOLUTE
    ../fplib/microlib/fpepilogue.c           0x00000000   Number         0  fepilogue.o ABSOLUTE
    ../fplib/microlib/fpflt.c                0x00000000   Number         0  fflti.o ABSOLUTE
    ../fplib/microlib/fpflt.c                0x00000000   Number         0  ffltui.o ABSOLUTE
    ../fplib/microlib/fpmul.c                0x00000000   Number         0  fmul.o ABSOLUTE
    bsp\\device\\system_CMSDK_CM0.c          0x00000000   Number         0  system_cmsdk_cm0.o ABSOLUTE
    bsp\device\startup_CMSDK_CM0.s           0x00000000   Number         0  startup_cmsdk_cm0.o ABSOLUTE
    bsp\device\system_CMSDK_CM0.c            0x00000000   Number         0  system_cmsdk_cm0.o ABSOLUTE
    dc.s                                     0x00000000   Number         0  dc.o ABSOLUTE
    drv\\delay.c                             0x00000000   Number         0  delay.o ABSOLUTE
    drv\delay.c                              0x00000000   Number         0  delay.o ABSOLUTE
    handlers.s                               0x00000000   Number         0  handlers.o ABSOLUTE
    init.s                                   0x00000000   Number         0  init.o ABSOLUTE
    src\\main.c                              0x00000000   Number         0  main.o ABSOLUTE
    src\int_handlers.c                       0x00000000   Number         0  int_handlers.o ABSOLUTE
    src\main.c                               0x00000000   Number         0  main.o ABSOLUTE
    src\scd.c                                0x00000000   Number         0  scd.o ABSOLUTE
    src\scd_reg.c                            0x00000000   Number         0  scd_reg.o ABSOLUTE
    .ARM.Collect$$$$00000000                 0x000000c0   Section        0  entry.o(.ARM.Collect$$$$00000000)
    .ARM.Collect$$$$00000001                 0x000000c0   Section        4  entry2.o(.ARM.Collect$$$$00000001)
    .ARM.Collect$$$$00000004                 0x000000c4   Section        4  entry5.o(.ARM.Collect$$$$00000004)
    .ARM.Collect$$$$00000008                 0x000000c8   Section        0  entry7b.o(.ARM.Collect$$$$00000008)
    .ARM.Collect$$$$0000000A                 0x000000c8   Section        0  entry8b.o(.ARM.Collect$$$$0000000A)
    .ARM.Collect$$$$0000000B                 0x000000c8   Section        8  entry9a.o(.ARM.Collect$$$$0000000B)
    .ARM.Collect$$$$0000000E                 0x000000d0   Section        4  entry12b.o(.ARM.Collect$$$$0000000E)
    .ARM.Collect$$$$0000000F                 0x000000d4   Section        0  entry10a.o(.ARM.Collect$$$$0000000F)
    .ARM.Collect$$$$00000011                 0x000000d4   Section        0  entry11a.o(.ARM.Collect$$$$00000011)
    .ARM.Collect$$$$00002712                 0x000000d4   Section        4  entry2.o(.ARM.Collect$$$$00002712)
    __lit__00000000                          0x000000d4   Data           4  entry2.o(.ARM.Collect$$$$00002712)
    .emb_text                                0x000000d8   Section        6  delay.o(.emb_text)
    .text                                    0x000000e0   Section       32  startup_cmsdk_cm0.o(.text)
    .text                                    0x00000100   Section        0  uidiv.o(.text)
    .text                                    0x0000012c   Section        0  fadd.o(.text)
    .text                                    0x000001de   Section        0  fmul.o(.text)
    .text                                    0x00000258   Section        0  fflti.o(.text)
    .text                                    0x0000026e   Section        0  ffltui.o(.text)
    .text                                    0x0000027c   Section        0  iusefp.o(.text)
    .text                                    0x0000027c   Section        0  fepilogue.o(.text)
    .text                                    0x00000300   Section       36  init.o(.text)
    i.DELAY_TICK                             0x00000324   Section        0  delay.o(i.DELAY_TICK)
    i.SCD_CMD_CALL                           0x00000338   Section        0  scd.o(i.SCD_CMD_CALL)
    SCD_CMD_CALL                             0x00000339   Thumb Code    30  scd.o(i.SCD_CMD_CALL)
    i.SCD_CMD_CHG                            0x00000356   Section        0  scd.o(i.SCD_CMD_CHG)
    SCD_CMD_CHG                              0x00000357   Thumb Code    20  scd.o(i.SCD_CMD_CHG)
    i.SCD_CMD_CONF                           0x0000036a   Section        0  scd.o(i.SCD_CMD_CONF)
    SCD_CMD_CONF                             0x0000036b   Thumb Code    22  scd.o(i.SCD_CMD_CONF)
    i.SCD_CMD_DUMP                           0x00000380   Section        0  scd.o(i.SCD_CMD_DUMP)
    SCD_CMD_DUMP                             0x00000381   Thumb Code    36  scd.o(i.SCD_CMD_DUMP)
    i.SCD_CMD_SET                            0x000003a4   Section        0  scd.o(i.SCD_CMD_SET)
    SCD_CMD_SET                              0x000003a5   Thumb Code    90  scd.o(i.SCD_CMD_SET)
    i.SCD_Rev1Byte                           0x000003fe   Section        0  scd.o(i.SCD_Rev1Byte)
    i.SCD_cmd_handle                         0x00000474   Section        0  scd.o(i.SCD_cmd_handle)
    SCD_cmd_handle                           0x00000475   Thumb Code   224  scd.o(i.SCD_cmd_handle)
    i.SCO_DEBUG                              0x0000055c   Section        0  scd.o(i.SCO_DEBUG)
    SCO_DEBUG                                0x0000055d   Thumb Code    18  scd.o(i.SCO_DEBUG)
    i.SCO_DUMP                               0x00000570   Section        0  scd.o(i.SCO_DUMP)
    SCO_DUMP                                 0x00000571   Thumb Code   364  scd.o(i.SCO_DUMP)
    i.SCO_PRINT                              0x000006e4   Section        0  scd.o(i.SCO_PRINT)
    SCO_PRINT                                0x000006e5   Thumb Code   114  scd.o(i.SCO_PRINT)
    i.SCO_VAR                                0x00000758   Section        0  scd.o(i.SCO_VAR)
    SCO_VAR                                  0x00000759   Thumb Code   252  scd.o(i.SCO_VAR)
    i.SCO_get                                0x0000085c   Section        0  scd.o(i.SCO_get)
    SCO_get                                  0x0000085d   Thumb Code   248  scd.o(i.SCO_get)
    i.SysTick_Handler                        0x0000095c   Section        0  int_handlers.o(i.SysTick_Handler)
    i.SystemInit                             0x0000096c   Section        0  system_cmsdk_cm0.o(i.SystemInit)
    i.__scatterload_copy                     0x00000980   Section       14  handlers.o(i.__scatterload_copy)
    i.__scatterload_null                     0x0000098e   Section        2  handlers.o(i.__scatterload_null)
    i.__scatterload_zeroinit                 0x00000990   Section       14  handlers.o(i.__scatterload_zeroinit)
    i._atof_pow10                            0x000009a0   Section        0  scd.o(i._atof_pow10)
    _atof_pow10                              0x000009a1   Thumb Code    38  scd.o(i._atof_pow10)
    i._cz_strtoxl                            0x000009d0   Section        0  scd.o(i._cz_strtoxl)
    _cz_strtoxl                              0x000009d1   Thumb Code   368  scd.o(i._cz_strtoxl)
    i.atof_tyj                               0x00000b48   Section        0  scd.o(i.atof_tyj)
    atof_tyj                                 0x00000b49   Thumb Code   168  scd.o(i.atof_tyj)
    i.cz_atol                                0x00000bf4   Section        0  scd.o(i.cz_atol)
    cz_atol                                  0x00000bf5   Thumb Code    14  scd.o(i.cz_atol)
    i.delay_ms                               0x00000c04   Section        0  delay.o(i.delay_ms)
    i.main                                   0x00000c1c   Section        0  main.o(i.main)
    i.scd_init_1                             0x00000d10   Section        0  scd_reg.o(i.scd_init_1)
    i.scd_send1Byte                          0x00000d74   Section        0  scd.o(i.scd_send1Byte)
    i.uart_ahb_init                          0x00000db0   Section        0  main.o(i.uart_ahb_init)
    .constdata                               0x00000e04   Section     1032  scd.o(.constdata)
    .constdata                               0x0000120c   Section       72  scd_reg.o(.constdata)
    .conststring                             0x00001254   Section       32  scd.o(.conststring)
    .data                                    0x20000000   Section        8  system_cmsdk_cm0.o(.data)
    .data                                    0x20000008   Section       20  main.o(.data)
    .data                                    0x2000001c   Section       64  scd.o(.data)
    checkUint16Sum                           0x2000001c   Data           2  scd.o(.data)
    checkUint16Sum                           0x2000001e   Data           2  scd.o(.data)
    SCD_CMD_TAB                              0x20000020   Data          20  scd.o(.data)
    SCD_CMD_FCNS                             0x20000034   Data          20  scd.o(.data)
    SCD_PROTOCOL_FCNS                        0x20000048   Data          20  scd.o(.data)
    .data                                    0x2000005c   Section       16  scd_reg.o(.data)
    .bss                                     0x2000006c   Section      224  scd_reg.o(.bss)
    STACK                                    0x20000150   Section     2048  startup_cmsdk_cm0.o(STACK)

    Global Symbols

    Symbol Name                              Value     Ov Type        Size  Object(Section)

    BuildAttributes$$THM_ISAv3M$S$PE$A:L22$X:L11$S22$IEEE1$IW$USESV6$~STKCKD$USESV7$~SHL$OTIME$ROPI$EBA8$MICROLIB$REQ8$PRES8$EABIv2 0x00000000   Number         0  anon$$obj.o ABSOLUTE
    __ARM_use_no_argv                        0x00000000   Number         0  main.o ABSOLUTE
    __Vectors                                0x00000000   Data           4  startup_cmsdk_cm0.o(RESET)
    __arm_fini_                               - Undefined Weak Reference
    __cpp_initialize__aeabi_                  - Undefined Weak Reference
    __cxa_finalize                            - Undefined Weak Reference
    __decompress                              - Undefined Weak Reference
    _clock_init                               - Undefined Weak Reference
    _microlib_exit                            - Undefined Weak Reference
    __Vectors_End                            0x000000c0   Data           0  startup_cmsdk_cm0.o(RESET)
    __Vectors_Size                           0x000000c0   Number         0  startup_cmsdk_cm0.o ABSOLUTE
    __main                                   0x000000c1   Thumb Code     0  entry.o(.ARM.Collect$$$$00000000)
    _main_stk                                0x000000c1   Thumb Code     0  entry2.o(.ARM.Collect$$$$00000001)
    _main_scatterload                        0x000000c5   Thumb Code     0  entry5.o(.ARM.Collect$$$$00000004)
    __main_after_scatterload                 0x000000c9   Thumb Code     0  entry5.o(.ARM.Collect$$$$00000004)
    _main_clock                              0x000000c9   Thumb Code     0  entry7b.o(.ARM.Collect$$$$00000008)
    _main_cpp_init                           0x000000c9   Thumb Code     0  entry8b.o(.ARM.Collect$$$$0000000A)
    _main_init                               0x000000c9   Thumb Code     0  entry9a.o(.ARM.Collect$$$$0000000B)
    __rt_lib_shutdown_fini                   0x000000d1   Thumb Code     0  entry12b.o(.ARM.Collect$$$$0000000E)
    __rt_final_cpp                           0x000000d5   Thumb Code     0  entry10a.o(.ARM.Collect$$$$0000000F)
    __rt_final_exit                          0x000000d5   Thumb Code     0  entry11a.o(.ARM.Collect$$$$00000011)
    SysCtlDelay                              0x000000d9   Thumb Code     6  delay.o(.emb_text)
    Reset_Handler                            0x000000e1   Thumb Code    12  startup_cmsdk_cm0.o(.text)
    NMI_Handler                              0x000000ed   Thumb Code     2  startup_cmsdk_cm0.o(.text)
    HardFault_Handler                        0x000000ef   Thumb Code     2  startup_cmsdk_cm0.o(.text)
    SVC_Handler                              0x000000f1   Thumb Code     2  startup_cmsdk_cm0.o(.text)
    PendSV_Handler                           0x000000f3   Thumb Code     2  startup_cmsdk_cm0.o(.text)
    DMA_Handler                              0x000000f7   Thumb Code     0  startup_cmsdk_cm0.o(.text)
    DUALTIMER_HANDLER                        0x000000f7   Thumb Code     0  startup_cmsdk_cm0.o(.text)
    ETHERNET_Handler                         0x000000f7   Thumb Code     0  startup_cmsdk_cm0.o(.text)
    I2S_Handler                              0x000000f7   Thumb Code     0  startup_cmsdk_cm0.o(.text)
    PORT0_0_Handler                          0x000000f7   Thumb Code     0  startup_cmsdk_cm0.o(.text)
    PORT0_10_Handler                         0x000000f7   Thumb Code     0  startup_cmsdk_cm0.o(.text)
    PORT0_11_Handler                         0x000000f7   Thumb Code     0  startup_cmsdk_cm0.o(.text)
    PORT0_12_Handler                         0x000000f7   Thumb Code     0  startup_cmsdk_cm0.o(.text)
    PORT0_13_Handler                         0x000000f7   Thumb Code     0  startup_cmsdk_cm0.o(.text)
    PORT0_14_Handler                         0x000000f7   Thumb Code     0  startup_cmsdk_cm0.o(.text)
    PORT0_15_Handler                         0x000000f7   Thumb Code     0  startup_cmsdk_cm0.o(.text)
    PORT0_1_Handler                          0x000000f7   Thumb Code     0  startup_cmsdk_cm0.o(.text)
    PORT0_2_Handler                          0x000000f7   Thumb Code     0  startup_cmsdk_cm0.o(.text)
    PORT0_3_Handler                          0x000000f7   Thumb Code     0  startup_cmsdk_cm0.o(.text)
    PORT0_4_Handler                          0x000000f7   Thumb Code     0  startup_cmsdk_cm0.o(.text)
    PORT0_5_Handler                          0x000000f7   Thumb Code     0  startup_cmsdk_cm0.o(.text)
    PORT0_6_Handler                          0x000000f7   Thumb Code     0  startup_cmsdk_cm0.o(.text)
    PORT0_7_Handler                          0x000000f7   Thumb Code     0  startup_cmsdk_cm0.o(.text)
    PORT0_8_Handler                          0x000000f7   Thumb Code     0  startup_cmsdk_cm0.o(.text)
    PORT0_9_Handler                          0x000000f7   Thumb Code     0  startup_cmsdk_cm0.o(.text)
    PORT0_COMB_Handler                       0x000000f7   Thumb Code     0  startup_cmsdk_cm0.o(.text)
    PORT1_COMB_Handler                       0x000000f7   Thumb Code     0  startup_cmsdk_cm0.o(.text)
    SPI_ALL_Handler                          0x000000f7   Thumb Code     0  startup_cmsdk_cm0.o(.text)
    TIMER0_Handler                           0x000000f7   Thumb Code     0  startup_cmsdk_cm0.o(.text)
    TIMER1_Handler                           0x000000f7   Thumb Code     0  startup_cmsdk_cm0.o(.text)
    UARTOVF_Handler                          0x000000f7   Thumb Code     0  startup_cmsdk_cm0.o(.text)
    UARTRX0_Handler                          0x000000f7   Thumb Code     0  startup_cmsdk_cm0.o(.text)
    UARTRX1_Handler                          0x000000f7   Thumb Code     0  startup_cmsdk_cm0.o(.text)
    UARTRX2_Handler                          0x000000f7   Thumb Code     0  startup_cmsdk_cm0.o(.text)
    UARTTX0_Handler                          0x000000f7   Thumb Code     0  startup_cmsdk_cm0.o(.text)
    UARTTX1_Handler                          0x000000f7   Thumb Code     0  startup_cmsdk_cm0.o(.text)
    UARTTX2_Handler                          0x000000f7   Thumb Code     0  startup_cmsdk_cm0.o(.text)
    __aeabi_uidiv                            0x00000101   Thumb Code     0  uidiv.o(.text)
    __aeabi_uidivmod                         0x00000101   Thumb Code    44  uidiv.o(.text)
    __aeabi_fadd                             0x0000012d   Thumb Code   162  fadd.o(.text)
    __aeabi_fsub                             0x000001cf   Thumb Code     8  fadd.o(.text)
    __aeabi_frsub                            0x000001d7   Thumb Code     8  fadd.o(.text)
    __aeabi_fmul                             0x000001df   Thumb Code   122  fmul.o(.text)
    __aeabi_i2f                              0x00000259   Thumb Code    22  fflti.o(.text)
    __aeabi_ui2f                             0x0000026f   Thumb Code    14  ffltui.o(.text)
    __I$use$fp                               0x0000027d   Thumb Code     0  iusefp.o(.text)
    _float_round                             0x0000027d   Thumb Code    16  fepilogue.o(.text)
    _float_epilogue                          0x0000028d   Thumb Code   114  fepilogue.o(.text)
    __scatterload                            0x00000301   Thumb Code    28  init.o(.text)
    __scatterload_rt2                        0x00000301   Thumb Code     0  init.o(.text)
    DELAY_TICK                               0x00000325   Thumb Code    20  delay.o(i.DELAY_TICK)
    SCD_Rev1Byte                             0x000003ff   Thumb Code   118  scd.o(i.SCD_Rev1Byte)
    SysTick_Handler                          0x0000095d   Thumb Code    10  int_handlers.o(i.SysTick_Handler)
    SystemInit                               0x0000096d   Thumb Code    10  system_cmsdk_cm0.o(i.SystemInit)
    __scatterload_copy                       0x00000981   Thumb Code    14  handlers.o(i.__scatterload_copy)
    __scatterload_null                       0x0000098f   Thumb Code     2  handlers.o(i.__scatterload_null)
    __scatterload_zeroinit                   0x00000991   Thumb Code    14  handlers.o(i.__scatterload_zeroinit)
    delay_ms                                 0x00000c05   Thumb Code    20  delay.o(i.delay_ms)
    main                                     0x00000c1d   Thumb Code   210  main.o(i.main)
    scd_init_1                               0x00000d11   Thumb Code    82  scd_reg.o(i.scd_init_1)
    scd_send1Byte                            0x00000d75   Thumb Code    56  scd.o(i.scd_send1Byte)
    uart_ahb_init                            0x00000db1   Thumb Code    80  main.o(i.uart_ahb_init)
    cz_ctype                                 0x00000e0c   Data        1024  scd.o(.constdata)
    tyj_unit_struct_1                        0x0000120c   Data          72  scd_reg.o(.constdata)
    Region$$Table$$Base                      0x00001274   Number         0  anon$$obj.o(Region$$Table)
    Region$$Table$$Limit                     0x00001294   Number         0  anon$$obj.o(Region$$Table)
    SystemFrequency                          0x20000000   Data           4  system_cmsdk_cm0.o(.data)
    SystemCoreClock                          0x20000004   Data           4  system_cmsdk_cm0.o(.data)
    test1                                    0x20000008   Data           2  main.o(.data)
    test2                                    0x2000000a   Data           2  main.o(.data)
    test3                                    0x2000000c   Data           2  main.o(.data)
    test4                                    0x2000000e   Data           2  main.o(.data)
    test1r                                   0x20000010   Data           2  main.o(.data)
    test2r                                   0x20000012   Data           2  main.o(.data)
    test3r                                   0x20000014   Data           2  main.o(.data)
    test4r                                   0x20000016   Data           2  main.o(.data)
    ms_cnt                                   0x20000018   Data           4  main.o(.data)
    endBuff1_1                               0x2000005c   Data           4  scd_reg.o(.data)
    endBuff3_1                               0x20000060   Data           4  scd_reg.o(.data)
    endBuff2_1                               0x20000064   Data           8  scd_reg.o(.data)
    recBuff_1                                0x2000006c   Data          80  scd_reg.o(.bss)
    printBuff_1                              0x200000bc   Data          40  scd_reg.o(.bss)
    scd_1                                    0x200000e4   Data         104  scd_reg.o(.bss)
    __initial_sp                             0x20000950   Data           0  startup_cmsdk_cm0.o(STACK)



==============================================================================

Memory Map of the image

  Image Entry point : 0x000000c1

  Load Region LR_IROM1 (Base: 0x00000000, Size: 0x00001300, Max: 0x00004000, ABSOLUTE)

    Execution Region ER_IROM1 (Exec base: 0x00000000, Load base: 0x00000000, Size: 0x00001294, Max: 0x00004000, ABSOLUTE)

    Exec Addr    Load Addr    Size         Type   Attr      Idx    E Section Name        Object

    0x00000000   0x00000000   0x000000c0   Data   RO           53    RESET               startup_cmsdk_cm0.o
    0x000000c0   0x000000c0   0x00000000   Code   RO          296  * .ARM.Collect$$$$00000000  mc_p.l(entry.o)
    0x000000c0   0x000000c0   0x00000004   Code   RO          309    .ARM.Collect$$$$00000001  mc_p.l(entry2.o)
    0x000000c4   0x000000c4   0x00000004   Code   RO          312    .ARM.Collect$$$$00000004  mc_p.l(entry5.o)
    0x000000c8   0x000000c8   0x00000000   Code   RO          314    .ARM.Collect$$$$00000008  mc_p.l(entry7b.o)
    0x000000c8   0x000000c8   0x00000000   Code   RO          316    .ARM.Collect$$$$0000000A  mc_p.l(entry8b.o)
    0x000000c8   0x000000c8   0x00000008   Code   RO          317    .ARM.Collect$$$$0000000B  mc_p.l(entry9a.o)
    0x000000d0   0x000000d0   0x00000004   Code   RO          324    .ARM.Collect$$$$0000000E  mc_p.l(entry12b.o)
    0x000000d4   0x000000d4   0x00000000   Code   RO          319    .ARM.Collect$$$$0000000F  mc_p.l(entry10a.o)
    0x000000d4   0x000000d4   0x00000000   Code   RO          321    .ARM.Collect$$$$00000011  mc_p.l(entry11a.o)
    0x000000d4   0x000000d4   0x00000004   Code   RO          310    .ARM.Collect$$$$00002712  mc_p.l(entry2.o)
    0x000000d8   0x000000d8   0x00000006   Code   RO           60    .emb_text           delay.o
    0x000000de   0x000000de   0x00000002   PAD
    0x000000e0   0x000000e0   0x00000020   Code   RO           54    .text               startup_cmsdk_cm0.o
    0x00000100   0x00000100   0x0000002c   Code   RO          299    .text               mc_p.l(uidiv.o)
    0x0000012c   0x0000012c   0x000000b2   Code   RO          301    .text               mf_p.l(fadd.o)
    0x000001de   0x000001de   0x0000007a   Code   RO          303    .text               mf_p.l(fmul.o)
    0x00000258   0x00000258   0x00000016   Code   RO          305    .text               mf_p.l(fflti.o)
    0x0000026e   0x0000026e   0x0000000e   Code   RO          307    .text               mf_p.l(ffltui.o)
    0x0000027c   0x0000027c   0x00000000   Code   RO          325    .text               mc_p.l(iusefp.o)
    0x0000027c   0x0000027c   0x00000082   Code   RO          326    .text               mf_p.l(fepilogue.o)
    0x000002fe   0x000002fe   0x00000002   PAD
    0x00000300   0x00000300   0x00000024   Code   RO          328    .text               mc_p.l(init.o)
    0x00000324   0x00000324   0x00000014   Code   RO           61    i.DELAY_TICK        delay.o
    0x00000338   0x00000338   0x0000001e   Code   RO          172    i.SCD_CMD_CALL      scd.o
    0x00000356   0x00000356   0x00000014   Code   RO          173    i.SCD_CMD_CHG       scd.o
    0x0000036a   0x0000036a   0x00000016   Code   RO          174    i.SCD_CMD_CONF      scd.o
    0x00000380   0x00000380   0x00000024   Code   RO          175    i.SCD_CMD_DUMP      scd.o
    0x000003a4   0x000003a4   0x0000005a   Code   RO          176    i.SCD_CMD_SET       scd.o
    0x000003fe   0x000003fe   0x00000076   Code   RO          177    i.SCD_Rev1Byte      scd.o
    0x00000474   0x00000474   0x000000e8   Code   RO          178    i.SCD_cmd_handle    scd.o
    0x0000055c   0x0000055c   0x00000012   Code   RO          179    i.SCO_DEBUG         scd.o
    0x0000056e   0x0000056e   0x00000002   PAD
    0x00000570   0x00000570   0x00000174   Code   RO          180    i.SCO_DUMP          scd.o
    0x000006e4   0x000006e4   0x00000072   Code   RO          181    i.SCO_PRINT         scd.o
    0x00000756   0x00000756   0x00000002   PAD
    0x00000758   0x00000758   0x00000104   Code   RO          182    i.SCO_VAR           scd.o
    0x0000085c   0x0000085c   0x00000100   Code   RO          183    i.SCO_get           scd.o
    0x0000095c   0x0000095c   0x00000010   Code   RO          101    i.SysTick_Handler   int_handlers.o
    0x0000096c   0x0000096c   0x00000014   Code   RO            4    i.SystemInit        system_cmsdk_cm0.o
    0x00000980   0x00000980   0x0000000e   Code   RO          332    i.__scatterload_copy  mc_p.l(handlers.o)
    0x0000098e   0x0000098e   0x00000002   Code   RO          333    i.__scatterload_null  mc_p.l(handlers.o)
    0x00000990   0x00000990   0x0000000e   Code   RO          334    i.__scatterload_zeroinit  mc_p.l(handlers.o)
    0x0000099e   0x0000099e   0x00000002   PAD
    0x000009a0   0x000009a0   0x00000030   Code   RO          184    i._atof_pow10       scd.o
    0x000009d0   0x000009d0   0x00000178   Code   RO          185    i._cz_strtoxl       scd.o
    0x00000b48   0x00000b48   0x000000ac   Code   RO          186    i.atof_tyj          scd.o
    0x00000bf4   0x00000bf4   0x0000000e   Code   RO          187    i.cz_atol           scd.o
    0x00000c02   0x00000c02   0x00000002   PAD
    0x00000c04   0x00000c04   0x00000018   Code   RO           62    i.delay_ms          delay.o
    0x00000c1c   0x00000c1c   0x000000f4   Code   RO          129    i.main              main.o
    0x00000d10   0x00000d10   0x00000064   Code   RO          276    i.scd_init_1        scd_reg.o
    0x00000d74   0x00000d74   0x0000003c   Code   RO          189    i.scd_send1Byte     scd.o
    0x00000db0   0x00000db0   0x00000054   Code   RO          130    i.uart_ahb_init     main.o
    0x00000e04   0x00000e04   0x00000408   Data   RO          190    .constdata          scd.o
    0x0000120c   0x0000120c   0x00000048   Data   RO          278    .constdata          scd_reg.o
    0x00001254   0x00001254   0x00000020   Data   RO          191    .conststring        scd.o
    0x00001274   0x00001274   0x00000020   Data   RO          330    Region$$Table       anon$$obj.o


    Execution Region RW_IRAM1 (Exec base: 0x20000000, Load base: 0x00001294, Size: 0x00000950, Max: 0x00004000, ABSOLUTE)

    Exec Addr    Load Addr    Size         Type   Attr      Idx    E Section Name        Object

    0x20000000   0x00001294   0x00000008   Data   RW            5    .data               system_cmsdk_cm0.o
    0x20000008   0x0000129c   0x00000014   Data   RW          132    .data               main.o
    0x2000001c   0x000012b0   0x00000040   Data   RW          192    .data               scd.o
    0x2000005c   0x000012f0   0x00000010   Data   RW          279    .data               scd_reg.o
    0x2000006c        -       0x000000e0   Zero   RW          277    .bss                scd_reg.o
    0x2000014c   0x00001300   0x00000004   PAD
    0x20000150        -       0x00000800   Zero   RW           51    STACK               startup_cmsdk_cm0.o


==============================================================================

Image component sizes


      Code (inc. data)   RO Data    RW Data    ZI Data      Debug   Object Name

        50          4          0          0          0      31840   delay.o
        16          6          0          0          0       1690   int_handlers.o
       328         38          0         20          0       7719   main.o
      2238         58       1064         64          0      15890   scd.o
       100         18         72         16        224       4414   scd_reg.o
        32          8        192          0       2048        600   startup_cmsdk_cm0.o
        20         10          0          8          0       5231   system_cmsdk_cm0.o

    ----------------------------------------------------------------------
      2792        142       1360        108       2276      67384   Object Totals
         0          0         32          0          0          0   (incl. Generated)
         8          0          0          0          4          0   (incl. Padding)

    ----------------------------------------------------------------------

      Code (inc. data)   RO Data    RW Data    ZI Data      Debug   Library Member Name

         0          0          0          0          0          0   entry.o
         0          0          0          0          0          0   entry10a.o
         0          0          0          0          0          0   entry11a.o
         4          0          0          0          0          0   entry12b.o
         8          4          0          0          0          0   entry2.o
         4          0          0          0          0          0   entry5.o
         0          0          0          0          0          0   entry7b.o
         0          0          0          0          0          0   entry8b.o
         8          4          0          0          0          0   entry9a.o
        30          0          0          0          0          0   handlers.o
        36          8          0          0          0         68   init.o
         0          0          0          0          0          0   iusefp.o
        44          0          0          0          0         72   uidiv.o
       178          0          0          0          0        108   fadd.o
       130          0          0          0          0        144   fepilogue.o
        22          0          0          0          0         68   fflti.o
        14          0          0          0          0         68   ffltui.o
       122          0          0          0          0         72   fmul.o

    ----------------------------------------------------------------------
       604         16          0          0          0        600   Library Totals
         4          0          0          0          0          0   (incl. Padding)

    ----------------------------------------------------------------------

      Code (inc. data)   RO Data    RW Data    ZI Data      Debug   Library Name

       134         16          0          0          0        140   mc_p.l
       466          0          0          0          0        460   mf_p.l

    ----------------------------------------------------------------------
       604         16          0          0          0        600   Library Totals

    ----------------------------------------------------------------------

==============================================================================


      Code (inc. data)   RO Data    RW Data    ZI Data      Debug   

      3396        158       1360        108       2276      66852   Grand Totals
      3396        158       1360        108       2276      66852   ELF Image Totals
      3396        158       1360        108          0          0   ROM Totals

==============================================================================

    Total RO  Size (Code + RO Data)                 4756 (   4.64kB)
    Total RW  Size (RW Data + ZI Data)              2384 (   2.33kB)
    Total ROM Size (Code + RO Data + RW Data)       4864 (   4.75kB)

==============================================================================

