
######################oOOOo###########oOOOo##########################
#  HqFpga(TM) Release V2.14.4 (Winter 2023) Build 021824
#  [网表报告]
#####################################################################
日期 : Wed Mar 20 00:12:49 2024

Library U_SYN
+----------------+------+
| Cell 名称      | 数量 |
+----------------+------+
| xsPLLSA        |    1 |
| xsMULT18       |    4 |
| xsALU54        |    2 |
| xsBRAM16KTD    |   16 |
| xsXORCY        |  204 |
| xsMUXCY        |  440 |
| xsMUXF7        |   37 |
| xsMUXF8        |   16 |
| xsLROM32X1     |    8 |
| xsIOBI         |    4 |
| xsIOBO         |   44 |
| xsIOBB         |    1 |
| xsDFFSA_K1     |  144 |
| xsDFFSA_K1C1   |  233 |
| xsDFFSA_K1P1   |   69 |
| xsDFFSA_K1C1E1 |  559 |
| xsDFFSA_K1P1E1 |    8 |
| xsDFFSA_K1S1   |   36 |
| xsDFFSA_K1E1   |  801 |
| xsLUTSA5       |  710 |
| xsLUTSA6       | 2447 |
| xsLUTSA3       |  423 |
| xsLUTSA4       |  419 |
| xsLUTSA2       |  385 |
| xsINVSA        |   33 |
| BUF            |   18 |
+----------------+------+
| Sum            | 7062 |
+----------------+------+

Library work
+-----------+------+
| Cell 名称 | 数量 |
+-----------+------+
| top       |    1 |
+-----------+------+
| Sum       |    1 |
+-----------+------+

##########oOOOo###########oOOOo##############
#  HqFpga(TM) Release V2.14.4 (Winter 2023) Build 021824
#  [资源利用率报告]
#############################################
日期 : Wed Mar 20 00:12:49 2024
器件 : SA5Z-30-D1-8U213C

** 资源利用情况  ** 
+----------------------+--------------+----------+---------------+
| 资源类型             | 资源使用数目 | 资源总数 | 资源占用率(%) |
+----------------------+--------------+----------+---------------+
| 输入输出块           |           49 |      175 |          28 % |
| 查找表               |         4392 |    20416 |          21 % |
| 触发器/锁存器        |         1850 |    40832 |           4 % |
| 块存储器(9K单位)     |           32 |      138 |          23 % |
|  +- RAM18K           |           16 |       -- |            -- |
| 乘法器               |            4 |       46 |           8 % |
|  +- 18位乘法器       |            4 |       -- |            -- |
| 算术逻辑单元         |            2 |       23 |           8 % |
|  +- 54位算术逻辑单元 |            2 |       -- |            -- |
| PLL                  |            1 |        2 |          50 % |
+----------------------+--------------+----------+---------------+
