
######################oOOOo###########oOOOo##########################
#  HqFpga(TM) Release V2.14.4 (Winter 2023) Build 021824
#  [网表报告]
#####################################################################
日期 : Wed Mar 20 00:13:13 2024

Library U_ARCH
+-----------+------+
| Cell 名称 | 数量 |
+-----------+------+
| PIO       |   49 |
| IOLOGIC   |    5 |
| EBR18     |   16 |
| PLL_25K   |    1 |
| MULT18    |    4 |
| ALU54     |    2 |
| SLICEL    | 1471 |
+-----------+------+
| Sum       | 1548 |
+-----------+------+

Library work
+-----------+------+
| Cell 名称 | 数量 |
+-----------+------+
| top       |    1 |
+-----------+------+
| Sum       |    1 |
+-----------+------+

##########oOOOo###########oOOOo##############
#  HqFpga(TM) Release V2.14.4 (Winter 2023) Build 021824
#  [资源利用率报告]
#############################################
日期 : Wed Mar 20 00:13:13 2024
器件 : SA5Z-30-D1-8U213C

** 资源利用情况  ** 
+----------------------+--------------+----------+---------------+
| 资源类型             | 资源使用数目 | 资源总数 | 资源占用率(%) |
+----------------------+--------------+----------+---------------+
| PIO                  |           49 |      175 |          28 % |
| SLICE                |         1471 |     5104 |          28 % |
| IOLOGIC              |            5 |      175 |           2 % |
| 块存储器(9K单位)     |           32 |      138 |          23 % |
|  +- RAM18K           |           16 |       -- |            -- |
| 乘法器               |            4 |       46 |           8 % |
|  +- 18位乘法器       |            4 |       -- |            -- |
| 算术逻辑单元         |            2 |       23 |           8 % |
|  +- 54位算术逻辑单元 |            2 |       -- |            -- |
| PLL                  |            1 |        2 |          50 % |
+----------------------+--------------+----------+---------------+
