
######################oOOOo###########oOOOo##########################
#  HqFpga(TM) Release V2.14.4 (Winter 2023) Build 021824
#  [网表报告]
#####################################################################
日期 : Tue Mar 19 14:45:15 2024

Library U_SYN
+----------------+------+
| Cell 名称      | 数量 |
+----------------+------+
| xsPLLSA        |    1 |
| xsMULT18       |    4 |
| xsALU54        |    2 |
| xsBRAM16KTD    |   16 |
| xsXORCY        |  174 |
| xsMUXCY        |  401 |
| xsMUXF7        |   21 |
| xsMUXF8        |    8 |
| xsLROM32X1     |    8 |
| xsIOBI         |    3 |
| xsIOBO         |   44 |
| xsIOBB         |    1 |
| xsDFFSA_K1     |  144 |
| xsDFFSA_K1C1   |  190 |
| xsDFFSA_K1P1   |   67 |
| xsDFFSA_K1C1E1 |  249 |
| xsDFFSA_K1S1   |   36 |
| xsDFFSA_K1E1   |  801 |
| xsLUTSA5       |  709 |
| xsLUTSA6       | 2280 |
| xsLUTSA3       |  355 |
| xsLUTSA4       |  447 |
| xsLUTSA2       |  370 |
| xsINVSA        |   33 |
| BUF            |   20 |
+----------------+------+
| Sum            | 6384 |
+----------------+------+

Library work
+-----------+------+
| Cell 名称 | 数量 |
+-----------+------+
| top       |    1 |
+-----------+------+
| Sum       |    1 |
+-----------+------+

##########oOOOo###########oOOOo##############
#  HqFpga(TM) Release V2.14.4 (Winter 2023) Build 021824
#  [资源利用率报告]
#############################################
日期 : Tue Mar 19 14:45:15 2024
器件 : SA5Z-30-D1-8U213C

** 资源利用情况  ** 
+----------------------+--------------+----------+---------------+
| 资源类型             | 资源使用数目 | 资源总数 | 资源占用率(%) |
+----------------------+--------------+----------+---------------+
| 输入输出块           |           48 |      175 |          27 % |
| 查找表               |         4169 |    20416 |          20 % |
| 触发器/锁存器        |         1487 |    40832 |           3 % |
| 块存储器(9K单位)     |           32 |      138 |          23 % |
|  +- RAM18K           |           16 |       -- |            -- |
| 乘法器               |            4 |       46 |           8 % |
|  +- 18位乘法器       |            4 |       -- |            -- |
| 算术逻辑单元         |            2 |       23 |           8 % |
|  +- 54位算术逻辑单元 |            2 |       -- |            -- |
| PLL                  |            1 |        2 |          50 % |
+----------------------+--------------+----------+---------------+
