
######################oOOOo###########oOOOo##########################
#  HqFpga(TM) Release V2.14.4 (Winter 2023) Build 021824
#  [网表报告]
#####################################################################
日期 : Wed Mar 20 00:22:59 2024

Library U_ARCH
+-----------+------+
| Cell 名称 | 数量 |
+-----------+------+
| PIO       |   49 |
| IOLOGIC   |    5 |
| EBR18     |   16 |
| PLL_25K   |    1 |
| MULT18    |    4 |
| ALU54     |    2 |
| SLICEL    | 1471 |
| TIEOFF    |  255 |
+-----------+------+
| Sum       | 1803 |
+-----------+------+

Library work
+-----------+------+
| Cell 名称 | 数量 |
+-----------+------+
| top       |    1 |
+-----------+------+
| Sum       |    1 |
+-----------+------+

** Routing resource usage summary **
===========================================
Wire Type      Number    Total       Ratio     
-------------------------------------------
X1V            9229      44212       20.9%
X2V            5148      25264       20.4%
X6V            3476      25264       13.8%
X1H            9157      50528       18.1%
X2H            14360     75792       18.9%
X6H            6798      50528       13.5%
LH             780       6316        12.3%
LV             565       6316         8.9%
LB             576       6316         9.1%
===========================================
