<html>
<body>
<pre>
<h1>µVision Build Log</h1>
<h2>Tool Versions:</h2>
IDE-Version: ¦ÌVision V5.36.0.0
Copyright (C) 2021 ARM Ltd and ARM Germany GmbH. All rights reserved.
License Information: 1 1, 1, LIC=CZLZX-HAHJP-X7ERZ-JWNUA-2KWDD-29BKC
 
Tool Versions:
Toolchain:       MDK-ARM Plus  Version: 5.36.0.0
Toolchain Path:  C:\Keil_v5\ARM\ARMCC\Bin
C Compiler:      Armcc.exe V5.06 update 7 (build 960)
Assembler:       Armasm.exe V5.06 update 7 (build 960)
Linker/Locator:  ArmLink.exe V5.06 update 7 (build 960)
Library Manager: ArmAr.exe V5.06 update 7 (build 960)
Hex Converter:   FromElf.exe V5.06 update 7 (build 960)
CPU DLL:         SARMCM3.DLL V5.36.0.0
Dialog DLL:      DARMCM1.DLL V1.19.4.0
Target DLL:      CMSIS_AGDI.dll V1.33.0.0
Dialog DLL:      TARMCM1.DLL V1.14.4.0
 
<h2>Project:</h2>
D:\fpga\ac208\workspace\cm0test\keil_cm0_prj\cm0_keil1.uvprojx
Project File Date:  03/19/2024

<h2>Output:</h2>
*** Using Compiler 'V5.06 update 7 (build 960)', folder: 'C:\Keil_v5\ARM\ARMCC\Bin'
Build target 'uart_test'
compiling main.c...
src\main.c(16): warning:  #1081-D: conversion from integer to smaller pointer
      AHB_UART->cmd.all = 0;
src\main.c(20): warning:  #1081-D: conversion from integer to smaller pointer
      AHB_UART->buad_div_2 = (SystemCoreClock / (115200ul * 2ul)) - 1;
src\main.c(25): warning:  #1081-D: conversion from integer to smaller pointer
      AHB_UART->cmd.all = 1;
src\main.c(52): warning:  #1081-D: conversion from integer to smaller pointer
      test3 = AHB_UART->buad_div_2;
src\main.c: 4 warnings, 0 errors
linking...
Program Size: Code=592 RO-data=296 RW-data=48 ZI-data=2272  
".\Objects\cm0_keil1.axf" - 0 Error(s), 4 Warning(s).

<h2>Software Packages used:</h2>

Package Vendor: ARM
                http://www.keil.com/pack/ARM.CMSIS.5.8.0.pack
                ARM.CMSIS.5.8.0
                CMSIS (Common Microcontroller Software Interface Standard)

<h2>Collection of Component include folders:</h2>
  C:\Users\t\AppData\Local\Arm\Packs\ARM\CMSIS\5.8.0\Device\ARM\ARMCM0\Include

<h2>Collection of Component Files used:</h2>
Build Time Elapsed:  00:00:01
</pre>
</body>
</html>
