
######################oOOOo###########oOOOo##########################
#  HqFpga(TM) Release V2.14.4 (Winter 2023) Build 021824
#  [网表报告]
#####################################################################
日期 : Tue Jul 30 00:20:08 2024

Library U_ARCH
+-----------+------+
| Cell 名称 | 数量 |
+-----------+------+
| PIO       |   95 |
| IOLOGIC   |   65 |
| PLL_25K   |    1 |
| CM3       |    1 |
| SLICEL    |  263 |
| TIEOFF    |   74 |
+-----------+------+
| Sum       |  499 |
+-----------+------+

Library work
+-----------+------+
| Cell 名称 | 数量 |
+-----------+------+
| top       |    1 |
+-----------+------+
| Sum       |    1 |
+-----------+------+

** Routing resource usage summary **
===========================================
Wire Type      Number    Total       Ratio     
-------------------------------------------
X1V            1149      44212        2.6%
X2V            566       25264        2.2%
X6V            367       25264        1.5%
X1H            999       50528        2.0%
X2H            1229      75792        1.6%
X6H            496       50528        1.0%
LH             70        6316         1.1%
LV             279       6316         4.4%
LB             428       6316         6.8%
===========================================
