
######################oOOOo###########oOOOo##########################
#  HqFpga(TM) Release V2.14.4 (Winter 2023) Build 021824
#  [网表报告]
#####################################################################
日期 : Tue Jul 30 00:19:53 2024

Library U_SYN
+----------------+------+
| Cell 名称      | 数量 |
+----------------+------+
| xsIOBB         |   53 |
| xsCM3          |    1 |
| xsPLLSA        |    1 |
| xsXORCY        |   89 |
| xsMUXCY        |  103 |
| xsMUXF7        |   54 |
| xsLROM32X1     |    8 |
| xsMUXF8        |    8 |
| xsIOBI         |    3 |
| xsIOBO         |   39 |
| xsDFFSA_K1     |    2 |
| xsDFFSA_K1C1E1 |  371 |
| xsDFFSA_K1P1E1 |   50 |
| xsDFFSA_K1C1   |  124 |
| xsDFFSA_K1P1   |   10 |
| xsLUTSA2       |   58 |
| xsLUTSA6       |  139 |
| xsLUTSA5       |   60 |
| xsLUTSA3       |  109 |
| xsLUTSA4       |   96 |
| xsINVSA        |   25 |
+----------------+------+
| Sum            | 1403 |
+----------------+------+

Library work
+-----------+------+
| Cell 名称 | 数量 |
+-----------+------+
| top       |    1 |
+-----------+------+
| Sum       |    1 |
+-----------+------+

##########oOOOo###########oOOOo##############
#  HqFpga(TM) Release V2.14.4 (Winter 2023) Build 021824
#  [资源利用率报告]
#############################################
日期 : Tue Jul 30 00:19:53 2024
器件 : SA5Z-30-D1-8U213C

** 资源利用情况  ** 
+---------------+--------------+----------+---------------+
| 资源类型      | 资源使用数目 | 资源总数 | 资源占用率(%) |
+---------------+--------------+----------+---------------+
| 输入输出块    |           95 |      175 |          54 % |
| 查找表        |          470 |    20416 |           2 % |
| 触发器/锁存器 |          557 |    40832 |           1 % |
| PLL           |            1 |        2 |          50 % |
+---------------+--------------+----------+---------------+
