
######################oOOOo###########oOOOo##########################
#  HqFpga(TM) Release V3.0.3 (Winter 2023) Build 021824
#  [Netlist Report]
#####################################################################
Date   : Sat Feb 24 01:11:20 2024

Library U_SYN
+-----------+-------+
| Cell Name | Count |
+-----------+-------+
| xsCM3     |     1 |
| xsIOBI    |     4 |
| xsIOBO    |    45 |
| xsIOBB    |     1 |
+-----------+-------+
| Sum       |    51 |
+-----------+-------+

Library work
+-----------+-------+
| Cell Name | Count |
+-----------+-------+
| top       |     1 |
+-----------+-------+
| Sum       |     1 |
+-----------+-------+

##########oOOOo###########oOOOo##############
#  HqFpga(TM) Release V3.0.3 (Winter 2023) Build 021824
#  [Resource Utilization Report]
#############################################
Date   : Sat Feb 24 01:11:20 2024
Device : SA5Z-30-D1-8U213C

** Device Utilization Summary  ** 
+---------------+------+-----------+----------+
| Resource Type | Used | Available | Ratio(%) |
+---------------+------+-----------+----------+
| PIO           |   50 |       175 |     28 % |
+---------------+------+-----------+----------+
