
######################oOOOo###########oOOOo##########################
#  HqFpga(TM) Release V3.0.3 (Winter 2023) Build 021824
#  [Netlist Report]
#####################################################################
Date   : Sat Feb 24 01:11:26 2024

Library U_ARCH
+-----------+-------+
| Cell Name | Count |
+-----------+-------+
| PIO       |    50 |
| CM3       |     1 |
| TIEOFF    |    35 |
+-----------+-------+
| Sum       |    86 |
+-----------+-------+

Library work
+-----------+-------+
| Cell Name | Count |
+-----------+-------+
| top       |     1 |
+-----------+-------+
| Sum       |     1 |
+-----------+-------+

** Routing resource usage summary **
===========================================
Wire Type      Number    Total       Ratio     
-------------------------------------------
X1V            2         44212        0.0%
X2V            1         25264        0.0%
X6V            13        25264        0.1%
X1H            3         50528        0.0%
X2H            10        75792        0.0%
X6H            19        50528        0.0%
LH             7         6316         0.1%
LV             4         6316         0.1%
LB             7         6316         0.1%
===========================================
