
######################oOOOo###########oOOOo##########################
#  HqFpga(TM) Release V2.14.4 (Winter 2023) Build 021824
#  [网表报告]
#####################################################################
日期 : Tue Feb 27 01:28:19 2024

Library U_ARCH
+-----------+------+
| Cell 名称 | 数量 |
+-----------+------+
| PIO       |   53 |
| IOLOGIC   |   10 |
| PLL_25K   |    1 |
| CM3       |    1 |
| SLICEL    |  255 |
| TIEOFF    |   64 |
+-----------+------+
| Sum       |  384 |
+-----------+------+

Library work
+-----------+------+
| Cell 名称 | 数量 |
+-----------+------+
| top       |    1 |
+-----------+------+
| Sum       |    1 |
+-----------+------+

** Routing resource usage summary **
===========================================
Wire Type      Number    Total       Ratio     
-------------------------------------------
X1V            999       44212        2.3%
X2V            512       25264        2.0%
X6V            146       25264        0.6%
X1H            836       50528        1.7%
X2H            975       75792        1.3%
X6H            194       50528        0.4%
LH             26        6316         0.4%
LV             42        6316         0.7%
LB             75        6316         1.2%
===========================================
