
######################oOOOo###########oOOOo##########################
#  HqFpga(TM) Release V2.14.4 (Winter 2023) Build 021824
#  [网表报告]
#####################################################################
日期 : Mon Feb 26 00:57:19 2024

Library U_ARCH
+-----------+------+
| Cell 名称 | 数量 |
+-----------+------+
| PIO       |   68 |
| IOLOGIC   |   48 |
| PLL_25K   |    1 |
| CM3       |    1 |
| SLICEL    |  111 |
| TIEOFF    |   53 |
+-----------+------+
| Sum       |  282 |
+-----------+------+

Library work
+-----------+------+
| Cell 名称 | 数量 |
+-----------+------+
| top       |    1 |
+-----------+------+
| Sum       |    1 |
+-----------+------+

** Routing resource usage summary **
===========================================
Wire Type      Number    Total       Ratio     
-------------------------------------------
X1V            473       44212        1.1%
X2V            243       25264        1.0%
X6V            110       25264        0.4%
X1H            369       50528        0.7%
X2H            497       75792        0.7%
X6H            190       50528        0.4%
LH             32        6316         0.5%
LV             125       6316         2.0%
LB             234       6316         3.7%
===========================================
