
######################oOOOo###########oOOOo##########################
#  HqFpga(TM) Release V2.14.4 (Winter 2023) Build 021824
#  [网表报告]
#####################################################################
日期 : Sun Feb 25 16:20:33 2024

Library U_SYN
+----------------+------+
| Cell 名称      | 数量 |
+----------------+------+
| xsCM3          |    1 |
| xsPLLSA        |    1 |
| xsXORCY        |   23 |
| xsMUXCY        |   22 |
| xsIOBI         |    5 |
| xsIOBO         |   45 |
| xsIOBB         |   17 |
| xsDFFSA_K1C1E1 |   57 |
| xsDFFSA_K1P1E1 |    2 |
| xsDFFSA_K1C1   |   34 |
| xsDFFSA_K1P1   |    9 |
| xsLUTSA2       |   27 |
| xsLUTSA6       |   19 |
| xsLUTSA4       |    7 |
| xsLUTSA5       |    7 |
| xsLUTSA3       |   38 |
| xsINVSA        |    2 |
+----------------+------+
| Sum            |  316 |
+----------------+------+

Library work
+-----------+------+
| Cell 名称 | 数量 |
+-----------+------+
| top       |    1 |
+-----------+------+
| Sum       |    1 |
+-----------+------+

##########oOOOo###########oOOOo##############
#  HqFpga(TM) Release V2.14.4 (Winter 2023) Build 021824
#  [资源利用率报告]
#############################################
日期 : Sun Feb 25 16:20:33 2024
器件 : SA5Z-30-D1-8U213C

** 资源利用情况  ** 
+---------------+--------------+----------+---------------+
| 资源类型      | 资源使用数目 | 资源总数 | 资源占用率(%) |
+---------------+--------------+----------+---------------+
| 输入输出块    |           67 |      175 |          38 % |
| 查找表        |           98 |    20416 |           1 % |
| 触发器/锁存器 |          102 |    40832 |           1 % |
| PLL           |            1 |        2 |          50 % |
+---------------+--------------+----------+---------------+
