
######################oOOOo###########oOOOo##########################
#  HqFpga(TM) Release V2.14.4 (Winter 2023) Build 021824
#  [网表报告]
#####################################################################
日期 : Sun Feb 25 16:20:42 2024

Library U_ARCH
+-----------+------+
| Cell 名称 | 数量 |
+-----------+------+
| PIO       |   67 |
| IOLOGIC   |   45 |
| PLL_25K   |    1 |
| CM3       |    1 |
| SLICEL    |   25 |
| TIEOFF    |   29 |
+-----------+------+
| Sum       |  168 |
+-----------+------+

Library work
+-----------+------+
| Cell 名称 | 数量 |
+-----------+------+
| top       |    1 |
+-----------+------+
| Sum       |    1 |
+-----------+------+

** Routing resource usage summary **
===========================================
Wire Type      Number    Total       Ratio     
-------------------------------------------
X1V            239       44212        0.5%
X2V            125       25264        0.5%
X6V            88        25264        0.3%
X1H            167       50528        0.3%
X2H            239       75792        0.3%
X6H            123       50528        0.2%
LH             23        6316         0.4%
LV             118       6316         1.9%
LB             196       6316         3.1%
===========================================
