
######################oOOOo###########oOOOo##########################
#  HqFpga(TM) Release V2.14.4 (Winter 2023) Build 021824
#  [网表报告]
#####################################################################
日期 : Mon Feb 26 00:57:10 2024

Library U_SYN
+----------------+------+
| Cell 名称      | 数量 |
+----------------+------+
| xsCM3          |    1 |
| xsPLLSA        |    1 |
| xsXORCY        |   37 |
| xsMUXCY        |   37 |
| xsMUXF7        |   37 |
| xsLROM32X1     |    8 |
| xsIOBI         |    6 |
| xsIOBO         |   45 |
| xsIOBB         |   17 |
| xsDFFSA_K1C1E1 |  167 |
| xsDFFSA_K1P1E1 |    2 |
| xsDFFSA_K1C1   |   56 |
| xsDFFSA_K1P1   |    9 |
| xsLUTSA2       |   31 |
| xsLUTSA3       |   72 |
| xsLUTSA4       |   61 |
| xsLUTSA5       |   21 |
| xsLUTSA6       |   41 |
| xsINVSA        |    6 |
+----------------+------+
| Sum            |  655 |
+----------------+------+

Library work
+-----------+------+
| Cell 名称 | 数量 |
+-----------+------+
| top       |    1 |
+-----------+------+
| Sum       |    1 |
+-----------+------+

##########oOOOo###########oOOOo##############
#  HqFpga(TM) Release V2.14.4 (Winter 2023) Build 021824
#  [资源利用率报告]
#############################################
日期 : Mon Feb 26 00:57:10 2024
器件 : SA5Z-30-D1-8U213C

** 资源利用情况  ** 
+---------------+--------------+----------+---------------+
| 资源类型      | 资源使用数目 | 资源总数 | 资源占用率(%) |
+---------------+--------------+----------+---------------+
| 输入输出块    |           68 |      175 |          38 % |
| 查找表        |          234 |    20416 |           1 % |
| 触发器/锁存器 |          234 |    40832 |           1 % |
| PLL           |            1 |        2 |          50 % |
+---------------+--------------+----------+---------------+
