
######################oOOOo###########oOOOo##########################
#  HqFpga(TM) Release V2.14.4 (Winter 2023) Build 021824
#  [网表报告]
#####################################################################
日期 : Sat Feb 24 15:30:14 2024

Library U_SYN
+----------------+------+
| Cell 名称      | 数量 |
+----------------+------+
| xsCM3          |    1 |
| xsPLLSA        |    1 |
| xsXORCY        |   23 |
| xsMUXCY        |   22 |
| xsIOBI         |    5 |
| xsIOBO         |   45 |
| xsIOBB         |    1 |
| xsDFFSA_K1C1E1 |    1 |
| xsDFFSA_K1P1E1 |    3 |
| xsDFFSA_K1C1   |   24 |
| xsLUTSA2       |   24 |
| xsLUTSA6       |    2 |
| xsLUTSA4       |    3 |
| xsLUTSA5       |    1 |
| xsINVSA        |    1 |
+----------------+------+
| Sum            |  157 |
+----------------+------+

Library work
+-----------+------+
| Cell 名称 | 数量 |
+-----------+------+
| top       |    1 |
+-----------+------+
| Sum       |    1 |
+-----------+------+

##########oOOOo###########oOOOo##############
#  HqFpga(TM) Release V2.14.4 (Winter 2023) Build 021824
#  [资源利用率报告]
#############################################
日期 : Sat Feb 24 15:30:14 2024
器件 : SA5Z-30-D1-8U213C

** 资源利用情况  ** 
+---------------+--------------+----------+---------------+
| 资源类型      | 资源使用数目 | 资源总数 | 资源占用率(%) |
+---------------+--------------+----------+---------------+
| 输入输出块    |           51 |      175 |          29 % |
| 查找表        |           30 |    20416 |           1 % |
| 触发器/锁存器 |           28 |    40832 |           1 % |
| PLL           |            1 |        2 |          50 % |
+---------------+--------------+----------+---------------+
